******************************************************************************
                  TI ARM Linker PC v5.2.5                      
******************************************************************************
>> Linked Tue Oct 27 18:03:55 2015

OUTPUT FILE NAME:   <solarity.out>
ENTRY POINT SYMBOL: "_c_int00"  address: 00002445


MEMORY CONFIGURATION

         name            origin    length      used     unused   attr    fill
----------------------  --------  ---------  --------  --------  ----  --------
  FLASH                 00000000   00040000  00002706  0003d8fa  R  X
  FLASH_OTP             00200000   00004000  00000000  00004000  R  X
  SRAM                  20000000   00010000  0000030e  0000fcf2  RW X


SEGMENT ALLOCATION MAP

run origin  load origin   length   init length attrs members
----------  ----------- ---------- ----------- ----- -------
00000000    00000000    00002708   00002708    r-x
  00000000    00000000    00000144   00000144    r-- .intvecs
  00000144    00000144    00002482   00002482    r-x .text
  000025c8    000025c8    000000f8   000000f8    r-- .const
  000026c0    000026c0    00000048   00000048    r-- .cinit
20000000    20000000    00000110   00000000    rw-
  20000000    20000000    000000e4   00000000    rw- .vtable
  200000e4    200000e4    00000016   00000000    rw- .data
  200000fc    200000fc    00000014   00000000    rw- .bss
2000fe00    2000fe00    00000200   00000000    rw-
  2000fe00    2000fe00    00000200   00000000    rw- .stack


SECTION ALLOCATION MAP

 output                                  attributes/
section   page    origin      length       input sections
--------  ----  ----------  ----------   ----------------
.intvecs   0    00000000    00000144     
                  00000000    00000144     msp432_startup_ccs.obj (.intvecs)

.text      0    00000144    00002482     
                  00000144    00000b58     cs.obj (.text)
                  00000c9c    00000890     spi.obj (.text)
                  0000152c    00000488     gpio.obj (.text)
                  000019b4    000003f0     interrupt.obj (.text)
                  00001da4    00000208     main.obj (.text)
                  00001fac    000001d0     sysctl.obj (.text)
                  0000217c    000000d8     wdt_a.obj (.text)
                  00002254    0000009c     rtsv7M4_T_le_v4SPD16_eabi.lib : memcpy_t2.obj (.text)
                  000022f0    0000007a                                   : memset_t2.obj (.text)
                  0000236a    00000002     --HOLE-- [fill = 0]
                  0000236c    0000006c                                   : autoinit.obj (.text)
                  000023d8    0000006a                                   : copy_decompress_rle.obj (.text)
                  00002442    00000002     --HOLE-- [fill = 0]
                  00002444    00000050                                   : boot.obj (.text)
                  00002494    0000004c                                   : cpy_tbl.obj (.text)
                  000024e0    00000044                                   : exit.obj (.text)
                  00002524    0000003e     cpu.obj (.text)
                  00002562    00000002     --HOLE-- [fill = 0]
                  00002564    00000018     rtsv7M4_T_le_v4SPD16_eabi.lib : args_main.obj (.text)
                  0000257c    00000014                                   : _lock.obj (.text)
                  00002590    00000012     msp432_startup_ccs.obj (.text)
                  000025a2    0000000e     rtsv7M4_T_le_v4SPD16_eabi.lib : copy_decompress_none.obj (.text:decompress:none)
                  000025b0    0000000c                                   : copy_zero_init.obj (.text:decompress:ZI)
                  000025bc    00000006                                   : copy_decompress_rle.obj (.text:decompress:rle24)
                  000025c2    00000004                                   : pre_init.obj (.text)

.const     0    000025c8    000000f8     
                  000025c8    00000050     interrupt.obj (.const:g_pulRegs)
                  00002618    00000040     interrupt.obj (.const)
                  00002658    00000030     gpio.obj (.const:GPIO_PORT_TO_BASE)
                  00002688    0000001c     gpio.obj (.const)
                  000026a4    0000001c     main.obj (.const)

.cinit     0    000026c0    00000048     
                  000026c0    0000000f     (.cinit..data.load) [load image, compression = rle]
                  000026cf    00000001     --HOLE-- [fill = 0]
                  000026d0    0000000c     (__TI_handler_table)
                  000026dc    00000004     --HOLE-- [fill = 0]
                  000026e0    00000008     (.cinit..bss.load) [load image, compression = zero_init]
                  000026e8    00000008     (.cinit..vtable.load) [load image, compression = zero_init]
                  000026f0    00000018     (__TI_cinit_table)

.vtable    0    20000000    000000e4     UNINITIALIZED
                  20000000    000000e4     interrupt.obj (.vtable)

.data      0    200000e4    00000016     UNINITIALIZED
                  200000e4    00000008     rtsv7M4_T_le_v4SPD16_eabi.lib : _lock.obj (.data)
                  200000ec    00000008                                   : exit.obj (.data)
                  200000f4    00000004                                   : stkdepth_vars.obj (.data)
                  200000f8    00000002     main.obj (.data)

.bss       0    200000fc    00000014     UNINITIALIZED
                  200000fc    0000000c     (.common:RXData)
                  20000108    00000004     (.common:hfxtFreq)
                  2000010c    00000004     (.common:lfxtFreq)

.TI.persistent 
*          0    200000e4    00000000     UNINITIALIZED

.TI.noinit 
*          0    200000fc    00000000     UNINITIALIZED

.stack     0    2000fe00    00000200     UNINITIALIZED
                  2000fe00    00000200     --HOLE--


LINKER GENERATED COPY TABLES

__TI_cinit_table @ 000026f0 records: 3, size/record: 8, table size: 24
	.data: load addr=000026c0, load size=0000000f bytes, run addr=200000e4, run size=00000016 bytes, compression=rle
	.bss: load addr=000026e0, load size=00000008 bytes, run addr=200000fc, run size=00000014 bytes, compression=zero_init
	.vtable: load addr=000026e8, load size=00000008 bytes, run addr=20000000, run size=000000e4 bytes, compression=zero_init


LINKER GENERATED HANDLER TABLE

__TI_handler_table @ 000026d0 records: 3, size/record: 4, table size: 12
	index: 0, handler: __TI_zero_init
	index: 1, handler: __TI_decompress_rle24
	index: 2, handler: __TI_decompress_none


GLOBAL SYMBOLS: SORTED ALPHABETICALLY BY Name 

address   name                                       
-------   ----                                       
000024e1  C$$EXIT                                    
00002559  CPU_basepriGet                             
0000254b  CPU_basepriSet                             
00002525  CPU_cpsid                                  
0000253b  CPU_cpsie                                  
00002531  CPU_primask                                
00002547  CPU_wfi                                    
00000c01  CS_clearInterruptFlag                      
000006d7  CS_disableClockRequest                     
00000751  CS_disableDCOExternalResistor              
00000ae7  CS_disableFaultCounter                     
00000bb7  CS_disableInterrupt                        
000006b5  CS_enableClockRequest                      
00000727  CS_enableDCOExternalResistor               
00000abb  CS_enableFaultCounter                      
00000b95  CS_enableInterrupt                         
00000a45  CS_getACLK                                 
000009fd  CS_getBCLK                                 
000007fd  CS_getDCOFrequency                         
00000bdf  CS_getEnabledInterruptStatus               
00000a19  CS_getHSMCLK                               
00000bd9  CS_getInterruptStatus                      
00000a99  CS_getMCLK                                 
00000a71  CS_getSMCLK                                
000003fd  CS_initClockSignal                         
00000c2d  CS_registerInterrupt                       
00000b13  CS_resetFaultCounter                       
00000771  CS_setDCOCenteredFrequency                 
00000741  CS_setDCOExternalResistorCalibration       
000008d1  CS_setDCOFrequency                         
000003c1  CS_setExternalClockSourceFrequency         
00000705  CS_setReferenceOscillatorFrequency         
00000b51  CS_startFaultCounter                       
00000501  CS_startHFXT                               
00000525  CS_startHFXTWithTimeout                    
000005dd  CS_startLFXT                               
00000601  CS_startLFXTWithTimeout                    
000007a5  CS_tuneDCOFrequency                        
00000c49  CS_unregisterInterrupt                     
000013f7  EUSCI_A_SPI_changeClockPhasePolarity       
000014ab  EUSCI_A_SPI_clearInterruptFlag             
000014db  EUSCI_A_SPI_disable                        
00001479  EUSCI_A_SPI_disableInterrupt               
000014c5  EUSCI_A_SPI_enable                         
0000145f  EUSCI_A_SPI_enableInterrupt                
00001493  EUSCI_A_SPI_getInterruptStatus             
000014f1  EUSCI_A_SPI_getReceiveBufferAddressForDMA  
000014ff  EUSCI_A_SPI_getTransmitBufferAddressForDMA 
0000150d  EUSCI_A_SPI_isBusy                         
00001377  EUSCI_A_SPI_masterChangeClock              
0000144f  EUSCI_A_SPI_receiveData                    
00001357  EUSCI_A_SPI_select4PinFunctionality        
000013ad  EUSCI_A_SPI_slaveInit                      
00001439  EUSCI_A_SPI_transmitData                   
00001229  EUSCI_B_SPI_changeClockPhasePolarity       
000012dd  EUSCI_B_SPI_clearInterruptFlag             
0000130d  EUSCI_B_SPI_disable                        
000012ab  EUSCI_B_SPI_disableInterrupt               
000012f7  EUSCI_B_SPI_enable                         
00001291  EUSCI_B_SPI_enableInterrupt                
000012c5  EUSCI_B_SPI_getInterruptStatus             
00001323  EUSCI_B_SPI_getReceiveBufferAddressForDMA  
00001331  EUSCI_B_SPI_getTransmitBufferAddressForDMA 
0000133f  EUSCI_B_SPI_isBusy                         
000011ad  EUSCI_B_SPI_masterChangeClock              
00001281  EUSCI_B_SPI_receiveData                    
0000118d  EUSCI_B_SPI_select4PinFunctionality        
000011df  EUSCI_B_SPI_slaveInit                      
0000126b  EUSCI_B_SPI_transmitData                   
00001857  GPIO_clearInterruptFlag                    
00001817  GPIO_disableInterrupt                      
000017f5  GPIO_enableInterrupt                       
000018af  GPIO_getEnabledInterruptStatus             
000017bf  GPIO_getInputPinValue                      
00001839  GPIO_getInterruptStatus                    
00001879  GPIO_interruptEdgeSelect                   
0000196f  GPIO_registerInterrupt                     
00001567  GPIO_setAsInputPin                         
0000171b  GPIO_setAsInputPinWithPullDownResistor     
0000176d  GPIO_setAsInputPinWithPullUpResistor       
0000152d  GPIO_setAsOutputPin                        
00001631  GPIO_setAsPeripheralModuleFunctionInputPin 
000015ad  GPIO_setAsPeripheralModuleFunctionOutputPin
0000192b  GPIO_setDriveStrengthHigh                  
0000194d  GPIO_setDriveStrengthLow                   
000016b5  GPIO_setOutputHighOnPin                    
000016d7  GPIO_setOutputLowOnPin                     
000016f9  GPIO_toggleOutputOnPin                     
0000198f  GPIO_unregisterInterrupt                   
00001b77  Interrupt_disableInterrupt                 
000019c7  Interrupt_disableMaster                    
00001d75  Interrupt_disableSleepOnIsrExit            
00001b05  Interrupt_enableInterrupt                  
000019b7  Interrupt_enableMaster                     
00001d63  Interrupt_enableSleepOnIsrExit             
00001adf  Interrupt_getPriority                      
00001a57  Interrupt_getPriorityGrouping              
00001d43  Interrupt_getPriorityMask                  
00001d5d  Interrupt_getVectorTableAddress            
00001be9  Interrupt_isEnabled                        
00001c75  Interrupt_pendInterrupt                    
000019d7  Interrupt_registerInterrupt                
00001a8f  Interrupt_setPriority                      
00001a3d  Interrupt_setPriorityGrouping              
00001d33  Interrupt_setPriorityMask                  
00001d4d  Interrupt_setVectorTableAddress            
00001ce5  Interrupt_unpendInterrupt                  
00001a29  Interrupt_unregisterInterrupt              
00002591  ResetISR                                   
UNDEFED   SHT$$INIT_ARRAY$$Base                      
UNDEFED   SHT$$INIT_ARRAY$$Limit                     
00000e49  SPI_changeClockPhasePolarity               
00000da3  SPI_changeMasterClock                      
00000ffd  SPI_clearInterruptFlag                     
00000f7f  SPI_disableInterrupt                       
00000ed7  SPI_disableModule                          
00000f59  SPI_enableInterrupt                        
00000ebb  SPI_enableModule                           
00000fcd  SPI_getEnabledInterruptStatus              
00000fa5  SPI_getInterruptStatus                     
00000ef3  SPI_getReceiveBufferAddressForDMA          
00000f0f  SPI_getTransmitBufferAddressForDMA         
00000ccd  SPI_initMaster                             
00000dcb  SPI_initSlave                              
00000f31  SPI_isBusy                                 
00000e9f  SPI_receiveData                            
00001023  SPI_registerInterrupt                      
00000d7d  SPI_selectFourPinFunctionality             
00000e79  SPI_transmitData                           
000010e1  SPI_unregisterInterrupt                    
00002131  SysCtl_disableGlitchFilter                 
00001fb9  SysCtl_disableNMISource                    
000020c9  SysCtl_disablePeripheralAtCPUHalt          
00002005  SysCtl_disableSRAMBank                     
0000208d  SysCtl_disableSRAMBankRetention            
00002125  SysCtl_enableGlitchFilter                  
00001fcd  SysCtl_enableNMISource                     
000020b5  SysCtl_enablePeripheralAtCPUHalt           
00001fe7  SysCtl_enableSRAMBank                      
0000206f  SysCtl_enableSRAMBankRetention             
00001fb3  SysCtl_getFlashSize                        
00001fe1  SysCtl_getNMISourceStatus                  
00001fad  SysCtl_getSRAMSize                         
0000213d  SysCtl_getTempCalibrationConstant          
000020ab  SysCtl_rebootDevice                        
00002101  SysCtl_setWDTPasswordViolationResetType    
000020dd  SysCtl_setWDTTimeoutResetType              
000021bd  WDT_A_clearTimer                           
0000217d  WDT_A_holdTimer                            
000021f9  WDT_A_initIntervalTimer                    
000021dd  WDT_A_initWatchdogTimer                    
0000222d  WDT_A_registerInterrupt                    
00002215  WDT_A_setPasswordViolationReset            
00002221  WDT_A_setTimeoutReset                      
0000219d  WDT_A_startTimer                           
00002241  WDT_A_unregisterInterrupt                  
20010000  __STACK_END                                
00000200  __STACK_SIZE                               
000026f0  __TI_CINIT_Base                            
00002708  __TI_CINIT_Limit                           
000026d0  __TI_Handler_Table_Base                    
000026dc  __TI_Handler_Table_Limit                   
0000236d  __TI_auto_init                             
200000ec  __TI_cleanup_ptr                           
000025a3  __TI_decompress_none                       
000025bd  __TI_decompress_rle24                      
200000f0  __TI_dtors_ptr                             
00000000  __TI_static_base__                         
000025b1  __TI_zero_init                             
000022f1  __aeabi_memclr                             
000022f1  __aeabi_memclr4                            
000022f1  __aeabi_memclr8                            
00002255  __aeabi_memcpy                             
00002255  __aeabi_memcpy4                            
00002255  __aeabi_memcpy8                            
000022f3  __aeabi_memset                             
000022f3  __aeabi_memset4                            
000022f3  __aeabi_memset8                            
ffffffff  __binit__                                  
ffffffff  __c_args__                                 
2000fe00  __stack                                    
00002565  _args_main                                 
00002445  _c_int00                                   
200000e4  _lock                                      
0000258b  _nop                                       
00002583  _register_lock                             
0000257d  _register_unlock                           
000025c3  _system_pre_init                           
200000e8  _unlock                                    
000024e5  abort                                      
ffffffff  binit                                      
00002495  copy_in                                    
00001f15  euscib0_isr                                
000024ed  exit                                       
20000000  g_pfnRAMVectors                            
00000000  g_pfnVectors                               
00001da5  main                                       
200000f4  main_func_sp                               
00002255  memcpy                                     
000022f9  memset                                     
000026a4  spiMasterConfig                            


GLOBAL SYMBOLS: SORTED BY Symbol Address 

address   name                                       
-------   ----                                       
00000000  __TI_static_base__                         
00000000  g_pfnVectors                               
00000200  __STACK_SIZE                               
000003c1  CS_setExternalClockSourceFrequency         
000003fd  CS_initClockSignal                         
00000501  CS_startHFXT                               
00000525  CS_startHFXTWithTimeout                    
000005dd  CS_startLFXT                               
00000601  CS_startLFXTWithTimeout                    
000006b5  CS_enableClockRequest                      
000006d7  CS_disableClockRequest                     
00000705  CS_setReferenceOscillatorFrequency         
00000727  CS_enableDCOExternalResistor               
00000741  CS_setDCOExternalResistorCalibration       
00000751  CS_disableDCOExternalResistor              
00000771  CS_setDCOCenteredFrequency                 
000007a5  CS_tuneDCOFrequency                        
000007fd  CS_getDCOFrequency                         
000008d1  CS_setDCOFrequency                         
000009fd  CS_getBCLK                                 
00000a19  CS_getHSMCLK                               
00000a45  CS_getACLK                                 
00000a71  CS_getSMCLK                                
00000a99  CS_getMCLK                                 
00000abb  CS_enableFaultCounter                      
00000ae7  CS_disableFaultCounter                     
00000b13  CS_resetFaultCounter                       
00000b51  CS_startFaultCounter                       
00000b95  CS_enableInterrupt                         
00000bb7  CS_disableInterrupt                        
00000bd9  CS_getInterruptStatus                      
00000bdf  CS_getEnabledInterruptStatus               
00000c01  CS_clearInterruptFlag                      
00000c2d  CS_registerInterrupt                       
00000c49  CS_unregisterInterrupt                     
00000ccd  SPI_initMaster                             
00000d7d  SPI_selectFourPinFunctionality             
00000da3  SPI_changeMasterClock                      
00000dcb  SPI_initSlave                              
00000e49  SPI_changeClockPhasePolarity               
00000e79  SPI_transmitData                           
00000e9f  SPI_receiveData                            
00000ebb  SPI_enableModule                           
00000ed7  SPI_disableModule                          
00000ef3  SPI_getReceiveBufferAddressForDMA          
00000f0f  SPI_getTransmitBufferAddressForDMA         
00000f31  SPI_isBusy                                 
00000f59  SPI_enableInterrupt                        
00000f7f  SPI_disableInterrupt                       
00000fa5  SPI_getInterruptStatus                     
00000fcd  SPI_getEnabledInterruptStatus              
00000ffd  SPI_clearInterruptFlag                     
00001023  SPI_registerInterrupt                      
000010e1  SPI_unregisterInterrupt                    
0000118d  EUSCI_B_SPI_select4PinFunctionality        
000011ad  EUSCI_B_SPI_masterChangeClock              
000011df  EUSCI_B_SPI_slaveInit                      
00001229  EUSCI_B_SPI_changeClockPhasePolarity       
0000126b  EUSCI_B_SPI_transmitData                   
00001281  EUSCI_B_SPI_receiveData                    
00001291  EUSCI_B_SPI_enableInterrupt                
000012ab  EUSCI_B_SPI_disableInterrupt               
000012c5  EUSCI_B_SPI_getInterruptStatus             
000012dd  EUSCI_B_SPI_clearInterruptFlag             
000012f7  EUSCI_B_SPI_enable                         
0000130d  EUSCI_B_SPI_disable                        
00001323  EUSCI_B_SPI_getReceiveBufferAddressForDMA  
00001331  EUSCI_B_SPI_getTransmitBufferAddressForDMA 
0000133f  EUSCI_B_SPI_isBusy                         
00001357  EUSCI_A_SPI_select4PinFunctionality        
00001377  EUSCI_A_SPI_masterChangeClock              
000013ad  EUSCI_A_SPI_slaveInit                      
000013f7  EUSCI_A_SPI_changeClockPhasePolarity       
00001439  EUSCI_A_SPI_transmitData                   
0000144f  EUSCI_A_SPI_receiveData                    
0000145f  EUSCI_A_SPI_enableInterrupt                
00001479  EUSCI_A_SPI_disableInterrupt               
00001493  EUSCI_A_SPI_getInterruptStatus             
000014ab  EUSCI_A_SPI_clearInterruptFlag             
000014c5  EUSCI_A_SPI_enable                         
000014db  EUSCI_A_SPI_disable                        
000014f1  EUSCI_A_SPI_getReceiveBufferAddressForDMA  
000014ff  EUSCI_A_SPI_getTransmitBufferAddressForDMA 
0000150d  EUSCI_A_SPI_isBusy                         
0000152d  GPIO_setAsOutputPin                        
00001567  GPIO_setAsInputPin                         
000015ad  GPIO_setAsPeripheralModuleFunctionOutputPin
00001631  GPIO_setAsPeripheralModuleFunctionInputPin 
000016b5  GPIO_setOutputHighOnPin                    
000016d7  GPIO_setOutputLowOnPin                     
000016f9  GPIO_toggleOutputOnPin                     
0000171b  GPIO_setAsInputPinWithPullDownResistor     
0000176d  GPIO_setAsInputPinWithPullUpResistor       
000017bf  GPIO_getInputPinValue                      
000017f5  GPIO_enableInterrupt                       
00001817  GPIO_disableInterrupt                      
00001839  GPIO_getInterruptStatus                    
00001857  GPIO_clearInterruptFlag                    
00001879  GPIO_interruptEdgeSelect                   
000018af  GPIO_getEnabledInterruptStatus             
0000192b  GPIO_setDriveStrengthHigh                  
0000194d  GPIO_setDriveStrengthLow                   
0000196f  GPIO_registerInterrupt                     
0000198f  GPIO_unregisterInterrupt                   
000019b7  Interrupt_enableMaster                     
000019c7  Interrupt_disableMaster                    
000019d7  Interrupt_registerInterrupt                
00001a29  Interrupt_unregisterInterrupt              
00001a3d  Interrupt_setPriorityGrouping              
00001a57  Interrupt_getPriorityGrouping              
00001a8f  Interrupt_setPriority                      
00001adf  Interrupt_getPriority                      
00001b05  Interrupt_enableInterrupt                  
00001b77  Interrupt_disableInterrupt                 
00001be9  Interrupt_isEnabled                        
00001c75  Interrupt_pendInterrupt                    
00001ce5  Interrupt_unpendInterrupt                  
00001d33  Interrupt_setPriorityMask                  
00001d43  Interrupt_getPriorityMask                  
00001d4d  Interrupt_setVectorTableAddress            
00001d5d  Interrupt_getVectorTableAddress            
00001d63  Interrupt_enableSleepOnIsrExit             
00001d75  Interrupt_disableSleepOnIsrExit            
00001da5  main                                       
00001f15  euscib0_isr                                
00001fad  SysCtl_getSRAMSize                         
00001fb3  SysCtl_getFlashSize                        
00001fb9  SysCtl_disableNMISource                    
00001fcd  SysCtl_enableNMISource                     
00001fe1  SysCtl_getNMISourceStatus                  
00001fe7  SysCtl_enableSRAMBank                      
00002005  SysCtl_disableSRAMBank                     
0000206f  SysCtl_enableSRAMBankRetention             
0000208d  SysCtl_disableSRAMBankRetention            
000020ab  SysCtl_rebootDevice                        
000020b5  SysCtl_enablePeripheralAtCPUHalt           
000020c9  SysCtl_disablePeripheralAtCPUHalt          
000020dd  SysCtl_setWDTTimeoutResetType              
00002101  SysCtl_setWDTPasswordViolationResetType    
00002125  SysCtl_enableGlitchFilter                  
00002131  SysCtl_disableGlitchFilter                 
0000213d  SysCtl_getTempCalibrationConstant          
0000217d  WDT_A_holdTimer                            
0000219d  WDT_A_startTimer                           
000021bd  WDT_A_clearTimer                           
000021dd  WDT_A_initWatchdogTimer                    
000021f9  WDT_A_initIntervalTimer                    
00002215  WDT_A_setPasswordViolationReset            
00002221  WDT_A_setTimeoutReset                      
0000222d  WDT_A_registerInterrupt                    
00002241  WDT_A_unregisterInterrupt                  
00002255  __aeabi_memcpy                             
00002255  __aeabi_memcpy4                            
00002255  __aeabi_memcpy8                            
00002255  memcpy                                     
000022f1  __aeabi_memclr                             
000022f1  __aeabi_memclr4                            
000022f1  __aeabi_memclr8                            
000022f3  __aeabi_memset                             
000022f3  __aeabi_memset4                            
000022f3  __aeabi_memset8                            
000022f9  memset                                     
0000236d  __TI_auto_init                             
00002445  _c_int00                                   
00002495  copy_in                                    
000024e1  C$$EXIT                                    
000024e5  abort                                      
000024ed  exit                                       
00002525  CPU_cpsid                                  
00002531  CPU_primask                                
0000253b  CPU_cpsie                                  
00002547  CPU_wfi                                    
0000254b  CPU_basepriSet                             
00002559  CPU_basepriGet                             
00002565  _args_main                                 
0000257d  _register_unlock                           
00002583  _register_lock                             
0000258b  _nop                                       
00002591  ResetISR                                   
000025a3  __TI_decompress_none                       
000025b1  __TI_zero_init                             
000025bd  __TI_decompress_rle24                      
000025c3  _system_pre_init                           
000026a4  spiMasterConfig                            
000026d0  __TI_Handler_Table_Base                    
000026dc  __TI_Handler_Table_Limit                   
000026f0  __TI_CINIT_Base                            
00002708  __TI_CINIT_Limit                           
20000000  g_pfnRAMVectors                            
200000e4  _lock                                      
200000e8  _unlock                                    
200000ec  __TI_cleanup_ptr                           
200000f0  __TI_dtors_ptr                             
200000f4  main_func_sp                               
2000fe00  __stack                                    
20010000  __STACK_END                                
ffffffff  __binit__                                  
ffffffff  __c_args__                                 
ffffffff  binit                                      
UNDEFED   SHT$$INIT_ARRAY$$Base                      
UNDEFED   SHT$$INIT_ARRAY$$Limit                     

[201 symbols]
