******************************************************************************
                  TI ARM Linker PC v5.2.5                      
******************************************************************************
>> Linked Thu Nov 19 13:33:52 2015

OUTPUT FILE NAME:   <solarity.out>
ENTRY POINT SYMBOL: "_c_int00"  address: 00002ff1


MEMORY CONFIGURATION

         name            origin    length      used     unused   attr    fill
----------------------  --------  ---------  --------  --------  ----  --------
  FLASH                 00000000   00040000  0000332a  0003ccd6  R  X
  FLASH_OTP             00200000   00004000  00000000  00004000  R  X
  SRAM                  20000000   00010000  0000ca44  000035bc  RW X


SEGMENT ALLOCATION MAP

run origin  load origin   length   init length attrs members
----------  ----------- ---------- ----------- ----- -------
00000000    00000000    00003330   00003330    r-x
  00000000    00000000    00000144   00000144    r-- .intvecs
  00000144    00000144    00003042   00003042    r-x .text
  00003188    00003188    00000154   00000154    r-- .const
  000032e0    000032e0    00000050   00000050    r-- .cinit
20000000    20000000    0000c844   00000000    rw-
  20000000    20000000    000000e4   00000000    rw- .vtable
  200000e4    200000e4    0000c740   00000000    rw- .bss
  2000c824    2000c824    00000020   00000000    rw- .data
2000fe00    2000fe00    00000200   00000000    rw-
  2000fe00    2000fe00    00000200   00000000    rw- .stack


SECTION ALLOCATION MAP

 output                                  attributes/
section   page    origin      length       input sections
--------  ----  ----------  ----------   ----------------
.intvecs   0    00000000    00000144     
                  00000000    00000144     msp432_startup_ccs.obj (.intvecs)

.text      0    00000144    00003042     
                  00000144    00000b58     cs.obj (.text)
                  00000c9c    00000890     spi.obj (.text)
                  0000152c    00000558     SIM800C.obj (.text)
                  00001a84    00000488     gpio.obj (.text)
                  00001f0c    0000042c     uart.obj (.text)
                  00002338    000003f0     interrupt.obj (.text)
                  00002728    00000254     printf.obj (.text)
                  0000297c    000001d0     sysctl.obj (.text)
                  00002b4c    0000017c     SL_Display.obj (.text)
                  00002cc8    000000d8     wdt_a.obj (.text)
                  00002da0    0000009c     rtsv7M4_T_le_v4SPD16_eabi.lib : memcpy_t2.obj (.text)
                  00002e3c    0000007a                                   : memset_t2.obj (.text)
                  00002eb6    00000002     --HOLE-- [fill = 0]
                  00002eb8    0000006c                                   : autoinit.obj (.text)
                  00002f24    0000006a                                   : copy_decompress_rle.obj (.text)
                  00002f8e    00000002     --HOLE-- [fill = 0]
                  00002f90    00000060     main.obj (.text)
                  00002ff0    00000050     rtsv7M4_T_le_v4SPD16_eabi.lib : boot.obj (.text)
                  00003040    0000004c                                   : cpy_tbl.obj (.text)
                  0000308c    00000044                                   : exit.obj (.text)
                  000030d0    0000003e     cpu.obj (.text)
                  0000310e    00000002     --HOLE-- [fill = 0]
                  00003110    00000018     rtsv7M4_T_le_v4SPD16_eabi.lib : args_main.obj (.text)
                  00003128    00000014                                   : _lock.obj (.text)
                  0000313c    00000014                                   : strlen.obj (.text)
                  00003150    00000012     msp432_startup_ccs.obj (.text)
                  00003162    0000000e     rtsv7M4_T_le_v4SPD16_eabi.lib : copy_decompress_none.obj (.text:decompress:none)
                  00003170    0000000c                                   : copy_zero_init.obj (.text:decompress:ZI)
                  0000317c    00000006                                   : copy_decompress_rle.obj (.text:decompress:rle24)
                  00003182    00000004                                   : pre_init.obj (.text)

.const     0    00003188    00000154     
                  00003188    00000050     interrupt.obj (.const:g_pulRegs)
                  000031d8    00000040     interrupt.obj (.const)
                  00003218    00000030     gpio.obj (.const:GPIO_PORT_TO_BASE)
                  00003248    00000028     printf.obj (.const:dv)
                  00003270    00000024     SIM800C.obj (.const:uartConfig)
                  00003294    0000001c     SL_Display.obj (.const)
                  000032b0    0000001c     gpio.obj (.const)
                  000032cc    00000010     printf.obj (.const:.string)

.cinit     0    000032e0    00000050     
                  000032e0    00000016     (.cinit..data.load) [load image, compression = rle]
                  000032f6    00000002     --HOLE-- [fill = 0]
                  000032f8    0000000c     (__TI_handler_table)
                  00003304    00000004     --HOLE-- [fill = 0]
                  00003308    00000008     (.cinit..bss.load) [load image, compression = zero_init]
                  00003310    00000008     (.cinit..vtable.load) [load image, compression = zero_init]
                  00003318    00000018     (__TI_cinit_table)

.vtable    0    20000000    000000e4     UNINITIALIZED
                  20000000    000000e4     interrupt.obj (.vtable)

.bss       0    200000e4    0000c740     UNINITIALIZED
                  200000e4    0000c350     SIM800C.obj (.bss:HTTPData)
                  2000c434    000003e8     SIM800C.obj (.bss:RXData)
                  2000c81c    00000004     (.common:hfxtFreq)
                  2000c820    00000004     (.common:lfxtFreq)

.data      0    2000c824    00000020     UNINITIALIZED
                  2000c824    0000000c     SIM800C.obj (.data)
                  2000c830    00000008     rtsv7M4_T_le_v4SPD16_eabi.lib : _lock.obj (.data)
                  2000c838    00000008                                   : exit.obj (.data)
                  2000c840    00000004                                   : stkdepth_vars.obj (.data)

.TI.noinit 
*          0    200000e4    00000000     UNINITIALIZED

.TI.persistent 
*          0    2000c824    00000000     UNINITIALIZED

.stack     0    2000fe00    00000200     UNINITIALIZED
                  2000fe00    00000200     --HOLE--


LINKER GENERATED COPY TABLES

__TI_cinit_table @ 00003318 records: 3, size/record: 8, table size: 24
	.data: load addr=000032e0, load size=00000016 bytes, run addr=2000c824, run size=00000020 bytes, compression=rle
	.bss: load addr=00003308, load size=00000008 bytes, run addr=200000e4, run size=0000c740 bytes, compression=zero_init
	.vtable: load addr=00003310, load size=00000008 bytes, run addr=20000000, run size=000000e4 bytes, compression=zero_init


LINKER GENERATED HANDLER TABLE

__TI_handler_table @ 000032f8 records: 3, size/record: 4, table size: 12
	index: 0, handler: __TI_zero_init
	index: 1, handler: __TI_decompress_rle24
	index: 2, handler: __TI_decompress_none


GLOBAL SYMBOLS: SORTED ALPHABETICALLY BY Name 

address   name                                       
-------   ----                                       
0000308d  C$$EXIT                                    
00003105  CPU_basepriGet                             
000030f7  CPU_basepriSet                             
000030d1  CPU_cpsid                                  
000030e7  CPU_cpsie                                  
000030dd  CPU_primask                                
000030f3  CPU_wfi                                    
00000c01  CS_clearInterruptFlag                      
000006d7  CS_disableClockRequest                     
00000751  CS_disableDCOExternalResistor              
00000ae7  CS_disableFaultCounter                     
00000bb7  CS_disableInterrupt                        
000006b5  CS_enableClockRequest                      
00000727  CS_enableDCOExternalResistor               
00000abb  CS_enableFaultCounter                      
00000b95  CS_enableInterrupt                         
00000a45  CS_getACLK                                 
000009fd  CS_getBCLK                                 
000007fd  CS_getDCOFrequency                         
00000bdf  CS_getEnabledInterruptStatus               
00000a19  CS_getHSMCLK                               
00000bd9  CS_getInterruptStatus                      
00000a99  CS_getMCLK                                 
00000a71  CS_getSMCLK                                
000003fd  CS_initClockSignal                         
00000c2d  CS_registerInterrupt                       
00000b13  CS_resetFaultCounter                       
00000771  CS_setDCOCenteredFrequency                 
00000741  CS_setDCOExternalResistorCalibration       
000008d1  CS_setDCOFrequency                         
000003c1  CS_setExternalClockSourceFrequency         
00000705  CS_setReferenceOscillatorFrequency         
00000b51  CS_startFaultCounter                       
00000501  CS_startHFXT                               
00000525  CS_startHFXTWithTimeout                    
000005dd  CS_startLFXT                               
00000601  CS_startLFXTWithTimeout                    
000007a5  CS_tuneDCOFrequency                        
00000c49  CS_unregisterInterrupt                     
0000171b  Clear_HTTP_buffer                          
000016ed  Clear_RX_Buffer                            
000018d5  Close_Bearer_Connection                    
000013f7  EUSCI_A_SPI_changeClockPhasePolarity       
000014ab  EUSCI_A_SPI_clearInterruptFlag             
000014db  EUSCI_A_SPI_disable                        
00001479  EUSCI_A_SPI_disableInterrupt               
000014c5  EUSCI_A_SPI_enable                         
0000145f  EUSCI_A_SPI_enableInterrupt                
00001493  EUSCI_A_SPI_getInterruptStatus             
000014f1  EUSCI_A_SPI_getReceiveBufferAddressForDMA  
000014ff  EUSCI_A_SPI_getTransmitBufferAddressForDMA 
0000150d  EUSCI_A_SPI_isBusy                         
00001377  EUSCI_A_SPI_masterChangeClock              
0000144f  EUSCI_A_SPI_receiveData                    
00001357  EUSCI_A_SPI_select4PinFunctionality        
000013ad  EUSCI_A_SPI_slaveInit                      
00001439  EUSCI_A_SPI_transmitData                   
00001229  EUSCI_B_SPI_changeClockPhasePolarity       
000012dd  EUSCI_B_SPI_clearInterruptFlag             
0000130d  EUSCI_B_SPI_disable                        
000012ab  EUSCI_B_SPI_disableInterrupt               
000012f7  EUSCI_B_SPI_enable                         
00001291  EUSCI_B_SPI_enableInterrupt                
000012c5  EUSCI_B_SPI_getInterruptStatus             
00001323  EUSCI_B_SPI_getReceiveBufferAddressForDMA  
00001331  EUSCI_B_SPI_getTransmitBufferAddressForDMA 
0000133f  EUSCI_B_SPI_isBusy                         
000011ad  EUSCI_B_SPI_masterChangeClock              
00001281  EUSCI_B_SPI_receiveData                    
0000118d  EUSCI_B_SPI_select4PinFunctionality        
000011df  EUSCI_B_SPI_slaveInit                      
0000126b  EUSCI_B_SPI_transmitData                   
00001903  End_HTTP_Service                           
00001daf  GPIO_clearInterruptFlag                    
00001d6f  GPIO_disableInterrupt                      
00001d4d  GPIO_enableInterrupt                       
00001e07  GPIO_getEnabledInterruptStatus             
00001d17  GPIO_getInputPinValue                      
00001d91  GPIO_getInterruptStatus                    
00001dd1  GPIO_interruptEdgeSelect                   
00001ec7  GPIO_registerInterrupt                     
00001abf  GPIO_setAsInputPin                         
00001c73  GPIO_setAsInputPinWithPullDownResistor     
00001cc5  GPIO_setAsInputPinWithPullUpResistor       
00001a85  GPIO_setAsOutputPin                        
00001b89  GPIO_setAsPeripheralModuleFunctionInputPin 
00001b05  GPIO_setAsPeripheralModuleFunctionOutputPin
00001e83  GPIO_setDriveStrengthHigh                  
00001ea5  GPIO_setDriveStrengthLow                   
00001c0d  GPIO_setOutputHighOnPin                    
00001c2f  GPIO_setOutputLowOnPin                     
00001c51  GPIO_toggleOutputOnPin                     
00001ee7  GPIO_unregisterInterrupt                   
2000c824  HTTPFLAG_FLAG                              
000018f9  Init_HTTP_Service                          
000024fb  Interrupt_disableInterrupt                 
0000234b  Interrupt_disableMaster                    
000026f9  Interrupt_disableSleepOnIsrExit            
00002489  Interrupt_enableInterrupt                  
0000233b  Interrupt_enableMaster                     
000026e7  Interrupt_enableSleepOnIsrExit             
00002463  Interrupt_getPriority                      
000023db  Interrupt_getPriorityGrouping              
000026c7  Interrupt_getPriorityMask                  
000026e1  Interrupt_getVectorTableAddress            
0000256d  Interrupt_isEnabled                        
000025f9  Interrupt_pendInterrupt                    
0000235b  Interrupt_registerInterrupt                
00002413  Interrupt_setPriority                      
000023c1  Interrupt_setPriorityGrouping              
000026b7  Interrupt_setPriorityMask                  
000026d1  Interrupt_setVectorTableAddress            
00002669  Interrupt_unpendInterrupt                  
000023ad  Interrupt_unregisterInterrupt              
2000c828  NumOfCharRecevied                          
2000c82c  NumOfHttpData                              
000018b5  Open_Bearer_Connection                     
00001837  Read_HTTP_Context                          
00003151  ResetISR                                   
UNDEFED   SHT$$INIT_ARRAY$$Base                      
UNDEFED   SHT$$INIT_ARRAY$$Limit                     
00002b4d  SL_D_init                                  
00002bc7  SL_D_sendByte                              
00002be5  SL_D_sendCmd                               
00000e49  SPI_changeClockPhasePolarity               
00000da3  SPI_changeMasterClock                      
00000ffd  SPI_clearInterruptFlag                     
00000f7f  SPI_disableInterrupt                       
00000ed7  SPI_disableModule                          
00000f59  SPI_enableInterrupt                        
00000ebb  SPI_enableModule                           
00000fcd  SPI_getEnabledInterruptStatus              
00000fa5  SPI_getInterruptStatus                     
00000ef3  SPI_getReceiveBufferAddressForDMA          
00000f0f  SPI_getTransmitBufferAddressForDMA         
00000ccd  SPI_initMaster                             
00000dcb  SPI_initSlave                              
00000f31  SPI_isBusy                                 
00000e9f  SPI_receiveData                            
00001023  SPI_registerInterrupt                      
00000d7d  SPI_selectFourPinFunctionality             
00000e79  SPI_transmitData                           
000010e1  SPI_unregisterInterrupt                    
0000190d  Set_up_HTTP_Para                           
00002b01  SysCtl_disableGlitchFilter                 
00002989  SysCtl_disableNMISource                    
00002a99  SysCtl_disablePeripheralAtCPUHalt          
000029d5  SysCtl_disableSRAMBank                     
00002a5d  SysCtl_disableSRAMBankRetention            
00002af5  SysCtl_enableGlitchFilter                  
0000299d  SysCtl_enableNMISource                     
00002a85  SysCtl_enablePeripheralAtCPUHalt           
000029b7  SysCtl_enableSRAMBank                      
00002a3f  SysCtl_enableSRAMBankRetention             
00002983  SysCtl_getFlashSize                        
000029b1  SysCtl_getNMISourceStatus                  
0000297d  SysCtl_getSRAMSize                         
00002b0d  SysCtl_getTempCalibrationConstant          
00002a7b  SysCtl_rebootDevice                        
00002ad1  SysCtl_setWDTPasswordViolationResetType    
00002aad  SysCtl_setWDTTimeoutResetType              
00001865  Transmit_HTTP_Read                         
0000155d  UART_GSM_init                              
0000152d  UART_PC_init                               
00002231  UART_clearInterruptFlag                    
00002181  UART_disableInterrupt                      
0000205b  UART_disableModule                         
00002149  UART_enableInterrupt                       
00002045  UART_enableModule                          
000021d5  UART_getEnabledInterruptStatus             
000021b9  UART_getInterruptStatus                    
00002111  UART_getReceiveBufferAddressForDMA         
0000211f  UART_getTransmitBufferAddressForDMA        
00001f0d  UART_initModule                            
00002071  UART_queryStatusFlags                      
0000201f  UART_receiveData                           
00002251  UART_registerInterrupt                     
00002099  UART_resetDormant                          
0000212d  UART_selectDeglitchTime                    
00002085  UART_setDormant                            
000020ad  UART_transmitAddress                       
000020cb  UART_transmitBreak                         
00001ff5  UART_transmitData                          
000022cd  UART_unregisterInterrupt                   
00002d09  WDT_A_clearTimer                           
00002cc9  WDT_A_holdTimer                            
00002d45  WDT_A_initIntervalTimer                    
00002d29  WDT_A_initWatchdogTimer                    
00002d79  WDT_A_registerInterrupt                    
00002d61  WDT_A_setPasswordViolationReset            
00002d6d  WDT_A_setTimeoutReset                      
00002ce9  WDT_A_startTimer                           
00002d8d  WDT_A_unregisterInterrupt                  
20010000  __STACK_END                                
00000200  __STACK_SIZE                               
00003318  __TI_CINIT_Base                            
00003330  __TI_CINIT_Limit                           
000032f8  __TI_Handler_Table_Base                    
00003304  __TI_Handler_Table_Limit                   
00002eb9  __TI_auto_init                             
2000c838  __TI_cleanup_ptr                           
00003163  __TI_decompress_none                       
0000317d  __TI_decompress_rle24                      
2000c83c  __TI_dtors_ptr                             
00000000  __TI_static_base__                         
00003171  __TI_zero_init                             
00002e3d  __aeabi_memclr                             
00002e3d  __aeabi_memclr4                            
00002e3d  __aeabi_memclr8                            
00002da1  __aeabi_memcpy                             
00002da1  __aeabi_memcpy4                            
00002da1  __aeabi_memcpy8                            
00002e3f  __aeabi_memset                             
00002e3f  __aeabi_memset4                            
00002e3f  __aeabi_memset8                            
ffffffff  __binit__                                  
ffffffff  __c_args__                                 
2000fe00  __stack                                    
00003111  _args_main                                 
00002ff1  _c_int00                                   
2000c830  _lock                                      
00003137  _nop                                       
0000312f  _register_lock                             
00003129  _register_unlock                           
00003183  _system_pre_init                           
2000c834  _unlock                                    
00003091  abort                                      
ffffffff  binit                                      
00001667  check_for_OK                               
00003041  copy_in                                    
000015b7  euscia0_isr                                
000015e5  euscia2_isr                                
00002c95  euscib0_isr                                
00003099  exit                                       
20000000  g_pfnRAMVectors                            
00000000  g_pfnVectors                               
00002f91  main                                       
2000c840  main_func_sp                               
00002da1  memcpy                                     
00002e45  memset                                     
0000280d  printf                                     
00002767  putcc                                      
00002743  putss                                      
00002729  sendByte                                   
0000174d  send_AT_command                            
00001801  set_up_bearer_fido                         
00001821  set_up_bearer_rogers                       
00003294  spiMasterConfig                            
0000313d  strlen                                     
00003270  uartConfig                                 


GLOBAL SYMBOLS: SORTED BY Symbol Address 

address   name                                       
-------   ----                                       
00000000  __TI_static_base__                         
00000000  g_pfnVectors                               
00000200  __STACK_SIZE                               
000003c1  CS_setExternalClockSourceFrequency         
000003fd  CS_initClockSignal                         
00000501  CS_startHFXT                               
00000525  CS_startHFXTWithTimeout                    
000005dd  CS_startLFXT                               
00000601  CS_startLFXTWithTimeout                    
000006b5  CS_enableClockRequest                      
000006d7  CS_disableClockRequest                     
00000705  CS_setReferenceOscillatorFrequency         
00000727  CS_enableDCOExternalResistor               
00000741  CS_setDCOExternalResistorCalibration       
00000751  CS_disableDCOExternalResistor              
00000771  CS_setDCOCenteredFrequency                 
000007a5  CS_tuneDCOFrequency                        
000007fd  CS_getDCOFrequency                         
000008d1  CS_setDCOFrequency                         
000009fd  CS_getBCLK                                 
00000a19  CS_getHSMCLK                               
00000a45  CS_getACLK                                 
00000a71  CS_getSMCLK                                
00000a99  CS_getMCLK                                 
00000abb  CS_enableFaultCounter                      
00000ae7  CS_disableFaultCounter                     
00000b13  CS_resetFaultCounter                       
00000b51  CS_startFaultCounter                       
00000b95  CS_enableInterrupt                         
00000bb7  CS_disableInterrupt                        
00000bd9  CS_getInterruptStatus                      
00000bdf  CS_getEnabledInterruptStatus               
00000c01  CS_clearInterruptFlag                      
00000c2d  CS_registerInterrupt                       
00000c49  CS_unregisterInterrupt                     
00000ccd  SPI_initMaster                             
00000d7d  SPI_selectFourPinFunctionality             
00000da3  SPI_changeMasterClock                      
00000dcb  SPI_initSlave                              
00000e49  SPI_changeClockPhasePolarity               
00000e79  SPI_transmitData                           
00000e9f  SPI_receiveData                            
00000ebb  SPI_enableModule                           
00000ed7  SPI_disableModule                          
00000ef3  SPI_getReceiveBufferAddressForDMA          
00000f0f  SPI_getTransmitBufferAddressForDMA         
00000f31  SPI_isBusy                                 
00000f59  SPI_enableInterrupt                        
00000f7f  SPI_disableInterrupt                       
00000fa5  SPI_getInterruptStatus                     
00000fcd  SPI_getEnabledInterruptStatus              
00000ffd  SPI_clearInterruptFlag                     
00001023  SPI_registerInterrupt                      
000010e1  SPI_unregisterInterrupt                    
0000118d  EUSCI_B_SPI_select4PinFunctionality        
000011ad  EUSCI_B_SPI_masterChangeClock              
000011df  EUSCI_B_SPI_slaveInit                      
00001229  EUSCI_B_SPI_changeClockPhasePolarity       
0000126b  EUSCI_B_SPI_transmitData                   
00001281  EUSCI_B_SPI_receiveData                    
00001291  EUSCI_B_SPI_enableInterrupt                
000012ab  EUSCI_B_SPI_disableInterrupt               
000012c5  EUSCI_B_SPI_getInterruptStatus             
000012dd  EUSCI_B_SPI_clearInterruptFlag             
000012f7  EUSCI_B_SPI_enable                         
0000130d  EUSCI_B_SPI_disable                        
00001323  EUSCI_B_SPI_getReceiveBufferAddressForDMA  
00001331  EUSCI_B_SPI_getTransmitBufferAddressForDMA 
0000133f  EUSCI_B_SPI_isBusy                         
00001357  EUSCI_A_SPI_select4PinFunctionality        
00001377  EUSCI_A_SPI_masterChangeClock              
000013ad  EUSCI_A_SPI_slaveInit                      
000013f7  EUSCI_A_SPI_changeClockPhasePolarity       
00001439  EUSCI_A_SPI_transmitData                   
0000144f  EUSCI_A_SPI_receiveData                    
0000145f  EUSCI_A_SPI_enableInterrupt                
00001479  EUSCI_A_SPI_disableInterrupt               
00001493  EUSCI_A_SPI_getInterruptStatus             
000014ab  EUSCI_A_SPI_clearInterruptFlag             
000014c5  EUSCI_A_SPI_enable                         
000014db  EUSCI_A_SPI_disable                        
000014f1  EUSCI_A_SPI_getReceiveBufferAddressForDMA  
000014ff  EUSCI_A_SPI_getTransmitBufferAddressForDMA 
0000150d  EUSCI_A_SPI_isBusy                         
0000152d  UART_PC_init                               
0000155d  UART_GSM_init                              
000015b7  euscia0_isr                                
000015e5  euscia2_isr                                
00001667  check_for_OK                               
000016ed  Clear_RX_Buffer                            
0000171b  Clear_HTTP_buffer                          
0000174d  send_AT_command                            
00001801  set_up_bearer_fido                         
00001821  set_up_bearer_rogers                       
00001837  Read_HTTP_Context                          
00001865  Transmit_HTTP_Read                         
000018b5  Open_Bearer_Connection                     
000018d5  Close_Bearer_Connection                    
000018f9  Init_HTTP_Service                          
00001903  End_HTTP_Service                           
0000190d  Set_up_HTTP_Para                           
00001a85  GPIO_setAsOutputPin                        
00001abf  GPIO_setAsInputPin                         
00001b05  GPIO_setAsPeripheralModuleFunctionOutputPin
00001b89  GPIO_setAsPeripheralModuleFunctionInputPin 
00001c0d  GPIO_setOutputHighOnPin                    
00001c2f  GPIO_setOutputLowOnPin                     
00001c51  GPIO_toggleOutputOnPin                     
00001c73  GPIO_setAsInputPinWithPullDownResistor     
00001cc5  GPIO_setAsInputPinWithPullUpResistor       
00001d17  GPIO_getInputPinValue                      
00001d4d  GPIO_enableInterrupt                       
00001d6f  GPIO_disableInterrupt                      
00001d91  GPIO_getInterruptStatus                    
00001daf  GPIO_clearInterruptFlag                    
00001dd1  GPIO_interruptEdgeSelect                   
00001e07  GPIO_getEnabledInterruptStatus             
00001e83  GPIO_setDriveStrengthHigh                  
00001ea5  GPIO_setDriveStrengthLow                   
00001ec7  GPIO_registerInterrupt                     
00001ee7  GPIO_unregisterInterrupt                   
00001f0d  UART_initModule                            
00001ff5  UART_transmitData                          
0000201f  UART_receiveData                           
00002045  UART_enableModule                          
0000205b  UART_disableModule                         
00002071  UART_queryStatusFlags                      
00002085  UART_setDormant                            
00002099  UART_resetDormant                          
000020ad  UART_transmitAddress                       
000020cb  UART_transmitBreak                         
00002111  UART_getReceiveBufferAddressForDMA         
0000211f  UART_getTransmitBufferAddressForDMA        
0000212d  UART_selectDeglitchTime                    
00002149  UART_enableInterrupt                       
00002181  UART_disableInterrupt                      
000021b9  UART_getInterruptStatus                    
000021d5  UART_getEnabledInterruptStatus             
00002231  UART_clearInterruptFlag                    
00002251  UART_registerInterrupt                     
000022cd  UART_unregisterInterrupt                   
0000233b  Interrupt_enableMaster                     
0000234b  Interrupt_disableMaster                    
0000235b  Interrupt_registerInterrupt                
000023ad  Interrupt_unregisterInterrupt              
000023c1  Interrupt_setPriorityGrouping              
000023db  Interrupt_getPriorityGrouping              
00002413  Interrupt_setPriority                      
00002463  Interrupt_getPriority                      
00002489  Interrupt_enableInterrupt                  
000024fb  Interrupt_disableInterrupt                 
0000256d  Interrupt_isEnabled                        
000025f9  Interrupt_pendInterrupt                    
00002669  Interrupt_unpendInterrupt                  
000026b7  Interrupt_setPriorityMask                  
000026c7  Interrupt_getPriorityMask                  
000026d1  Interrupt_setVectorTableAddress            
000026e1  Interrupt_getVectorTableAddress            
000026e7  Interrupt_enableSleepOnIsrExit             
000026f9  Interrupt_disableSleepOnIsrExit            
00002729  sendByte                                   
00002743  putss                                      
00002767  putcc                                      
0000280d  printf                                     
0000297d  SysCtl_getSRAMSize                         
00002983  SysCtl_getFlashSize                        
00002989  SysCtl_disableNMISource                    
0000299d  SysCtl_enableNMISource                     
000029b1  SysCtl_getNMISourceStatus                  
000029b7  SysCtl_enableSRAMBank                      
000029d5  SysCtl_disableSRAMBank                     
00002a3f  SysCtl_enableSRAMBankRetention             
00002a5d  SysCtl_disableSRAMBankRetention            
00002a7b  SysCtl_rebootDevice                        
00002a85  SysCtl_enablePeripheralAtCPUHalt           
00002a99  SysCtl_disablePeripheralAtCPUHalt          
00002aad  SysCtl_setWDTTimeoutResetType              
00002ad1  SysCtl_setWDTPasswordViolationResetType    
00002af5  SysCtl_enableGlitchFilter                  
00002b01  SysCtl_disableGlitchFilter                 
00002b0d  SysCtl_getTempCalibrationConstant          
00002b4d  SL_D_init                                  
00002bc7  SL_D_sendByte                              
00002be5  SL_D_sendCmd                               
00002c95  euscib0_isr                                
00002cc9  WDT_A_holdTimer                            
00002ce9  WDT_A_startTimer                           
00002d09  WDT_A_clearTimer                           
00002d29  WDT_A_initWatchdogTimer                    
00002d45  WDT_A_initIntervalTimer                    
00002d61  WDT_A_setPasswordViolationReset            
00002d6d  WDT_A_setTimeoutReset                      
00002d79  WDT_A_registerInterrupt                    
00002d8d  WDT_A_unregisterInterrupt                  
00002da1  __aeabi_memcpy                             
00002da1  __aeabi_memcpy4                            
00002da1  __aeabi_memcpy8                            
00002da1  memcpy                                     
00002e3d  __aeabi_memclr                             
00002e3d  __aeabi_memclr4                            
00002e3d  __aeabi_memclr8                            
00002e3f  __aeabi_memset                             
00002e3f  __aeabi_memset4                            
00002e3f  __aeabi_memset8                            
00002e45  memset                                     
00002eb9  __TI_auto_init                             
00002f91  main                                       
00002ff1  _c_int00                                   
00003041  copy_in                                    
0000308d  C$$EXIT                                    
00003091  abort                                      
00003099  exit                                       
000030d1  CPU_cpsid                                  
000030dd  CPU_primask                                
000030e7  CPU_cpsie                                  
000030f3  CPU_wfi                                    
000030f7  CPU_basepriSet                             
00003105  CPU_basepriGet                             
00003111  _args_main                                 
00003129  _register_unlock                           
0000312f  _register_lock                             
00003137  _nop                                       
0000313d  strlen                                     
00003151  ResetISR                                   
00003163  __TI_decompress_none                       
00003171  __TI_zero_init                             
0000317d  __TI_decompress_rle24                      
00003183  _system_pre_init                           
00003270  uartConfig                                 
00003294  spiMasterConfig                            
000032f8  __TI_Handler_Table_Base                    
00003304  __TI_Handler_Table_Limit                   
00003318  __TI_CINIT_Base                            
00003330  __TI_CINIT_Limit                           
20000000  g_pfnRAMVectors                            
2000c824  HTTPFLAG_FLAG                              
2000c828  NumOfCharRecevied                          
2000c82c  NumOfHttpData                              
2000c830  _lock                                      
2000c834  _unlock                                    
2000c838  __TI_cleanup_ptr                           
2000c83c  __TI_dtors_ptr                             
2000c840  main_func_sp                               
2000fe00  __stack                                    
20010000  __STACK_END                                
ffffffff  __binit__                                  
ffffffff  __c_args__                                 
ffffffff  binit                                      
UNDEFED   SHT$$INIT_ARRAY$$Base                      
UNDEFED   SHT$$INIT_ARRAY$$Limit                     

[250 symbols]
