******************************************************************************
                  TI ARM Linker PC v5.2.5                      
******************************************************************************
>> Linked Tue Nov 24 13:39:16 2015

OUTPUT FILE NAME:   <solarity.out>
ENTRY POINT SYMBOL: "_c_int00"  address: 00003561


MEMORY CONFIGURATION

         name            origin    length      used     unused   attr    fill
----------------------  --------  ---------  --------  --------  ----  --------
  FLASH                 00000000   00040000  0000388a  0003c776  R  X
  FLASH_OTP             00200000   00004000  00000000  00004000  R  X
  SRAM                  20000000   00010000  0000cb6d  00003493  RW X


SEGMENT ALLOCATION MAP

run origin  load origin   length   init length attrs members
----------  ----------- ---------- ----------- ----- -------
00000000    00000000    00003890   00003890    r-x
  00000000    00000000    00000144   00000144    r-- .intvecs
  00000144    00000144    000035d4   000035d4    r-x .text
  00003718    00003718    00000122   00000122    r-- .const
  00003840    00003840    00000050   00000050    r-- .cinit
20000000    20000000    0000c96d   00000000    rw-
  20000000    20000000    000000e4   00000000    rw- .vtable
  200000e4    200000e4    0000c868   00000000    rw- .bss
  2000c94c    2000c94c    00000021   00000000    rw- .data
2000fe00    2000fe00    00000200   00000000    rw-
  2000fe00    2000fe00    00000200   00000000    rw- .stack


SECTION ALLOCATION MAP

 output                                  attributes/
section   page    origin      length       input sections
--------  ----  ----------  ----------   ----------------
.intvecs   0    00000000    00000144     
                  00000000    00000144     msp432_startup_ccs.obj (.intvecs)

.text      0    00000144    000035d4     
                  00000144    00000b58     cs.obj (.text)
                  00000c9c    00000890     spi.obj (.text)
                  0000152c    00000618     SIM800C.obj (.text)
                  00001b44    00000488     gpio.obj (.text)
                  00001fcc    0000042c     uart.obj (.text)
                  000023f8    000003f0     interrupt.obj (.text)
                  000027e8    000002d4     rtsv7M4_T_le_v4SPD16_eabi.lib : trgdrv.obj (.text)
                  00002abc    00000244     SL_Display.obj (.text)
                  00002d00    0000022c     timer32.obj (.text)
                  00002f2c    000001d0     sysctl.obj (.text)
                  000030fc    00000134     main.obj (.text)
                  00003230    000000d8     wdt_a.obj (.text)
                  00003308    0000009c     rtsv7M4_T_le_v4SPD16_eabi.lib : memcpy_t2.obj (.text)
                  000033a4    0000007a                                   : memset_t2.obj (.text)
                  0000341e    00000002     --HOLE-- [fill = 0]
                  00003420    0000006c                                   : autoinit.obj (.text)
                  0000348c    0000006a                                   : copy_decompress_rle.obj (.text)
                  000034f6    00000002     --HOLE-- [fill = 0]
                  000034f8    00000068                                   : trgmsg.obj (.text)
                  00003560    00000050                                   : boot.obj (.text)
                  000035b0    0000004c                                   : cpy_tbl.obj (.text)
                  000035fc    00000044                                   : exit.obj (.text)
                  00003640    0000003e     cpu.obj (.text)
                  0000367e    00000002     --HOLE-- [fill = 0]
                  00003680    00000018     rtsv7M4_T_le_v4SPD16_eabi.lib : args_main.obj (.text)
                  00003698    00000014                                   : _lock.obj (.text)
                  000036ac    00000014                                   : strcpy.obj (.text)
                  000036c0    00000014                                   : strlen.obj (.text)
                  000036d4    00000012     msp432_startup_ccs.obj (.text)
                  000036e6    0000000e     rtsv7M4_T_le_v4SPD16_eabi.lib : copy_decompress_none.obj (.text:decompress:none)
                  000036f4    0000000e                                   : time.obj (.text)
                  00003702    0000000c                                   : copy_zero_init.obj (.text:decompress:ZI)
                  0000370e    00000006                                   : copy_decompress_rle.obj (.text:decompress:rle24)
                  00003714    00000004                                   : pre_init.obj (.text)

.const     0    00003718    00000122     
                  00003718    00000050     interrupt.obj (.const:g_pulRegs)
                  00003768    00000040     interrupt.obj (.const)
                  000037a8    00000030     gpio.obj (.const:GPIO_PORT_TO_BASE)
                  000037d8    00000024     SIM800C.obj (.const:uartConfig)
                  000037fc    0000001c     SL_Display.obj (.const)
                  00003818    0000001c     gpio.obj (.const)
                  00003834    00000006     main.obj (.const:.string)

.cinit     0    00003840    00000050     
                  00003840    00000016     (.cinit..data.load) [load image, compression = rle]
                  00003856    00000002     --HOLE-- [fill = 0]
                  00003858    0000000c     (__TI_handler_table)
                  00003864    00000004     --HOLE-- [fill = 0]
                  00003868    00000008     (.cinit..bss.load) [load image, compression = zero_init]
                  00003870    00000008     (.cinit..vtable.load) [load image, compression = zero_init]
                  00003878    00000018     (__TI_cinit_table)

.vtable    0    20000000    000000e4     UNINITIALIZED
                  20000000    000000e4     interrupt.obj (.vtable)

.bss       0    200000e4    0000c868     UNINITIALIZED
                  200000e4    0000c350     SIM800C.obj (.bss:HTTPData)
                  2000c434    000003e8     SIM800C.obj (.bss:RXData)
                  2000c81c    00000120     rtsv7M4_T_le_v4SPD16_eabi.lib : trgmsg.obj (.bss:__CIOBUF_)
                  2000c93c    00000008     (.common:parmbuf)
                  2000c944    00000004     (.common:hfxtFreq)
                  2000c948    00000004     (.common:lfxtFreq)

.data      0    2000c94c    00000021     UNINITIALIZED
                  2000c94c    0000000c     SIM800C.obj (.data)
                  2000c958    00000008     rtsv7M4_T_le_v4SPD16_eabi.lib : _lock.obj (.data)
                  2000c960    00000008                                   : exit.obj (.data)
                  2000c968    00000004                                   : stkdepth_vars.obj (.data)
                  2000c96c    00000001     main.obj (.data)

.TI.noinit 
*          0    200000e4    00000000     UNINITIALIZED

.TI.persistent 
*          0    2000c94c    00000000     UNINITIALIZED

.stack     0    2000fe00    00000200     UNINITIALIZED
                  2000fe00    00000200     --HOLE--


LINKER GENERATED COPY TABLES

__TI_cinit_table @ 00003878 records: 3, size/record: 8, table size: 24
	.data: load addr=00003840, load size=00000016 bytes, run addr=2000c94c, run size=00000021 bytes, compression=rle
	.bss: load addr=00003868, load size=00000008 bytes, run addr=200000e4, run size=0000c868 bytes, compression=zero_init
	.vtable: load addr=00003870, load size=00000008 bytes, run addr=20000000, run size=000000e4 bytes, compression=zero_init


LINKER GENERATED HANDLER TABLE

__TI_handler_table @ 00003858 records: 3, size/record: 4, table size: 12
	index: 0, handler: __TI_zero_init
	index: 1, handler: __TI_decompress_rle24
	index: 2, handler: __TI_decompress_none


GLOBAL SYMBOLS: SORTED ALPHABETICALLY BY Name 

address   name                                       
-------   ----                                       
000035fd  C$$EXIT                                    
00003527  C$$IO$$                                    
00003675  CPU_basepriGet                             
00003667  CPU_basepriSet                             
00003641  CPU_cpsid                                  
00003657  CPU_cpsie                                  
0000364d  CPU_primask                                
00003663  CPU_wfi                                    
00000c01  CS_clearInterruptFlag                      
000006d7  CS_disableClockRequest                     
00000751  CS_disableDCOExternalResistor              
00000ae7  CS_disableFaultCounter                     
00000bb7  CS_disableInterrupt                        
000006b5  CS_enableClockRequest                      
00000727  CS_enableDCOExternalResistor               
00000abb  CS_enableFaultCounter                      
00000b95  CS_enableInterrupt                         
00000a45  CS_getACLK                                 
000009fd  CS_getBCLK                                 
000007fd  CS_getDCOFrequency                         
00000bdf  CS_getEnabledInterruptStatus               
00000a19  CS_getHSMCLK                               
00000bd9  CS_getInterruptStatus                      
00000a99  CS_getMCLK                                 
00000a71  CS_getSMCLK                                
000003fd  CS_initClockSignal                         
00000c2d  CS_registerInterrupt                       
00000b13  CS_resetFaultCounter                       
00000771  CS_setDCOCenteredFrequency                 
00000741  CS_setDCOExternalResistorCalibration       
000008d1  CS_setDCOFrequency                         
000003c1  CS_setExternalClockSourceFrequency         
00000705  CS_setReferenceOscillatorFrequency         
00000b51  CS_startFaultCounter                       
00000501  CS_startHFXT                               
00000525  CS_startHFXTWithTimeout                    
000005dd  CS_startLFXT                               
00000601  CS_startLFXTWithTimeout                    
000007a5  CS_tuneDCOFrequency                        
00000c49  CS_unregisterInterrupt                     
000017cb  Clear_HTTP_buffer                          
0000155d  Clear_RX_Buffer                            
000018f7  Close_Bearer_Connection                    
000013f7  EUSCI_A_SPI_changeClockPhasePolarity       
000014ab  EUSCI_A_SPI_clearInterruptFlag             
000014db  EUSCI_A_SPI_disable                        
00001479  EUSCI_A_SPI_disableInterrupt               
000014c5  EUSCI_A_SPI_enable                         
0000145f  EUSCI_A_SPI_enableInterrupt                
00001493  EUSCI_A_SPI_getInterruptStatus             
000014f1  EUSCI_A_SPI_getReceiveBufferAddressForDMA  
000014ff  EUSCI_A_SPI_getTransmitBufferAddressForDMA 
0000150d  EUSCI_A_SPI_isBusy                         
00001377  EUSCI_A_SPI_masterChangeClock              
0000144f  EUSCI_A_SPI_receiveData                    
00001357  EUSCI_A_SPI_select4PinFunctionality        
000013ad  EUSCI_A_SPI_slaveInit                      
00001439  EUSCI_A_SPI_transmitData                   
00001229  EUSCI_B_SPI_changeClockPhasePolarity       
000012dd  EUSCI_B_SPI_clearInterruptFlag             
0000130d  EUSCI_B_SPI_disable                        
000012ab  EUSCI_B_SPI_disableInterrupt               
000012f7  EUSCI_B_SPI_enable                         
00001291  EUSCI_B_SPI_enableInterrupt                
000012c5  EUSCI_B_SPI_getInterruptStatus             
00001323  EUSCI_B_SPI_getReceiveBufferAddressForDMA  
00001331  EUSCI_B_SPI_getTransmitBufferAddressForDMA 
0000133f  EUSCI_B_SPI_isBusy                         
000011ad  EUSCI_B_SPI_masterChangeClock              
00001281  EUSCI_B_SPI_receiveData                    
0000118d  EUSCI_B_SPI_select4PinFunctionality        
000011df  EUSCI_B_SPI_slaveInit                      
0000126b  EUSCI_B_SPI_transmitData                   
00001919  End_HTTP_Service                           
00001e6f  GPIO_clearInterruptFlag                    
00001e2f  GPIO_disableInterrupt                      
00001e0d  GPIO_enableInterrupt                       
00001ec7  GPIO_getEnabledInterruptStatus             
00001dd7  GPIO_getInputPinValue                      
00001e51  GPIO_getInterruptStatus                    
00001e91  GPIO_interruptEdgeSelect                   
00001f87  GPIO_registerInterrupt                     
00001b7f  GPIO_setAsInputPin                         
00001d33  GPIO_setAsInputPinWithPullDownResistor     
00001d85  GPIO_setAsInputPinWithPullUpResistor       
00001b45  GPIO_setAsOutputPin                        
00001c49  GPIO_setAsPeripheralModuleFunctionInputPin 
00001bc5  GPIO_setAsPeripheralModuleFunctionOutputPin
00001f43  GPIO_setDriveStrengthHigh                  
00001f65  GPIO_setDriveStrengthLow                   
00001ccd  GPIO_setOutputHighOnPin                    
00001cef  GPIO_setOutputLowOnPin                     
00001d11  GPIO_toggleOutputOnPin                     
00001fa7  GPIO_unregisterInterrupt                   
00002a75  HOSTclock                                  
00002a3d  HOSTclose                                  
000029ff  HOSTgetenv                                 
000029a3  HOSTlseek                                  
00002951  HOSTopen                                   
00002905  HOSTread                                   
000028a7  HOSTrename                                 
0000286d  HOSTtime                                   
00002835  HOSTunlink                                 
000027e9  HOSTwrite                                  
2000c94c  HTTPFLAG_FLAG                              
0000190f  Init_HTTP_Service                          
000025bb  Interrupt_disableInterrupt                 
0000240b  Interrupt_disableMaster                    
000027b9  Interrupt_disableSleepOnIsrExit            
00002549  Interrupt_enableInterrupt                  
000023fb  Interrupt_enableMaster                     
000027a7  Interrupt_enableSleepOnIsrExit             
00002523  Interrupt_getPriority                      
0000249b  Interrupt_getPriorityGrouping              
00002787  Interrupt_getPriorityMask                  
000027a1  Interrupt_getVectorTableAddress            
0000262d  Interrupt_isEnabled                        
000026b9  Interrupt_pendInterrupt                    
0000241b  Interrupt_registerInterrupt                
000024d3  Interrupt_setPriority                      
00002481  Interrupt_setPriorityGrouping              
00002777  Interrupt_setPriorityMask                  
00002791  Interrupt_setVectorTableAddress            
00002729  Interrupt_unpendInterrupt                  
0000246d  Interrupt_unregisterInterrupt              
2000c950  NumOfCharRecevied                          
2000c954  NumOfHttpData                              
000018ed  Open_Bearer_Connection                     
00001891  Read_HTTP_Content                          
000036d5  ResetISR                                   
UNDEFED   SHT$$INIT_ARRAY$$Base                      
UNDEFED   SHT$$INIT_ARRAY$$Limit                     
00002abd  SL_D_init                                  
00002b37  SL_D_sendByte                              
00002b55  SL_D_sendCmd                               
00002c05  SL_D_uploadImgData                         
00000e49  SPI_changeClockPhasePolarity               
00000da3  SPI_changeMasterClock                      
00000ffd  SPI_clearInterruptFlag                     
00000f7f  SPI_disableInterrupt                       
00000ed7  SPI_disableModule                          
00000f59  SPI_enableInterrupt                        
00000ebb  SPI_enableModule                           
00000fcd  SPI_getEnabledInterruptStatus              
00000fa5  SPI_getInterruptStatus                     
00000ef3  SPI_getReceiveBufferAddressForDMA          
00000f0f  SPI_getTransmitBufferAddressForDMA         
00000ccd  SPI_initMaster                             
00000dcb  SPI_initSlave                              
00000f31  SPI_isBusy                                 
00000e9f  SPI_receiveData                            
00001023  SPI_registerInterrupt                      
00000d7d  SPI_selectFourPinFunctionality             
00000e79  SPI_transmitData                           
000010e1  SPI_unregisterInterrupt                    
0000192d  Set_up_HTTP_Para                           
0000169f  Sync_GSM_Module_Baud_rate_with_host        
000030b1  SysCtl_disableGlitchFilter                 
00002f39  SysCtl_disableNMISource                    
00003049  SysCtl_disablePeripheralAtCPUHalt          
00002f85  SysCtl_disableSRAMBank                     
0000300d  SysCtl_disableSRAMBankRetention            
000030a5  SysCtl_enableGlitchFilter                  
00002f4d  SysCtl_enableNMISource                     
00003035  SysCtl_enablePeripheralAtCPUHalt           
00002f67  SysCtl_enableSRAMBank                      
00002fef  SysCtl_enableSRAMBankRetention             
00002f33  SysCtl_getFlashSize                        
00002f61  SysCtl_getNMISourceStatus                  
00002f2d  SysCtl_getSRAMSize                         
000030bd  SysCtl_getTempCalibrationConstant          
0000302b  SysCtl_rebootDevice                        
00003081  SysCtl_setWDTPasswordViolationResetType    
0000305d  SysCtl_setWDTTimeoutResetType              
00002ed7  Timer32_clearInterruptFlag                 
00002ec1  Timer32_disableInterrupt                   
00002eab  Timer32_enableInterrupt                    
00002eed  Timer32_getInterruptStatus                 
00002e2d  Timer32_getValue                           
00002e95  Timer32_haltTimer                          
00002d01  Timer32_initModule                         
00002efb  Timer32_registerInterrupt                  
00002da9  Timer32_setCount                           
00002deb  Timer32_setCountInBackground               
00002e3b  Timer32_startTimer                         
00002f11  Timer32_unregisterInterrupt                
000018c5  Transmit_HTTP_Read                         
000016c5  UART_GSM_init                              
0000152d  UART_PC_init                               
000022f1  UART_clearInterruptFlag                    
00002241  UART_disableInterrupt                      
0000211b  UART_disableModule                         
00002209  UART_enableInterrupt                       
00002105  UART_enableModule                          
00002295  UART_getEnabledInterruptStatus             
00002279  UART_getInterruptStatus                    
000021d1  UART_getReceiveBufferAddressForDMA         
000021df  UART_getTransmitBufferAddressForDMA        
00001fcd  UART_initModule                            
00002131  UART_queryStatusFlags                      
000020df  UART_receiveData                           
00002311  UART_registerInterrupt                     
00002159  UART_resetDormant                          
000021ed  UART_selectDeglitchTime                    
00002145  UART_setDormant                            
0000216d  UART_transmitAddress                       
0000218b  UART_transmitBreak                         
000020b5  UART_transmitData                          
0000238d  UART_unregisterInterrupt                   
00003271  WDT_A_clearTimer                           
00003231  WDT_A_holdTimer                            
000032ad  WDT_A_initIntervalTimer                    
00003291  WDT_A_initWatchdogTimer                    
000032e1  WDT_A_registerInterrupt                    
000032c9  WDT_A_setPasswordViolationReset            
000032d5  WDT_A_setTimeoutReset                      
00003251  WDT_A_startTimer                           
000032f5  WDT_A_unregisterInterrupt                  
2000c81c  __CIOBUF_                                  
20010000  __STACK_END                                
00000200  __STACK_SIZE                               
00003878  __TI_CINIT_Base                            
00003890  __TI_CINIT_Limit                           
00003858  __TI_Handler_Table_Base                    
00003864  __TI_Handler_Table_Limit                   
00003421  __TI_auto_init                             
2000c960  __TI_cleanup_ptr                           
000036e7  __TI_decompress_none                       
0000370f  __TI_decompress_rle24                      
2000c964  __TI_dtors_ptr                             
0000352b  __TI_readmsg                               
00000000  __TI_static_base__                         
000034f9  __TI_writemsg                              
00003703  __TI_zero_init                             
000033a5  __aeabi_memclr                             
000033a5  __aeabi_memclr4                            
000033a5  __aeabi_memclr8                            
00003309  __aeabi_memcpy                             
00003309  __aeabi_memcpy4                            
00003309  __aeabi_memcpy8                            
000033a7  __aeabi_memset                             
000033a7  __aeabi_memset4                            
000033a7  __aeabi_memset8                            
ffffffff  __binit__                                  
ffffffff  __c_args__                                 
2000fe00  __stack                                    
00003681  _args_main                                 
00003561  _c_int00                                   
2000c958  _lock                                      
000036a7  _nop                                       
0000369f  _register_lock                             
00003699  _register_unlock                           
00003715  _system_pre_init                           
2000c95c  _unlock                                    
00003601  abort                                      
ffffffff  binit                                      
2000c96c  call_server_flag                           
0000158b  check_for_OK                               
000035b1  copy_in                                    
00001723  euscia0_isr                                
00001749  euscia2_isr                                
00002ccf  euscib0_isr                                
00003609  exit                                       
20000000  g_pfnRAMVectors                            
00000000  g_pfnVectors                               
000030fd  init_timer32_0                             
000031d1  main                                       
2000c968  main_func_sp                               
00003309  memcpy                                     
000033ad  memset                                     
00001959  request_to_server                          
00001611  send_AT_command                            
0000180d  set_up_bearer_fido                         
0000184d  set_up_bearer_rogers                       
000037fc  spiMasterConfig                            
000036ad  strcpy                                     
000036c1  strlen                                     
000036f5  time                                       
00003135  timer32_0_isr                              
000037d8  uartConfig                                 
00003159  update_display                             


GLOBAL SYMBOLS: SORTED BY Symbol Address 

address   name                                       
-------   ----                                       
00000000  __TI_static_base__                         
00000000  g_pfnVectors                               
00000200  __STACK_SIZE                               
000003c1  CS_setExternalClockSourceFrequency         
000003fd  CS_initClockSignal                         
00000501  CS_startHFXT                               
00000525  CS_startHFXTWithTimeout                    
000005dd  CS_startLFXT                               
00000601  CS_startLFXTWithTimeout                    
000006b5  CS_enableClockRequest                      
000006d7  CS_disableClockRequest                     
00000705  CS_setReferenceOscillatorFrequency         
00000727  CS_enableDCOExternalResistor               
00000741  CS_setDCOExternalResistorCalibration       
00000751  CS_disableDCOExternalResistor              
00000771  CS_setDCOCenteredFrequency                 
000007a5  CS_tuneDCOFrequency                        
000007fd  CS_getDCOFrequency                         
000008d1  CS_setDCOFrequency                         
000009fd  CS_getBCLK                                 
00000a19  CS_getHSMCLK                               
00000a45  CS_getACLK                                 
00000a71  CS_getSMCLK                                
00000a99  CS_getMCLK                                 
00000abb  CS_enableFaultCounter                      
00000ae7  CS_disableFaultCounter                     
00000b13  CS_resetFaultCounter                       
00000b51  CS_startFaultCounter                       
00000b95  CS_enableInterrupt                         
00000bb7  CS_disableInterrupt                        
00000bd9  CS_getInterruptStatus                      
00000bdf  CS_getEnabledInterruptStatus               
00000c01  CS_clearInterruptFlag                      
00000c2d  CS_registerInterrupt                       
00000c49  CS_unregisterInterrupt                     
00000ccd  SPI_initMaster                             
00000d7d  SPI_selectFourPinFunctionality             
00000da3  SPI_changeMasterClock                      
00000dcb  SPI_initSlave                              
00000e49  SPI_changeClockPhasePolarity               
00000e79  SPI_transmitData                           
00000e9f  SPI_receiveData                            
00000ebb  SPI_enableModule                           
00000ed7  SPI_disableModule                          
00000ef3  SPI_getReceiveBufferAddressForDMA          
00000f0f  SPI_getTransmitBufferAddressForDMA         
00000f31  SPI_isBusy                                 
00000f59  SPI_enableInterrupt                        
00000f7f  SPI_disableInterrupt                       
00000fa5  SPI_getInterruptStatus                     
00000fcd  SPI_getEnabledInterruptStatus              
00000ffd  SPI_clearInterruptFlag                     
00001023  SPI_registerInterrupt                      
000010e1  SPI_unregisterInterrupt                    
0000118d  EUSCI_B_SPI_select4PinFunctionality        
000011ad  EUSCI_B_SPI_masterChangeClock              
000011df  EUSCI_B_SPI_slaveInit                      
00001229  EUSCI_B_SPI_changeClockPhasePolarity       
0000126b  EUSCI_B_SPI_transmitData                   
00001281  EUSCI_B_SPI_receiveData                    
00001291  EUSCI_B_SPI_enableInterrupt                
000012ab  EUSCI_B_SPI_disableInterrupt               
000012c5  EUSCI_B_SPI_getInterruptStatus             
000012dd  EUSCI_B_SPI_clearInterruptFlag             
000012f7  EUSCI_B_SPI_enable                         
0000130d  EUSCI_B_SPI_disable                        
00001323  EUSCI_B_SPI_getReceiveBufferAddressForDMA  
00001331  EUSCI_B_SPI_getTransmitBufferAddressForDMA 
0000133f  EUSCI_B_SPI_isBusy                         
00001357  EUSCI_A_SPI_select4PinFunctionality        
00001377  EUSCI_A_SPI_masterChangeClock              
000013ad  EUSCI_A_SPI_slaveInit                      
000013f7  EUSCI_A_SPI_changeClockPhasePolarity       
00001439  EUSCI_A_SPI_transmitData                   
0000144f  EUSCI_A_SPI_receiveData                    
0000145f  EUSCI_A_SPI_enableInterrupt                
00001479  EUSCI_A_SPI_disableInterrupt               
00001493  EUSCI_A_SPI_getInterruptStatus             
000014ab  EUSCI_A_SPI_clearInterruptFlag             
000014c5  EUSCI_A_SPI_enable                         
000014db  EUSCI_A_SPI_disable                        
000014f1  EUSCI_A_SPI_getReceiveBufferAddressForDMA  
000014ff  EUSCI_A_SPI_getTransmitBufferAddressForDMA 
0000150d  EUSCI_A_SPI_isBusy                         
0000152d  UART_PC_init                               
0000155d  Clear_RX_Buffer                            
0000158b  check_for_OK                               
00001611  send_AT_command                            
0000169f  Sync_GSM_Module_Baud_rate_with_host        
000016c5  UART_GSM_init                              
00001723  euscia0_isr                                
00001749  euscia2_isr                                
000017cb  Clear_HTTP_buffer                          
0000180d  set_up_bearer_fido                         
0000184d  set_up_bearer_rogers                       
00001891  Read_HTTP_Content                          
000018c5  Transmit_HTTP_Read                         
000018ed  Open_Bearer_Connection                     
000018f7  Close_Bearer_Connection                    
0000190f  Init_HTTP_Service                          
00001919  End_HTTP_Service                           
0000192d  Set_up_HTTP_Para                           
00001959  request_to_server                          
00001b45  GPIO_setAsOutputPin                        
00001b7f  GPIO_setAsInputPin                         
00001bc5  GPIO_setAsPeripheralModuleFunctionOutputPin
00001c49  GPIO_setAsPeripheralModuleFunctionInputPin 
00001ccd  GPIO_setOutputHighOnPin                    
00001cef  GPIO_setOutputLowOnPin                     
00001d11  GPIO_toggleOutputOnPin                     
00001d33  GPIO_setAsInputPinWithPullDownResistor     
00001d85  GPIO_setAsInputPinWithPullUpResistor       
00001dd7  GPIO_getInputPinValue                      
00001e0d  GPIO_enableInterrupt                       
00001e2f  GPIO_disableInterrupt                      
00001e51  GPIO_getInterruptStatus                    
00001e6f  GPIO_clearInterruptFlag                    
00001e91  GPIO_interruptEdgeSelect                   
00001ec7  GPIO_getEnabledInterruptStatus             
00001f43  GPIO_setDriveStrengthHigh                  
00001f65  GPIO_setDriveStrengthLow                   
00001f87  GPIO_registerInterrupt                     
00001fa7  GPIO_unregisterInterrupt                   
00001fcd  UART_initModule                            
000020b5  UART_transmitData                          
000020df  UART_receiveData                           
00002105  UART_enableModule                          
0000211b  UART_disableModule                         
00002131  UART_queryStatusFlags                      
00002145  UART_setDormant                            
00002159  UART_resetDormant                          
0000216d  UART_transmitAddress                       
0000218b  UART_transmitBreak                         
000021d1  UART_getReceiveBufferAddressForDMA         
000021df  UART_getTransmitBufferAddressForDMA        
000021ed  UART_selectDeglitchTime                    
00002209  UART_enableInterrupt                       
00002241  UART_disableInterrupt                      
00002279  UART_getInterruptStatus                    
00002295  UART_getEnabledInterruptStatus             
000022f1  UART_clearInterruptFlag                    
00002311  UART_registerInterrupt                     
0000238d  UART_unregisterInterrupt                   
000023fb  Interrupt_enableMaster                     
0000240b  Interrupt_disableMaster                    
0000241b  Interrupt_registerInterrupt                
0000246d  Interrupt_unregisterInterrupt              
00002481  Interrupt_setPriorityGrouping              
0000249b  Interrupt_getPriorityGrouping              
000024d3  Interrupt_setPriority                      
00002523  Interrupt_getPriority                      
00002549  Interrupt_enableInterrupt                  
000025bb  Interrupt_disableInterrupt                 
0000262d  Interrupt_isEnabled                        
000026b9  Interrupt_pendInterrupt                    
00002729  Interrupt_unpendInterrupt                  
00002777  Interrupt_setPriorityMask                  
00002787  Interrupt_getPriorityMask                  
00002791  Interrupt_setVectorTableAddress            
000027a1  Interrupt_getVectorTableAddress            
000027a7  Interrupt_enableSleepOnIsrExit             
000027b9  Interrupt_disableSleepOnIsrExit            
000027e9  HOSTwrite                                  
00002835  HOSTunlink                                 
0000286d  HOSTtime                                   
000028a7  HOSTrename                                 
00002905  HOSTread                                   
00002951  HOSTopen                                   
000029a3  HOSTlseek                                  
000029ff  HOSTgetenv                                 
00002a3d  HOSTclose                                  
00002a75  HOSTclock                                  
00002abd  SL_D_init                                  
00002b37  SL_D_sendByte                              
00002b55  SL_D_sendCmd                               
00002c05  SL_D_uploadImgData                         
00002ccf  euscib0_isr                                
00002d01  Timer32_initModule                         
00002da9  Timer32_setCount                           
00002deb  Timer32_setCountInBackground               
00002e2d  Timer32_getValue                           
00002e3b  Timer32_startTimer                         
00002e95  Timer32_haltTimer                          
00002eab  Timer32_enableInterrupt                    
00002ec1  Timer32_disableInterrupt                   
00002ed7  Timer32_clearInterruptFlag                 
00002eed  Timer32_getInterruptStatus                 
00002efb  Timer32_registerInterrupt                  
00002f11  Timer32_unregisterInterrupt                
00002f2d  SysCtl_getSRAMSize                         
00002f33  SysCtl_getFlashSize                        
00002f39  SysCtl_disableNMISource                    
00002f4d  SysCtl_enableNMISource                     
00002f61  SysCtl_getNMISourceStatus                  
00002f67  SysCtl_enableSRAMBank                      
00002f85  SysCtl_disableSRAMBank                     
00002fef  SysCtl_enableSRAMBankRetention             
0000300d  SysCtl_disableSRAMBankRetention            
0000302b  SysCtl_rebootDevice                        
00003035  SysCtl_enablePeripheralAtCPUHalt           
00003049  SysCtl_disablePeripheralAtCPUHalt          
0000305d  SysCtl_setWDTTimeoutResetType              
00003081  SysCtl_setWDTPasswordViolationResetType    
000030a5  SysCtl_enableGlitchFilter                  
000030b1  SysCtl_disableGlitchFilter                 
000030bd  SysCtl_getTempCalibrationConstant          
000030fd  init_timer32_0                             
00003135  timer32_0_isr                              
00003159  update_display                             
000031d1  main                                       
00003231  WDT_A_holdTimer                            
00003251  WDT_A_startTimer                           
00003271  WDT_A_clearTimer                           
00003291  WDT_A_initWatchdogTimer                    
000032ad  WDT_A_initIntervalTimer                    
000032c9  WDT_A_setPasswordViolationReset            
000032d5  WDT_A_setTimeoutReset                      
000032e1  WDT_A_registerInterrupt                    
000032f5  WDT_A_unregisterInterrupt                  
00003309  __aeabi_memcpy                             
00003309  __aeabi_memcpy4                            
00003309  __aeabi_memcpy8                            
00003309  memcpy                                     
000033a5  __aeabi_memclr                             
000033a5  __aeabi_memclr4                            
000033a5  __aeabi_memclr8                            
000033a7  __aeabi_memset                             
000033a7  __aeabi_memset4                            
000033a7  __aeabi_memset8                            
000033ad  memset                                     
00003421  __TI_auto_init                             
000034f9  __TI_writemsg                              
00003527  C$$IO$$                                    
0000352b  __TI_readmsg                               
00003561  _c_int00                                   
000035b1  copy_in                                    
000035fd  C$$EXIT                                    
00003601  abort                                      
00003609  exit                                       
00003641  CPU_cpsid                                  
0000364d  CPU_primask                                
00003657  CPU_cpsie                                  
00003663  CPU_wfi                                    
00003667  CPU_basepriSet                             
00003675  CPU_basepriGet                             
00003681  _args_main                                 
00003699  _register_unlock                           
0000369f  _register_lock                             
000036a7  _nop                                       
000036ad  strcpy                                     
000036c1  strlen                                     
000036d5  ResetISR                                   
000036e7  __TI_decompress_none                       
000036f5  time                                       
00003703  __TI_zero_init                             
0000370f  __TI_decompress_rle24                      
00003715  _system_pre_init                           
000037d8  uartConfig                                 
000037fc  spiMasterConfig                            
00003858  __TI_Handler_Table_Base                    
00003864  __TI_Handler_Table_Limit                   
00003878  __TI_CINIT_Base                            
00003890  __TI_CINIT_Limit                           
20000000  g_pfnRAMVectors                            
2000c81c  __CIOBUF_                                  
2000c94c  HTTPFLAG_FLAG                              
2000c950  NumOfCharRecevied                          
2000c954  NumOfHttpData                              
2000c958  _lock                                      
2000c95c  _unlock                                    
2000c960  __TI_cleanup_ptr                           
2000c964  __TI_dtors_ptr                             
2000c968  main_func_sp                               
2000c96c  call_server_flag                           
2000fe00  __stack                                    
20010000  __STACK_END                                
ffffffff  __binit__                                  
ffffffff  __c_args__                                 
ffffffff  binit                                      
UNDEFED   SHT$$INIT_ARRAY$$Base                      
UNDEFED   SHT$$INIT_ARRAY$$Limit                     

[281 symbols]
