******************************************************************************
                  TI ARM Linker PC v15.9.0                     
******************************************************************************
>> Linked Sun Nov 22 19:31:34 2015

OUTPUT FILE NAME:   <solarity.out>
ENTRY POINT SYMBOL: "_c_int00"  address: 000032c5


MEMORY CONFIGURATION

         name            origin    length      used     unused   attr    fill
----------------------  --------  ---------  --------  --------  ----  --------
  FLASH                 00000000   00040000  000035cc  0003ca34  R  X
  FLASH_OTP             00200000   00004000  00000000  00004000  R  X
  SRAM                  20000000   00010000  0000ca45  000035bb  RW X


SEGMENT ALLOCATION MAP

run origin  load origin   length   init length attrs members
----------  ----------- ---------- ----------- ----- -------
00000000    00000000    000035d0   000035d0    r-x
  00000000    00000000    00000144   00000144    r-- .intvecs
  00000144    00000144    00003316   00003316    r-x .text
  0000345c    0000345c    00000122   00000122    r-- .const
  00003580    00003580    00000050   00000050    r-- .cinit
20000000    20000000    0000c845   00000000    rw-
  20000000    20000000    000000e4   00000000    rw- .vtable
  200000e4    200000e4    0000c740   00000000    rw- .bss
  2000c824    2000c824    00000021   00000000    rw- .data
2000fe00    2000fe00    00000200   00000000    rw-
  2000fe00    2000fe00    00000200   00000000    rw- .stack


SECTION ALLOCATION MAP

 output                                  attributes/
section   page    origin      length       input sections
--------  ----  ----------  ----------   ----------------
.intvecs   0    00000000    00000144     
                  00000000    00000144     msp432_startup_ccs.obj (.intvecs)

.text      0    00000144    00003316     
                  00000144    00000b58     cs.obj (.text)
                  00000c9c    00000890     spi.obj (.text)
                  0000152c    00000710     SIM800C.obj (.text)
                  00001c3c    00000488     gpio.obj (.text)
                  000020c4    0000042c     uart.obj (.text)
                  000024f0    000003f0     interrupt.obj (.text)
                  000028e0    00000244     SL_Display.obj (.text)
                  00002b24    0000022c     timer32.obj (.text)
                  00002d50    000001d0     sysctl.obj (.text)
                  00002f20    000000dc     main.obj (.text)
                  00002ffc    000000d8     wdt_a.obj (.text)
                  000030d4    0000009c     rtsv7M4_T_le_v4SPD16_eabi.lib : memcpy_t2.obj (.text)
                  00003170    0000007a                                   : memset_t2.obj (.text)
                  000031ea    00000002     --HOLE-- [fill = 0]
                  000031ec    0000006c                                   : autoinit.obj (.text)
                  00003258    0000006a                                   : copy_decompress_rle.obj (.text)
                  000032c2    00000002     --HOLE-- [fill = 0]
                  000032c4    00000050                                   : boot.obj (.text)
                  00003314    0000004c                                   : cpy_tbl.obj (.text)
                  00003360    00000044                                   : exit.obj (.text)
                  000033a4    0000003e     cpu.obj (.text)
                  000033e2    00000002     --HOLE-- [fill = 0]
                  000033e4    00000018     rtsv7M4_T_le_v4SPD16_eabi.lib : args_main.obj (.text)
                  000033fc    00000014                                   : _lock.obj (.text)
                  00003410    00000014                                   : strlen.obj (.text)
                  00003424    00000012     msp432_startup_ccs.obj (.text)
                  00003436    0000000e     rtsv7M4_T_le_v4SPD16_eabi.lib : copy_decompress_none.obj (.text:decompress:none)
                  00003444    0000000c                                   : copy_zero_init.obj (.text:decompress:ZI)
                  00003450    00000006                                   : copy_decompress_rle.obj (.text:decompress:rle24)
                  00003456    00000004                                   : pre_init.obj (.text)

.const     0    0000345c    00000122     
                  0000345c    00000050     interrupt.obj (.const:g_pulRegs)
                  000034ac    00000040     interrupt.obj (.const)
                  000034ec    00000030     gpio.obj (.const:GPIO_PORT_TO_BASE)
                  0000351c    00000024     SIM800C.obj (.const:uartConfig)
                  00003540    0000001c     SL_Display.obj (.const)
                  0000355c    0000001c     gpio.obj (.const)
                  00003578    00000006     main.obj (.const:.string)

.cinit     0    00003580    00000050     
                  00003580    00000016     (.cinit..data.load) [load image, compression = rle]
                  00003596    00000002     --HOLE-- [fill = 0]
                  00003598    0000000c     (__TI_handler_table)
                  000035a4    00000004     --HOLE-- [fill = 0]
                  000035a8    00000008     (.cinit..bss.load) [load image, compression = zero_init]
                  000035b0    00000008     (.cinit..vtable.load) [load image, compression = zero_init]
                  000035b8    00000018     (__TI_cinit_table)

.vtable    0    20000000    000000e4     UNINITIALIZED
                  20000000    000000e4     interrupt.obj (.vtable)

.bss       0    200000e4    0000c740     UNINITIALIZED
                  200000e4    0000c350     SIM800C.obj (.bss:HTTPData)
                  2000c434    000003e8     SIM800C.obj (.bss:RXData)
                  2000c81c    00000004     (.common:hfxtFreq)
                  2000c820    00000004     (.common:lfxtFreq)

.data      0    2000c824    00000021     UNINITIALIZED
                  2000c824    0000000c     SIM800C.obj (.data)
                  2000c830    00000008     rtsv7M4_T_le_v4SPD16_eabi.lib : _lock.obj (.data)
                  2000c838    00000008                                   : exit.obj (.data)
                  2000c840    00000004                                   : stkdepth_vars.obj (.data)
                  2000c844    00000001     main.obj (.data)

.TI.noinit 
*          0    200000e4    00000000     UNINITIALIZED

.TI.persistent 
*          0    2000c824    00000000     UNINITIALIZED

.stack     0    2000fe00    00000200     UNINITIALIZED
                  2000fe00    00000200     --HOLE--

MODULE SUMMARY

       Module                     code    ro data   rw data
       ------                     ----    -------   -------
    .\
       SIM800C.obj                1808    36        51012  
       SL_Display.obj             580     28        0      
       msp432_startup_ccs.obj     18      324       0      
       main.obj                   220     6         1      
    +--+--------------------------+-------+---------+---------+
       Total:                     2626    394       51013  
                                                           
    .\driverlib\MSP432P4xx\
       cs.obj                     2904    0         8      
       spi.obj                    2192    0         0      
       interrupt.obj              1008    144       228    
       gpio.obj                   1160    76        0      
       uart.obj                   1068    0         0      
       timer32.obj                556     0         0      
       sysctl.obj                 464     0         0      
       wdt_a.obj                  216     0         0      
       cpu.obj                    62      0         0      
    +--+--------------------------+-------+---------+---------+
       Total:                     9630    220       236    
                                                           
    C:\ti\ccsv6\tools\compiler\ti-cgt-arm_15.9.0.STS\lib\rtsv7M4_T_le_v4SPD16_eabi.lib
       memcpy_t2.obj              156     0         0      
       memset_t2.obj              122     0         0      
       copy_decompress_rle.obj    112     0         0      
       autoinit.obj               108     0         0      
       boot.obj                   80      0         0      
       cpy_tbl.obj                76      0         0      
       exit.obj                   68      0         8      
       _lock.obj                  20      0         8      
       args_main.obj              24      0         0      
       strlen.obj                 20      0         0      
       copy_decompress_none.obj   14      0         0      
       copy_zero_init.obj         12      0         0      
       pre_init.obj               4       0         0      
       stkdepth_vars.obj          0       0         4      
    +--+--------------------------+-------+---------+---------+
       Total:                     816     0         20     
                                                           
       Stack:                     0       0         512    
       Linker Generated:          0       74        0      
    +--+--------------------------+-------+---------+---------+
       Grand Total:               13072   688       51781  


LINKER GENERATED COPY TABLES

__TI_cinit_table @ 000035b8 records: 3, size/record: 8, table size: 24
	.data: load addr=00003580, load size=00000016 bytes, run addr=2000c824, run size=00000021 bytes, compression=rle
	.bss: load addr=000035a8, load size=00000008 bytes, run addr=200000e4, run size=0000c740 bytes, compression=zero_init
	.vtable: load addr=000035b0, load size=00000008 bytes, run addr=20000000, run size=000000e4 bytes, compression=zero_init


LINKER GENERATED HANDLER TABLE

__TI_handler_table @ 00003598 records: 3, size/record: 4, table size: 12
	index: 0, handler: __TI_zero_init
	index: 1, handler: __TI_decompress_rle24
	index: 2, handler: __TI_decompress_none


GLOBAL SYMBOLS: SORTED ALPHABETICALLY BY Name 

address   name                                       
-------   ----                                       
00003361  C$$EXIT                                    
000033d9  CPU_basepriGet                             
000033cb  CPU_basepriSet                             
000033a5  CPU_cpsid                                  
000033bb  CPU_cpsie                                  
000033b1  CPU_primask                                
000033c7  CPU_wfi                                    
00000c01  CS_clearInterruptFlag                      
000006d7  CS_disableClockRequest                     
00000751  CS_disableDCOExternalResistor              
00000ae7  CS_disableFaultCounter                     
00000bb7  CS_disableInterrupt                        
000006b5  CS_enableClockRequest                      
00000727  CS_enableDCOExternalResistor               
00000abb  CS_enableFaultCounter                      
00000b95  CS_enableInterrupt                         
00000a45  CS_getACLK                                 
000009fd  CS_getBCLK                                 
000007fd  CS_getDCOFrequency                         
00000bdf  CS_getEnabledInterruptStatus               
00000a19  CS_getHSMCLK                               
00000bd9  CS_getInterruptStatus                      
00000a99  CS_getMCLK                                 
00000a71  CS_getSMCLK                                
000003fd  CS_initClockSignal                         
00000c2d  CS_registerInterrupt                       
00000b13  CS_resetFaultCounter                       
00000771  CS_setDCOCenteredFrequency                 
00000741  CS_setDCOExternalResistorCalibration       
000008d1  CS_setDCOFrequency                         
000003c1  CS_setExternalClockSourceFrequency         
00000705  CS_setReferenceOscillatorFrequency         
00000b51  CS_startFaultCounter                       
00000501  CS_startHFXT                               
00000525  CS_startHFXTWithTimeout                    
000005dd  CS_startLFXT                               
00000601  CS_startLFXTWithTimeout                    
000007a5  CS_tuneDCOFrequency                        
00000c49  CS_unregisterInterrupt                     
00001727  Clear_HTTP_buffer                          
000016f9  Clear_RX_Buffer                            
00001915  Close_Bearer_Connection                    
000013f7  EUSCI_A_SPI_changeClockPhasePolarity       
000014ab  EUSCI_A_SPI_clearInterruptFlag             
000014db  EUSCI_A_SPI_disable                        
00001479  EUSCI_A_SPI_disableInterrupt               
000014c5  EUSCI_A_SPI_enable                         
0000145f  EUSCI_A_SPI_enableInterrupt                
00001493  EUSCI_A_SPI_getInterruptStatus             
000014f1  EUSCI_A_SPI_getReceiveBufferAddressForDMA  
000014ff  EUSCI_A_SPI_getTransmitBufferAddressForDMA 
0000150d  EUSCI_A_SPI_isBusy                         
00001377  EUSCI_A_SPI_masterChangeClock              
0000144f  EUSCI_A_SPI_receiveData                    
00001357  EUSCI_A_SPI_select4PinFunctionality        
000013ad  EUSCI_A_SPI_slaveInit                      
00001439  EUSCI_A_SPI_transmitData                   
00001229  EUSCI_B_SPI_changeClockPhasePolarity       
000012dd  EUSCI_B_SPI_clearInterruptFlag             
0000130d  EUSCI_B_SPI_disable                        
000012ab  EUSCI_B_SPI_disableInterrupt               
000012f7  EUSCI_B_SPI_enable                         
00001291  EUSCI_B_SPI_enableInterrupt                
000012c5  EUSCI_B_SPI_getInterruptStatus             
00001323  EUSCI_B_SPI_getReceiveBufferAddressForDMA  
00001331  EUSCI_B_SPI_getTransmitBufferAddressForDMA 
0000133f  EUSCI_B_SPI_isBusy                         
000011ad  EUSCI_B_SPI_masterChangeClock              
00001281  EUSCI_B_SPI_receiveData                    
0000118d  EUSCI_B_SPI_select4PinFunctionality        
000011df  EUSCI_B_SPI_slaveInit                      
0000126b  EUSCI_B_SPI_transmitData                   
00001937  End_HTTP_Service                           
00001f67  GPIO_clearInterruptFlag                    
00001f27  GPIO_disableInterrupt                      
00001f05  GPIO_enableInterrupt                       
00001fbf  GPIO_getEnabledInterruptStatus             
00001ecf  GPIO_getInputPinValue                      
00001f49  GPIO_getInterruptStatus                    
00001f89  GPIO_interruptEdgeSelect                   
0000207f  GPIO_registerInterrupt                     
00001c77  GPIO_setAsInputPin                         
00001e2b  GPIO_setAsInputPinWithPullDownResistor     
00001e7d  GPIO_setAsInputPinWithPullUpResistor       
00001c3d  GPIO_setAsOutputPin                        
00001d41  GPIO_setAsPeripheralModuleFunctionInputPin 
00001cbd  GPIO_setAsPeripheralModuleFunctionOutputPin
0000203b  GPIO_setDriveStrengthHigh                  
0000205d  GPIO_setDriveStrengthLow                   
00001dc5  GPIO_setOutputHighOnPin                    
00001de7  GPIO_setOutputLowOnPin                     
00001e09  GPIO_toggleOutputOnPin                     
0000209f  GPIO_unregisterInterrupt                   
2000c824  HTTPFLAG_FLAG                              
0000192d  Init_HTTP_Service                          
000026b3  Interrupt_disableInterrupt                 
00002503  Interrupt_disableMaster                    
000028b1  Interrupt_disableSleepOnIsrExit            
00002641  Interrupt_enableInterrupt                  
000024f3  Interrupt_enableMaster                     
0000289f  Interrupt_enableSleepOnIsrExit             
0000261b  Interrupt_getPriority                      
00002593  Interrupt_getPriorityGrouping              
0000287f  Interrupt_getPriorityMask                  
00002899  Interrupt_getVectorTableAddress            
00002725  Interrupt_isEnabled                        
000027b1  Interrupt_pendInterrupt                    
00002513  Interrupt_registerInterrupt                
000025cb  Interrupt_setPriority                      
00002579  Interrupt_setPriorityGrouping              
0000286f  Interrupt_setPriorityMask                  
00002889  Interrupt_setVectorTableAddress            
00002821  Interrupt_unpendInterrupt                  
00002565  Interrupt_unregisterInterrupt              
2000c828  NumOfCharRecevied                          
2000c82c  NumOfHttpData                              
0000190b  Open_Bearer_Connection                     
0000188d  Read_HTTP_Content                          
00003425  ResetISR                                   
UNDEFED   SHT$$INIT_ARRAY$$Base                      
UNDEFED   SHT$$INIT_ARRAY$$Limit                     
000028e1  SL_D_init                                  
0000295b  SL_D_sendByte                              
00002979  SL_D_sendCmd                               
00002a29  SL_D_uploadImgData                         
00000e49  SPI_changeClockPhasePolarity               
00000da3  SPI_changeMasterClock                      
00000ffd  SPI_clearInterruptFlag                     
00000f7f  SPI_disableInterrupt                       
00000ed7  SPI_disableModule                          
00000f59  SPI_enableInterrupt                        
00000ebb  SPI_enableModule                           
00000fcd  SPI_getEnabledInterruptStatus              
00000fa5  SPI_getInterruptStatus                     
00000ef3  SPI_getReceiveBufferAddressForDMA          
00000f0f  SPI_getTransmitBufferAddressForDMA         
00000ccd  SPI_initMaster                             
00000dcb  SPI_initSlave                              
00000f31  SPI_isBusy                                 
00000e9f  SPI_receiveData                            
00001023  SPI_registerInterrupt                      
00000d7d  SPI_selectFourPinFunctionality             
00000e79  SPI_transmitData                           
000010e1  SPI_unregisterInterrupt                    
00001941  Set_up_HTTP_Para                           
00002ed5  SysCtl_disableGlitchFilter                 
00002d5d  SysCtl_disableNMISource                    
00002e6d  SysCtl_disablePeripheralAtCPUHalt          
00002da9  SysCtl_disableSRAMBank                     
00002e31  SysCtl_disableSRAMBankRetention            
00002ec9  SysCtl_enableGlitchFilter                  
00002d71  SysCtl_enableNMISource                     
00002e59  SysCtl_enablePeripheralAtCPUHalt           
00002d8b  SysCtl_enableSRAMBank                      
00002e13  SysCtl_enableSRAMBankRetention             
00002d57  SysCtl_getFlashSize                        
00002d85  SysCtl_getNMISourceStatus                  
00002d51  SysCtl_getSRAMSize                         
00002ee1  SysCtl_getTempCalibrationConstant          
00002e4f  SysCtl_rebootDevice                        
00002ea5  SysCtl_setWDTPasswordViolationResetType    
00002e81  SysCtl_setWDTTimeoutResetType              
00002cfb  Timer32_clearInterruptFlag                 
00002ce5  Timer32_disableInterrupt                   
00002ccf  Timer32_enableInterrupt                    
00002d11  Timer32_getInterruptStatus                 
00002c51  Timer32_getValue                           
00002cb9  Timer32_haltTimer                          
00002b25  Timer32_initModule                         
00002d1f  Timer32_registerInterrupt                  
00002bcd  Timer32_setCount                           
00002c0f  Timer32_setCountInBackground               
00002c5f  Timer32_startTimer                         
00002d35  Timer32_unregisterInterrupt                
000018c5  Transmit_HTTP_Read                         
0000155d  UART_GSM_init                              
0000152d  UART_PC_init                               
000023e9  UART_clearInterruptFlag                    
00002339  UART_disableInterrupt                      
00002213  UART_disableModule                         
00002301  UART_enableInterrupt                       
000021fd  UART_enableModule                          
0000238d  UART_getEnabledInterruptStatus             
00002371  UART_getInterruptStatus                    
000022c9  UART_getReceiveBufferAddressForDMA         
000022d7  UART_getTransmitBufferAddressForDMA        
000020c5  UART_initModule                            
00002229  UART_queryStatusFlags                      
000021d7  UART_receiveData                           
00002409  UART_registerInterrupt                     
00002251  UART_resetDormant                          
000022e5  UART_selectDeglitchTime                    
0000223d  UART_setDormant                            
00002265  UART_transmitAddress                       
00002283  UART_transmitBreak                         
000021ad  UART_transmitData                          
00002485  UART_unregisterInterrupt                   
0000303d  WDT_A_clearTimer                           
00002ffd  WDT_A_holdTimer                            
00003079  WDT_A_initIntervalTimer                    
0000305d  WDT_A_initWatchdogTimer                    
000030ad  WDT_A_registerInterrupt                    
00003095  WDT_A_setPasswordViolationReset            
000030a1  WDT_A_setTimeoutReset                      
0000301d  WDT_A_startTimer                           
000030c1  WDT_A_unregisterInterrupt                  
20010000  __STACK_END                                
00000200  __STACK_SIZE                               
000035b8  __TI_CINIT_Base                            
000035d0  __TI_CINIT_Limit                           
00003598  __TI_Handler_Table_Base                    
000035a4  __TI_Handler_Table_Limit                   
000031ed  __TI_auto_init                             
2000c838  __TI_cleanup_ptr                           
00003437  __TI_decompress_none                       
00003451  __TI_decompress_rle24                      
2000c83c  __TI_dtors_ptr                             
00000000  __TI_static_base__                         
00003445  __TI_zero_init                             
00003171  __aeabi_memclr                             
00003171  __aeabi_memclr4                            
00003171  __aeabi_memclr8                            
000030d5  __aeabi_memcpy                             
000030d5  __aeabi_memcpy4                            
000030d5  __aeabi_memcpy8                            
00003173  __aeabi_memset                             
00003173  __aeabi_memset4                            
00003173  __aeabi_memset8                            
ffffffff  __binit__                                  
ffffffff  __c_args__                                 
2000fe00  __stack                                    
000033e5  _args_main                                 
000032c5  _c_int00                                   
2000c830  _lock                                      
0000340b  _nop                                       
00003403  _register_lock                             
000033fd  _register_unlock                           
00003457  _system_pre_init                           
2000c834  _unlock                                    
00003365  abort                                      
ffffffff  binit                                      
2000c844  call_server_flag                           
00001673  check_for_OK                               
00003315  copy_in                                    
000015cb  euscia0_isr                                
000015f1  euscia2_isr                                
00002af3  euscib0_isr                                
0000336d  exit                                       
00001a75  full_mode                                  
20000000  g_pfnRAMVectors                            
00000000  g_pfnVectors                               
00002f21  init_timer32_0                             
00001a6b  low_power_mode                             
00002f7d  main                                       
2000c840  main_func_sp                               
000030d5  memcpy                                     
00003179  memset                                     
00001aab  print_http_to_pc                           
000019d5  request_to_server                          
00001951  request_to_server_secondtime               
00001759  send_AT_command                            
000017f5  set_up_bearer_fido                         
0000183d  set_up_bearer_rogers                       
00003540  spiMasterConfig                            
00003411  strlen                                     
00002f59  timer32_0_isr                              
0000351c  uartConfig                                 


GLOBAL SYMBOLS: SORTED BY Symbol Address 

address   name                                       
-------   ----                                       
00000000  __TI_static_base__                         
00000000  g_pfnVectors                               
00000200  __STACK_SIZE                               
000003c1  CS_setExternalClockSourceFrequency         
000003fd  CS_initClockSignal                         
00000501  CS_startHFXT                               
00000525  CS_startHFXTWithTimeout                    
000005dd  CS_startLFXT                               
00000601  CS_startLFXTWithTimeout                    
000006b5  CS_enableClockRequest                      
000006d7  CS_disableClockRequest                     
00000705  CS_setReferenceOscillatorFrequency         
00000727  CS_enableDCOExternalResistor               
00000741  CS_setDCOExternalResistorCalibration       
00000751  CS_disableDCOExternalResistor              
00000771  CS_setDCOCenteredFrequency                 
000007a5  CS_tuneDCOFrequency                        
000007fd  CS_getDCOFrequency                         
000008d1  CS_setDCOFrequency                         
000009fd  CS_getBCLK                                 
00000a19  CS_getHSMCLK                               
00000a45  CS_getACLK                                 
00000a71  CS_getSMCLK                                
00000a99  CS_getMCLK                                 
00000abb  CS_enableFaultCounter                      
00000ae7  CS_disableFaultCounter                     
00000b13  CS_resetFaultCounter                       
00000b51  CS_startFaultCounter                       
00000b95  CS_enableInterrupt                         
00000bb7  CS_disableInterrupt                        
00000bd9  CS_getInterruptStatus                      
00000bdf  CS_getEnabledInterruptStatus               
00000c01  CS_clearInterruptFlag                      
00000c2d  CS_registerInterrupt                       
00000c49  CS_unregisterInterrupt                     
00000ccd  SPI_initMaster                             
00000d7d  SPI_selectFourPinFunctionality             
00000da3  SPI_changeMasterClock                      
00000dcb  SPI_initSlave                              
00000e49  SPI_changeClockPhasePolarity               
00000e79  SPI_transmitData                           
00000e9f  SPI_receiveData                            
00000ebb  SPI_enableModule                           
00000ed7  SPI_disableModule                          
00000ef3  SPI_getReceiveBufferAddressForDMA          
00000f0f  SPI_getTransmitBufferAddressForDMA         
00000f31  SPI_isBusy                                 
00000f59  SPI_enableInterrupt                        
00000f7f  SPI_disableInterrupt                       
00000fa5  SPI_getInterruptStatus                     
00000fcd  SPI_getEnabledInterruptStatus              
00000ffd  SPI_clearInterruptFlag                     
00001023  SPI_registerInterrupt                      
000010e1  SPI_unregisterInterrupt                    
0000118d  EUSCI_B_SPI_select4PinFunctionality        
000011ad  EUSCI_B_SPI_masterChangeClock              
000011df  EUSCI_B_SPI_slaveInit                      
00001229  EUSCI_B_SPI_changeClockPhasePolarity       
0000126b  EUSCI_B_SPI_transmitData                   
00001281  EUSCI_B_SPI_receiveData                    
00001291  EUSCI_B_SPI_enableInterrupt                
000012ab  EUSCI_B_SPI_disableInterrupt               
000012c5  EUSCI_B_SPI_getInterruptStatus             
000012dd  EUSCI_B_SPI_clearInterruptFlag             
000012f7  EUSCI_B_SPI_enable                         
0000130d  EUSCI_B_SPI_disable                        
00001323  EUSCI_B_SPI_getReceiveBufferAddressForDMA  
00001331  EUSCI_B_SPI_getTransmitBufferAddressForDMA 
0000133f  EUSCI_B_SPI_isBusy                         
00001357  EUSCI_A_SPI_select4PinFunctionality        
00001377  EUSCI_A_SPI_masterChangeClock              
000013ad  EUSCI_A_SPI_slaveInit                      
000013f7  EUSCI_A_SPI_changeClockPhasePolarity       
00001439  EUSCI_A_SPI_transmitData                   
0000144f  EUSCI_A_SPI_receiveData                    
0000145f  EUSCI_A_SPI_enableInterrupt                
00001479  EUSCI_A_SPI_disableInterrupt               
00001493  EUSCI_A_SPI_getInterruptStatus             
000014ab  EUSCI_A_SPI_clearInterruptFlag             
000014c5  EUSCI_A_SPI_enable                         
000014db  EUSCI_A_SPI_disable                        
000014f1  EUSCI_A_SPI_getReceiveBufferAddressForDMA  
000014ff  EUSCI_A_SPI_getTransmitBufferAddressForDMA 
0000150d  EUSCI_A_SPI_isBusy                         
0000152d  UART_PC_init                               
0000155d  UART_GSM_init                              
000015cb  euscia0_isr                                
000015f1  euscia2_isr                                
00001673  check_for_OK                               
000016f9  Clear_RX_Buffer                            
00001727  Clear_HTTP_buffer                          
00001759  send_AT_command                            
000017f5  set_up_bearer_fido                         
0000183d  set_up_bearer_rogers                       
0000188d  Read_HTTP_Content                          
000018c5  Transmit_HTTP_Read                         
0000190b  Open_Bearer_Connection                     
00001915  Close_Bearer_Connection                    
0000192d  Init_HTTP_Service                          
00001937  End_HTTP_Service                           
00001941  Set_up_HTTP_Para                           
00001951  request_to_server_secondtime               
000019d5  request_to_server                          
00001a6b  low_power_mode                             
00001a75  full_mode                                  
00001aab  print_http_to_pc                           
00001c3d  GPIO_setAsOutputPin                        
00001c77  GPIO_setAsInputPin                         
00001cbd  GPIO_setAsPeripheralModuleFunctionOutputPin
00001d41  GPIO_setAsPeripheralModuleFunctionInputPin 
00001dc5  GPIO_setOutputHighOnPin                    
00001de7  GPIO_setOutputLowOnPin                     
00001e09  GPIO_toggleOutputOnPin                     
00001e2b  GPIO_setAsInputPinWithPullDownResistor     
00001e7d  GPIO_setAsInputPinWithPullUpResistor       
00001ecf  GPIO_getInputPinValue                      
00001f05  GPIO_enableInterrupt                       
00001f27  GPIO_disableInterrupt                      
00001f49  GPIO_getInterruptStatus                    
00001f67  GPIO_clearInterruptFlag                    
00001f89  GPIO_interruptEdgeSelect                   
00001fbf  GPIO_getEnabledInterruptStatus             
0000203b  GPIO_setDriveStrengthHigh                  
0000205d  GPIO_setDriveStrengthLow                   
0000207f  GPIO_registerInterrupt                     
0000209f  GPIO_unregisterInterrupt                   
000020c5  UART_initModule                            
000021ad  UART_transmitData                          
000021d7  UART_receiveData                           
000021fd  UART_enableModule                          
00002213  UART_disableModule                         
00002229  UART_queryStatusFlags                      
0000223d  UART_setDormant                            
00002251  UART_resetDormant                          
00002265  UART_transmitAddress                       
00002283  UART_transmitBreak                         
000022c9  UART_getReceiveBufferAddressForDMA         
000022d7  UART_getTransmitBufferAddressForDMA        
000022e5  UART_selectDeglitchTime                    
00002301  UART_enableInterrupt                       
00002339  UART_disableInterrupt                      
00002371  UART_getInterruptStatus                    
0000238d  UART_getEnabledInterruptStatus             
000023e9  UART_clearInterruptFlag                    
00002409  UART_registerInterrupt                     
00002485  UART_unregisterInterrupt                   
000024f3  Interrupt_enableMaster                     
00002503  Interrupt_disableMaster                    
00002513  Interrupt_registerInterrupt                
00002565  Interrupt_unregisterInterrupt              
00002579  Interrupt_setPriorityGrouping              
00002593  Interrupt_getPriorityGrouping              
000025cb  Interrupt_setPriority                      
0000261b  Interrupt_getPriority                      
00002641  Interrupt_enableInterrupt                  
000026b3  Interrupt_disableInterrupt                 
00002725  Interrupt_isEnabled                        
000027b1  Interrupt_pendInterrupt                    
00002821  Interrupt_unpendInterrupt                  
0000286f  Interrupt_setPriorityMask                  
0000287f  Interrupt_getPriorityMask                  
00002889  Interrupt_setVectorTableAddress            
00002899  Interrupt_getVectorTableAddress            
0000289f  Interrupt_enableSleepOnIsrExit             
000028b1  Interrupt_disableSleepOnIsrExit            
000028e1  SL_D_init                                  
0000295b  SL_D_sendByte                              
00002979  SL_D_sendCmd                               
00002a29  SL_D_uploadImgData                         
00002af3  euscib0_isr                                
00002b25  Timer32_initModule                         
00002bcd  Timer32_setCount                           
00002c0f  Timer32_setCountInBackground               
00002c51  Timer32_getValue                           
00002c5f  Timer32_startTimer                         
00002cb9  Timer32_haltTimer                          
00002ccf  Timer32_enableInterrupt                    
00002ce5  Timer32_disableInterrupt                   
00002cfb  Timer32_clearInterruptFlag                 
00002d11  Timer32_getInterruptStatus                 
00002d1f  Timer32_registerInterrupt                  
00002d35  Timer32_unregisterInterrupt                
00002d51  SysCtl_getSRAMSize                         
00002d57  SysCtl_getFlashSize                        
00002d5d  SysCtl_disableNMISource                    
00002d71  SysCtl_enableNMISource                     
00002d85  SysCtl_getNMISourceStatus                  
00002d8b  SysCtl_enableSRAMBank                      
00002da9  SysCtl_disableSRAMBank                     
00002e13  SysCtl_enableSRAMBankRetention             
00002e31  SysCtl_disableSRAMBankRetention            
00002e4f  SysCtl_rebootDevice                        
00002e59  SysCtl_enablePeripheralAtCPUHalt           
00002e6d  SysCtl_disablePeripheralAtCPUHalt          
00002e81  SysCtl_setWDTTimeoutResetType              
00002ea5  SysCtl_setWDTPasswordViolationResetType    
00002ec9  SysCtl_enableGlitchFilter                  
00002ed5  SysCtl_disableGlitchFilter                 
00002ee1  SysCtl_getTempCalibrationConstant          
00002f21  init_timer32_0                             
00002f59  timer32_0_isr                              
00002f7d  main                                       
00002ffd  WDT_A_holdTimer                            
0000301d  WDT_A_startTimer                           
0000303d  WDT_A_clearTimer                           
0000305d  WDT_A_initWatchdogTimer                    
00003079  WDT_A_initIntervalTimer                    
00003095  WDT_A_setPasswordViolationReset            
000030a1  WDT_A_setTimeoutReset                      
000030ad  WDT_A_registerInterrupt                    
000030c1  WDT_A_unregisterInterrupt                  
000030d5  __aeabi_memcpy                             
000030d5  __aeabi_memcpy4                            
000030d5  __aeabi_memcpy8                            
000030d5  memcpy                                     
00003171  __aeabi_memclr                             
00003171  __aeabi_memclr4                            
00003171  __aeabi_memclr8                            
00003173  __aeabi_memset                             
00003173  __aeabi_memset4                            
00003173  __aeabi_memset8                            
00003179  memset                                     
000031ed  __TI_auto_init                             
000032c5  _c_int00                                   
00003315  copy_in                                    
00003361  C$$EXIT                                    
00003365  abort                                      
0000336d  exit                                       
000033a5  CPU_cpsid                                  
000033b1  CPU_primask                                
000033bb  CPU_cpsie                                  
000033c7  CPU_wfi                                    
000033cb  CPU_basepriSet                             
000033d9  CPU_basepriGet                             
000033e5  _args_main                                 
000033fd  _register_unlock                           
00003403  _register_lock                             
0000340b  _nop                                       
00003411  strlen                                     
00003425  ResetISR                                   
00003437  __TI_decompress_none                       
00003445  __TI_zero_init                             
00003451  __TI_decompress_rle24                      
00003457  _system_pre_init                           
0000351c  uartConfig                                 
00003540  spiMasterConfig                            
00003598  __TI_Handler_Table_Base                    
000035a4  __TI_Handler_Table_Limit                   
000035b8  __TI_CINIT_Base                            
000035d0  __TI_CINIT_Limit                           
20000000  g_pfnRAMVectors                            
2000c824  HTTPFLAG_FLAG                              
2000c828  NumOfCharRecevied                          
2000c82c  NumOfHttpData                              
2000c830  _lock                                      
2000c834  _unlock                                    
2000c838  __TI_cleanup_ptr                           
2000c83c  __TI_dtors_ptr                             
2000c840  main_func_sp                               
2000c844  call_server_flag                           
2000fe00  __stack                                    
20010000  __STACK_END                                
ffffffff  __binit__                                  
ffffffff  __c_args__                                 
ffffffff  binit                                      
UNDEFED   SHT$$INIT_ARRAY$$Base                      
UNDEFED   SHT$$INIT_ARRAY$$Limit                     

[267 symbols]
