******************************************************************************
                  TI ARM Linker PC v5.2.5                      
******************************************************************************
>> Linked Sun Nov 01 15:34:29 2015

OUTPUT FILE NAME:   <solarity.out>
ENTRY POINT SYMBOL: "_c_int00"  address: 00002431


MEMORY CONFIGURATION

         name            origin    length      used     unused   attr    fill
----------------------  --------  ---------  --------  --------  ----  --------
  FLASH                 00000000   00040000  00002749  0003d8b7  R  X
  FLASH_OTP             00200000   00004000  00000000  00004000  R  X
  SRAM                  20000000   00010000  00000300  0000fd00  RW X


SEGMENT ALLOCATION MAP

run origin  load origin   length   init length attrs members
----------  ----------- ---------- ----------- ----- -------
00000000    00000000    00002750   00002750    r-x
  00000000    00000000    00000144   00000144    r-- .intvecs
  00000144    00000144    0000246e   0000246e    r-x .text
  000025b4    000025b4    0000014f   0000014f    r-- .const
  00002708    00002708    00000048   00000048    r-- .cinit
20000000    20000000    00000100   00000000    rw-
  20000000    20000000    000000e4   00000000    rw- .vtable
  200000e4    200000e4    00000014   00000000    rw- .data
  200000f8    200000f8    00000008   00000000    rw- .bss
2000fe00    2000fe00    00000200   00000000    rw-
  2000fe00    2000fe00    00000200   00000000    rw- .stack


SECTION ALLOCATION MAP

 output                                  attributes/
section   page    origin      length       input sections
--------  ----  ----------  ----------   ----------------
.intvecs   0    00000000    00000144     
                  00000000    00000144     msp432_startup_ccs.obj (.intvecs)

.text      0    00000144    0000246e     
                  00000144    00000b58     cs.obj (.text)
                  00000c9c    00000890     spi.obj (.text)
                  0000152c    00000488     gpio.obj (.text)
                  000019b4    000003f0     interrupt.obj (.text)
                  00001da4    000001d0     sysctl.obj (.text)
                  00001f74    0000017c     SL_Display.obj (.text)
                  000020f0    000000d8     wdt_a.obj (.text)
                  000021c8    0000009c     rtsv7M4_T_le_v4SPD16_eabi.lib : memcpy_t2.obj (.text)
                  00002264    0000007a                                   : memset_t2.obj (.text)
                  000022de    00000002     --HOLE-- [fill = 0]
                  000022e0    00000078     main.obj (.text)
                  00002358    0000006c     rtsv7M4_T_le_v4SPD16_eabi.lib : autoinit.obj (.text)
                  000023c4    0000006a                                   : copy_decompress_rle.obj (.text)
                  0000242e    00000002     --HOLE-- [fill = 0]
                  00002430    00000050                                   : boot.obj (.text)
                  00002480    0000004c                                   : cpy_tbl.obj (.text)
                  000024cc    00000044                                   : exit.obj (.text)
                  00002510    0000003e     cpu.obj (.text)
                  0000254e    00000002     --HOLE-- [fill = 0]
                  00002550    00000018     rtsv7M4_T_le_v4SPD16_eabi.lib : args_main.obj (.text)
                  00002568    00000014                                   : _lock.obj (.text)
                  0000257c    00000012     msp432_startup_ccs.obj (.text)
                  0000258e    0000000e     rtsv7M4_T_le_v4SPD16_eabi.lib : copy_decompress_none.obj (.text:decompress:none)
                  0000259c    0000000c                                   : copy_zero_init.obj (.text:decompress:ZI)
                  000025a8    00000006                                   : copy_decompress_rle.obj (.text:decompress:rle24)
                  000025ae    00000004                                   : pre_init.obj (.text)

.const     0    000025b4    0000014f     
                  000025b4    00000050     interrupt.obj (.const:g_pulRegs)
                  00002604    00000040     main.obj (.const:.string:$P$T1$2)
                  00002644    00000040     interrupt.obj (.const)
                  00002684    00000030     gpio.obj (.const:GPIO_PORT_TO_BASE)
                  000026b4    0000001c     SL_Display.obj (.const)
                  000026d0    0000001c     gpio.obj (.const)
                  000026ec    00000017     main.obj (.const:.string)

.cinit     0    00002708    00000048     
                  00002708    0000000f     (.cinit..data.load) [load image, compression = rle]
                  00002717    00000001     --HOLE-- [fill = 0]
                  00002718    0000000c     (__TI_handler_table)
                  00002724    00000004     --HOLE-- [fill = 0]
                  00002728    00000008     (.cinit..bss.load) [load image, compression = zero_init]
                  00002730    00000008     (.cinit..vtable.load) [load image, compression = zero_init]
                  00002738    00000018     (__TI_cinit_table)

.vtable    0    20000000    000000e4     UNINITIALIZED
                  20000000    000000e4     interrupt.obj (.vtable)

.data      0    200000e4    00000014     UNINITIALIZED
                  200000e4    00000008     rtsv7M4_T_le_v4SPD16_eabi.lib : _lock.obj (.data)
                  200000ec    00000008                                   : exit.obj (.data)
                  200000f4    00000004                                   : stkdepth_vars.obj (.data)

.bss       0    200000f8    00000008     UNINITIALIZED
                  200000f8    00000004     (.common:hfxtFreq)
                  200000fc    00000004     (.common:lfxtFreq)

.TI.persistent 
*          0    200000e4    00000000     UNINITIALIZED

.TI.noinit 
*          0    200000f8    00000000     UNINITIALIZED

.stack     0    2000fe00    00000200     UNINITIALIZED
                  2000fe00    00000200     --HOLE--


LINKER GENERATED COPY TABLES

__TI_cinit_table @ 00002738 records: 3, size/record: 8, table size: 24
	.data: load addr=00002708, load size=0000000f bytes, run addr=200000e4, run size=00000014 bytes, compression=rle
	.bss: load addr=00002728, load size=00000008 bytes, run addr=200000f8, run size=00000008 bytes, compression=zero_init
	.vtable: load addr=00002730, load size=00000008 bytes, run addr=20000000, run size=000000e4 bytes, compression=zero_init


LINKER GENERATED HANDLER TABLE

__TI_handler_table @ 00002718 records: 3, size/record: 4, table size: 12
	index: 0, handler: __TI_zero_init
	index: 1, handler: __TI_decompress_rle24
	index: 2, handler: __TI_decompress_none


GLOBAL SYMBOLS: SORTED ALPHABETICALLY BY Name 

address   name                                       
-------   ----                                       
000024cd  C$$EXIT                                    
00002545  CPU_basepriGet                             
00002537  CPU_basepriSet                             
00002511  CPU_cpsid                                  
00002527  CPU_cpsie                                  
0000251d  CPU_primask                                
00002533  CPU_wfi                                    
00000c01  CS_clearInterruptFlag                      
000006d7  CS_disableClockRequest                     
00000751  CS_disableDCOExternalResistor              
00000ae7  CS_disableFaultCounter                     
00000bb7  CS_disableInterrupt                        
000006b5  CS_enableClockRequest                      
00000727  CS_enableDCOExternalResistor               
00000abb  CS_enableFaultCounter                      
00000b95  CS_enableInterrupt                         
00000a45  CS_getACLK                                 
000009fd  CS_getBCLK                                 
000007fd  CS_getDCOFrequency                         
00000bdf  CS_getEnabledInterruptStatus               
00000a19  CS_getHSMCLK                               
00000bd9  CS_getInterruptStatus                      
00000a99  CS_getMCLK                                 
00000a71  CS_getSMCLK                                
000003fd  CS_initClockSignal                         
00000c2d  CS_registerInterrupt                       
00000b13  CS_resetFaultCounter                       
00000771  CS_setDCOCenteredFrequency                 
00000741  CS_setDCOExternalResistorCalibration       
000008d1  CS_setDCOFrequency                         
000003c1  CS_setExternalClockSourceFrequency         
00000705  CS_setReferenceOscillatorFrequency         
00000b51  CS_startFaultCounter                       
00000501  CS_startHFXT                               
00000525  CS_startHFXTWithTimeout                    
000005dd  CS_startLFXT                               
00000601  CS_startLFXTWithTimeout                    
000007a5  CS_tuneDCOFrequency                        
00000c49  CS_unregisterInterrupt                     
000013f7  EUSCI_A_SPI_changeClockPhasePolarity       
000014ab  EUSCI_A_SPI_clearInterruptFlag             
000014db  EUSCI_A_SPI_disable                        
00001479  EUSCI_A_SPI_disableInterrupt               
000014c5  EUSCI_A_SPI_enable                         
0000145f  EUSCI_A_SPI_enableInterrupt                
00001493  EUSCI_A_SPI_getInterruptStatus             
000014f1  EUSCI_A_SPI_getReceiveBufferAddressForDMA  
000014ff  EUSCI_A_SPI_getTransmitBufferAddressForDMA 
0000150d  EUSCI_A_SPI_isBusy                         
00001377  EUSCI_A_SPI_masterChangeClock              
0000144f  EUSCI_A_SPI_receiveData                    
00001357  EUSCI_A_SPI_select4PinFunctionality        
000013ad  EUSCI_A_SPI_slaveInit                      
00001439  EUSCI_A_SPI_transmitData                   
00001229  EUSCI_B_SPI_changeClockPhasePolarity       
000012dd  EUSCI_B_SPI_clearInterruptFlag             
0000130d  EUSCI_B_SPI_disable                        
000012ab  EUSCI_B_SPI_disableInterrupt               
000012f7  EUSCI_B_SPI_enable                         
00001291  EUSCI_B_SPI_enableInterrupt                
000012c5  EUSCI_B_SPI_getInterruptStatus             
00001323  EUSCI_B_SPI_getReceiveBufferAddressForDMA  
00001331  EUSCI_B_SPI_getTransmitBufferAddressForDMA 
0000133f  EUSCI_B_SPI_isBusy                         
000011ad  EUSCI_B_SPI_masterChangeClock              
00001281  EUSCI_B_SPI_receiveData                    
0000118d  EUSCI_B_SPI_select4PinFunctionality        
000011df  EUSCI_B_SPI_slaveInit                      
0000126b  EUSCI_B_SPI_transmitData                   
00001857  GPIO_clearInterruptFlag                    
00001817  GPIO_disableInterrupt                      
000017f5  GPIO_enableInterrupt                       
000018af  GPIO_getEnabledInterruptStatus             
000017bf  GPIO_getInputPinValue                      
00001839  GPIO_getInterruptStatus                    
00001879  GPIO_interruptEdgeSelect                   
0000196f  GPIO_registerInterrupt                     
00001567  GPIO_setAsInputPin                         
0000171b  GPIO_setAsInputPinWithPullDownResistor     
0000176d  GPIO_setAsInputPinWithPullUpResistor       
0000152d  GPIO_setAsOutputPin                        
00001631  GPIO_setAsPeripheralModuleFunctionInputPin 
000015ad  GPIO_setAsPeripheralModuleFunctionOutputPin
0000192b  GPIO_setDriveStrengthHigh                  
0000194d  GPIO_setDriveStrengthLow                   
000016b5  GPIO_setOutputHighOnPin                    
000016d7  GPIO_setOutputLowOnPin                     
000016f9  GPIO_toggleOutputOnPin                     
0000198f  GPIO_unregisterInterrupt                   
00001b77  Interrupt_disableInterrupt                 
000019c7  Interrupt_disableMaster                    
00001d75  Interrupt_disableSleepOnIsrExit            
00001b05  Interrupt_enableInterrupt                  
000019b7  Interrupt_enableMaster                     
00001d63  Interrupt_enableSleepOnIsrExit             
00001adf  Interrupt_getPriority                      
00001a57  Interrupt_getPriorityGrouping              
00001d43  Interrupt_getPriorityMask                  
00001d5d  Interrupt_getVectorTableAddress            
00001be9  Interrupt_isEnabled                        
00001c75  Interrupt_pendInterrupt                    
000019d7  Interrupt_registerInterrupt                
00001a8f  Interrupt_setPriority                      
00001a3d  Interrupt_setPriorityGrouping              
00001d33  Interrupt_setPriorityMask                  
00001d4d  Interrupt_setVectorTableAddress            
00001ce5  Interrupt_unpendInterrupt                  
00001a29  Interrupt_unregisterInterrupt              
0000257d  ResetISR                                   
UNDEFED   SHT$$INIT_ARRAY$$Base                      
UNDEFED   SHT$$INIT_ARRAY$$Limit                     
00001f75  SL_D_init                                  
00001fef  SL_D_sendByte                              
0000200d  SL_D_sendCmd                               
00000e49  SPI_changeClockPhasePolarity               
00000da3  SPI_changeMasterClock                      
00000ffd  SPI_clearInterruptFlag                     
00000f7f  SPI_disableInterrupt                       
00000ed7  SPI_disableModule                          
00000f59  SPI_enableInterrupt                        
00000ebb  SPI_enableModule                           
00000fcd  SPI_getEnabledInterruptStatus              
00000fa5  SPI_getInterruptStatus                     
00000ef3  SPI_getReceiveBufferAddressForDMA          
00000f0f  SPI_getTransmitBufferAddressForDMA         
00000ccd  SPI_initMaster                             
00000dcb  SPI_initSlave                              
00000f31  SPI_isBusy                                 
00000e9f  SPI_receiveData                            
00001023  SPI_registerInterrupt                      
00000d7d  SPI_selectFourPinFunctionality             
00000e79  SPI_transmitData                           
000010e1  SPI_unregisterInterrupt                    
00001f29  SysCtl_disableGlitchFilter                 
00001db1  SysCtl_disableNMISource                    
00001ec1  SysCtl_disablePeripheralAtCPUHalt          
00001dfd  SysCtl_disableSRAMBank                     
00001e85  SysCtl_disableSRAMBankRetention            
00001f1d  SysCtl_enableGlitchFilter                  
00001dc5  SysCtl_enableNMISource                     
00001ead  SysCtl_enablePeripheralAtCPUHalt           
00001ddf  SysCtl_enableSRAMBank                      
00001e67  SysCtl_enableSRAMBankRetention             
00001dab  SysCtl_getFlashSize                        
00001dd9  SysCtl_getNMISourceStatus                  
00001da5  SysCtl_getSRAMSize                         
00001f35  SysCtl_getTempCalibrationConstant          
00001ea3  SysCtl_rebootDevice                        
00001ef9  SysCtl_setWDTPasswordViolationResetType    
00001ed5  SysCtl_setWDTTimeoutResetType              
00002131  WDT_A_clearTimer                           
000020f1  WDT_A_holdTimer                            
0000216d  WDT_A_initIntervalTimer                    
00002151  WDT_A_initWatchdogTimer                    
000021a1  WDT_A_registerInterrupt                    
00002189  WDT_A_setPasswordViolationReset            
00002195  WDT_A_setTimeoutReset                      
00002111  WDT_A_startTimer                           
000021b5  WDT_A_unregisterInterrupt                  
20010000  __STACK_END                                
00000200  __STACK_SIZE                               
00002738  __TI_CINIT_Base                            
00002750  __TI_CINIT_Limit                           
00002718  __TI_Handler_Table_Base                    
00002724  __TI_Handler_Table_Limit                   
00002359  __TI_auto_init                             
200000ec  __TI_cleanup_ptr                           
0000258f  __TI_decompress_none                       
000025a9  __TI_decompress_rle24                      
200000f0  __TI_dtors_ptr                             
00000000  __TI_static_base__                         
0000259d  __TI_zero_init                             
00002265  __aeabi_memclr                             
00002265  __aeabi_memclr4                            
00002265  __aeabi_memclr8                            
000021c9  __aeabi_memcpy                             
000021c9  __aeabi_memcpy4                            
000021c9  __aeabi_memcpy8                            
00002267  __aeabi_memset                             
00002267  __aeabi_memset4                            
00002267  __aeabi_memset8                            
ffffffff  __binit__                                  
ffffffff  __c_args__                                 
2000fe00  __stack                                    
00002551  _args_main                                 
00002431  _c_int00                                   
200000e4  _lock                                      
00002577  _nop                                       
0000256f  _register_lock                             
00002569  _register_unlock                           
000025af  _system_pre_init                           
200000e8  _unlock                                    
000024d1  abort                                      
ffffffff  binit                                      
00002481  copy_in                                    
000020bd  euscib0_isr                                
000024d9  exit                                       
20000000  g_pfnRAMVectors                            
00000000  g_pfnVectors                               
000022e1  main                                       
200000f4  main_func_sp                               
000021c9  memcpy                                     
0000226d  memset                                     
000026b4  spiMasterConfig                            


GLOBAL SYMBOLS: SORTED BY Symbol Address 

address   name                                       
-------   ----                                       
00000000  __TI_static_base__                         
00000000  g_pfnVectors                               
00000200  __STACK_SIZE                               
000003c1  CS_setExternalClockSourceFrequency         
000003fd  CS_initClockSignal                         
00000501  CS_startHFXT                               
00000525  CS_startHFXTWithTimeout                    
000005dd  CS_startLFXT                               
00000601  CS_startLFXTWithTimeout                    
000006b5  CS_enableClockRequest                      
000006d7  CS_disableClockRequest                     
00000705  CS_setReferenceOscillatorFrequency         
00000727  CS_enableDCOExternalResistor               
00000741  CS_setDCOExternalResistorCalibration       
00000751  CS_disableDCOExternalResistor              
00000771  CS_setDCOCenteredFrequency                 
000007a5  CS_tuneDCOFrequency                        
000007fd  CS_getDCOFrequency                         
000008d1  CS_setDCOFrequency                         
000009fd  CS_getBCLK                                 
00000a19  CS_getHSMCLK                               
00000a45  CS_getACLK                                 
00000a71  CS_getSMCLK                                
00000a99  CS_getMCLK                                 
00000abb  CS_enableFaultCounter                      
00000ae7  CS_disableFaultCounter                     
00000b13  CS_resetFaultCounter                       
00000b51  CS_startFaultCounter                       
00000b95  CS_enableInterrupt                         
00000bb7  CS_disableInterrupt                        
00000bd9  CS_getInterruptStatus                      
00000bdf  CS_getEnabledInterruptStatus               
00000c01  CS_clearInterruptFlag                      
00000c2d  CS_registerInterrupt                       
00000c49  CS_unregisterInterrupt                     
00000ccd  SPI_initMaster                             
00000d7d  SPI_selectFourPinFunctionality             
00000da3  SPI_changeMasterClock                      
00000dcb  SPI_initSlave                              
00000e49  SPI_changeClockPhasePolarity               
00000e79  SPI_transmitData                           
00000e9f  SPI_receiveData                            
00000ebb  SPI_enableModule                           
00000ed7  SPI_disableModule                          
00000ef3  SPI_getReceiveBufferAddressForDMA          
00000f0f  SPI_getTransmitBufferAddressForDMA         
00000f31  SPI_isBusy                                 
00000f59  SPI_enableInterrupt                        
00000f7f  SPI_disableInterrupt                       
00000fa5  SPI_getInterruptStatus                     
00000fcd  SPI_getEnabledInterruptStatus              
00000ffd  SPI_clearInterruptFlag                     
00001023  SPI_registerInterrupt                      
000010e1  SPI_unregisterInterrupt                    
0000118d  EUSCI_B_SPI_select4PinFunctionality        
000011ad  EUSCI_B_SPI_masterChangeClock              
000011df  EUSCI_B_SPI_slaveInit                      
00001229  EUSCI_B_SPI_changeClockPhasePolarity       
0000126b  EUSCI_B_SPI_transmitData                   
00001281  EUSCI_B_SPI_receiveData                    
00001291  EUSCI_B_SPI_enableInterrupt                
000012ab  EUSCI_B_SPI_disableInterrupt               
000012c5  EUSCI_B_SPI_getInterruptStatus             
000012dd  EUSCI_B_SPI_clearInterruptFlag             
000012f7  EUSCI_B_SPI_enable                         
0000130d  EUSCI_B_SPI_disable                        
00001323  EUSCI_B_SPI_getReceiveBufferAddressForDMA  
00001331  EUSCI_B_SPI_getTransmitBufferAddressForDMA 
0000133f  EUSCI_B_SPI_isBusy                         
00001357  EUSCI_A_SPI_select4PinFunctionality        
00001377  EUSCI_A_SPI_masterChangeClock              
000013ad  EUSCI_A_SPI_slaveInit                      
000013f7  EUSCI_A_SPI_changeClockPhasePolarity       
00001439  EUSCI_A_SPI_transmitData                   
0000144f  EUSCI_A_SPI_receiveData                    
0000145f  EUSCI_A_SPI_enableInterrupt                
00001479  EUSCI_A_SPI_disableInterrupt               
00001493  EUSCI_A_SPI_getInterruptStatus             
000014ab  EUSCI_A_SPI_clearInterruptFlag             
000014c5  EUSCI_A_SPI_enable                         
000014db  EUSCI_A_SPI_disable                        
000014f1  EUSCI_A_SPI_getReceiveBufferAddressForDMA  
000014ff  EUSCI_A_SPI_getTransmitBufferAddressForDMA 
0000150d  EUSCI_A_SPI_isBusy                         
0000152d  GPIO_setAsOutputPin                        
00001567  GPIO_setAsInputPin                         
000015ad  GPIO_setAsPeripheralModuleFunctionOutputPin
00001631  GPIO_setAsPeripheralModuleFunctionInputPin 
000016b5  GPIO_setOutputHighOnPin                    
000016d7  GPIO_setOutputLowOnPin                     
000016f9  GPIO_toggleOutputOnPin                     
0000171b  GPIO_setAsInputPinWithPullDownResistor     
0000176d  GPIO_setAsInputPinWithPullUpResistor       
000017bf  GPIO_getInputPinValue                      
000017f5  GPIO_enableInterrupt                       
00001817  GPIO_disableInterrupt                      
00001839  GPIO_getInterruptStatus                    
00001857  GPIO_clearInterruptFlag                    
00001879  GPIO_interruptEdgeSelect                   
000018af  GPIO_getEnabledInterruptStatus             
0000192b  GPIO_setDriveStrengthHigh                  
0000194d  GPIO_setDriveStrengthLow                   
0000196f  GPIO_registerInterrupt                     
0000198f  GPIO_unregisterInterrupt                   
000019b7  Interrupt_enableMaster                     
000019c7  Interrupt_disableMaster                    
000019d7  Interrupt_registerInterrupt                
00001a29  Interrupt_unregisterInterrupt              
00001a3d  Interrupt_setPriorityGrouping              
00001a57  Interrupt_getPriorityGrouping              
00001a8f  Interrupt_setPriority                      
00001adf  Interrupt_getPriority                      
00001b05  Interrupt_enableInterrupt                  
00001b77  Interrupt_disableInterrupt                 
00001be9  Interrupt_isEnabled                        
00001c75  Interrupt_pendInterrupt                    
00001ce5  Interrupt_unpendInterrupt                  
00001d33  Interrupt_setPriorityMask                  
00001d43  Interrupt_getPriorityMask                  
00001d4d  Interrupt_setVectorTableAddress            
00001d5d  Interrupt_getVectorTableAddress            
00001d63  Interrupt_enableSleepOnIsrExit             
00001d75  Interrupt_disableSleepOnIsrExit            
00001da5  SysCtl_getSRAMSize                         
00001dab  SysCtl_getFlashSize                        
00001db1  SysCtl_disableNMISource                    
00001dc5  SysCtl_enableNMISource                     
00001dd9  SysCtl_getNMISourceStatus                  
00001ddf  SysCtl_enableSRAMBank                      
00001dfd  SysCtl_disableSRAMBank                     
00001e67  SysCtl_enableSRAMBankRetention             
00001e85  SysCtl_disableSRAMBankRetention            
00001ea3  SysCtl_rebootDevice                        
00001ead  SysCtl_enablePeripheralAtCPUHalt           
00001ec1  SysCtl_disablePeripheralAtCPUHalt          
00001ed5  SysCtl_setWDTTimeoutResetType              
00001ef9  SysCtl_setWDTPasswordViolationResetType    
00001f1d  SysCtl_enableGlitchFilter                  
00001f29  SysCtl_disableGlitchFilter                 
00001f35  SysCtl_getTempCalibrationConstant          
00001f75  SL_D_init                                  
00001fef  SL_D_sendByte                              
0000200d  SL_D_sendCmd                               
000020bd  euscib0_isr                                
000020f1  WDT_A_holdTimer                            
00002111  WDT_A_startTimer                           
00002131  WDT_A_clearTimer                           
00002151  WDT_A_initWatchdogTimer                    
0000216d  WDT_A_initIntervalTimer                    
00002189  WDT_A_setPasswordViolationReset            
00002195  WDT_A_setTimeoutReset                      
000021a1  WDT_A_registerInterrupt                    
000021b5  WDT_A_unregisterInterrupt                  
000021c9  __aeabi_memcpy                             
000021c9  __aeabi_memcpy4                            
000021c9  __aeabi_memcpy8                            
000021c9  memcpy                                     
00002265  __aeabi_memclr                             
00002265  __aeabi_memclr4                            
00002265  __aeabi_memclr8                            
00002267  __aeabi_memset                             
00002267  __aeabi_memset4                            
00002267  __aeabi_memset8                            
0000226d  memset                                     
000022e1  main                                       
00002359  __TI_auto_init                             
00002431  _c_int00                                   
00002481  copy_in                                    
000024cd  C$$EXIT                                    
000024d1  abort                                      
000024d9  exit                                       
00002511  CPU_cpsid                                  
0000251d  CPU_primask                                
00002527  CPU_cpsie                                  
00002533  CPU_wfi                                    
00002537  CPU_basepriSet                             
00002545  CPU_basepriGet                             
00002551  _args_main                                 
00002569  _register_unlock                           
0000256f  _register_lock                             
00002577  _nop                                       
0000257d  ResetISR                                   
0000258f  __TI_decompress_none                       
0000259d  __TI_zero_init                             
000025a9  __TI_decompress_rle24                      
000025af  _system_pre_init                           
000026b4  spiMasterConfig                            
00002718  __TI_Handler_Table_Base                    
00002724  __TI_Handler_Table_Limit                   
00002738  __TI_CINIT_Base                            
00002750  __TI_CINIT_Limit                           
20000000  g_pfnRAMVectors                            
200000e4  _lock                                      
200000e8  _unlock                                    
200000ec  __TI_cleanup_ptr                           
200000f0  __TI_dtors_ptr                             
200000f4  main_func_sp                               
2000fe00  __stack                                    
20010000  __STACK_END                                
ffffffff  __binit__                                  
ffffffff  __c_args__                                 
ffffffff  binit                                      
UNDEFED   SHT$$INIT_ARRAY$$Base                      
UNDEFED   SHT$$INIT_ARRAY$$Limit                     

[204 symbols]
