******************************************************************************
                  TI ARM Linker PC v5.2.5                      
******************************************************************************
>> Linked Thu Nov 19 15:17:50 2015

OUTPUT FILE NAME:   <solarity.out>
ENTRY POINT SYMBOL: "_c_int00"  address: 00003041


MEMORY CONFIGURATION

         name            origin    length      used     unused   attr    fill
----------------------  --------  ---------  --------  --------  ----  --------
  FLASH                 00000000   00040000  000033c2  0003cc3e  R  X
  FLASH_OTP             00200000   00004000  00000000  00004000  R  X
  SRAM                  20000000   00010000  0000c724  000038dc  RW X


SEGMENT ALLOCATION MAP

run origin  load origin   length   init length attrs members
----------  ----------- ---------- ----------- ----- -------
00000000    00000000    000033c8   000033c8    r-x
  00000000    00000000    00000144   00000144    r-- .intvecs
  00000144    00000144    000030da   000030da    r-x .text
  00003220    00003220    00000154   00000154    r-- .const
  00003378    00003378    00000050   00000050    r-- .cinit
20000000    20000000    0000c524   00000000    rw-
  20000000    20000000    000000e4   00000000    rw- .vtable
  200000e4    200000e4    0000c420   00000000    rw- .bss
  2000c504    2000c504    00000020   00000000    rw- .data
2000fe00    2000fe00    00000200   00000000    rw-
  2000fe00    2000fe00    00000200   00000000    rw- .stack


SECTION ALLOCATION MAP

 output                                  attributes/
section   page    origin      length       input sections
--------  ----  ----------  ----------   ----------------
.intvecs   0    00000000    00000144     
                  00000000    00000144     msp432_startup_ccs.obj (.intvecs)

.text      0    00000144    000030da     
                  00000144    00000b58     cs.obj (.text)
                  00000c9c    00000890     spi.obj (.text)
                  0000152c    00000608     SIM800C.obj (.text)
                  00001b34    00000488     gpio.obj (.text)
                  00001fbc    0000042c     uart.obj (.text)
                  000023e8    000003f0     interrupt.obj (.text)
                  000027d8    00000254     printf.obj (.text)
                  00002a2c    000001d0     sysctl.obj (.text)
                  00002bfc    0000017c     SL_Display.obj (.text)
                  00002d78    000000d8     wdt_a.obj (.text)
                  00002e50    0000009c     rtsv7M4_T_le_v4SPD16_eabi.lib : memcpy_t2.obj (.text)
                  00002eec    0000007a                                   : memset_t2.obj (.text)
                  00002f66    00000002     --HOLE-- [fill = 0]
                  00002f68    0000006c                                   : autoinit.obj (.text)
                  00002fd4    0000006a                                   : copy_decompress_rle.obj (.text)
                  0000303e    00000002     --HOLE-- [fill = 0]
                  00003040    00000050                                   : boot.obj (.text)
                  00003090    0000004c                                   : cpy_tbl.obj (.text)
                  000030dc    00000048     main.obj (.text)
                  00003124    00000044     rtsv7M4_T_le_v4SPD16_eabi.lib : exit.obj (.text)
                  00003168    0000003e     cpu.obj (.text)
                  000031a6    00000002     --HOLE-- [fill = 0]
                  000031a8    00000018     rtsv7M4_T_le_v4SPD16_eabi.lib : args_main.obj (.text)
                  000031c0    00000014                                   : _lock.obj (.text)
                  000031d4    00000014                                   : strlen.obj (.text)
                  000031e8    00000012     msp432_startup_ccs.obj (.text)
                  000031fa    0000000e     rtsv7M4_T_le_v4SPD16_eabi.lib : copy_decompress_none.obj (.text:decompress:none)
                  00003208    0000000c                                   : copy_zero_init.obj (.text:decompress:ZI)
                  00003214    00000006                                   : copy_decompress_rle.obj (.text:decompress:rle24)
                  0000321a    00000004                                   : pre_init.obj (.text)

.const     0    00003220    00000154     
                  00003220    00000050     interrupt.obj (.const:g_pulRegs)
                  00003270    00000040     interrupt.obj (.const)
                  000032b0    00000030     gpio.obj (.const:GPIO_PORT_TO_BASE)
                  000032e0    00000028     printf.obj (.const:dv)
                  00003308    00000024     SIM800C.obj (.const:uartConfig)
                  0000332c    0000001c     SL_Display.obj (.const)
                  00003348    0000001c     gpio.obj (.const)
                  00003364    00000010     printf.obj (.const:.string)

.cinit     0    00003378    00000050     
                  00003378    00000016     (.cinit..data.load) [load image, compression = rle]
                  0000338e    00000002     --HOLE-- [fill = 0]
                  00003390    0000000c     (__TI_handler_table)
                  0000339c    00000004     --HOLE-- [fill = 0]
                  000033a0    00000008     (.cinit..bss.load) [load image, compression = zero_init]
                  000033a8    00000008     (.cinit..vtable.load) [load image, compression = zero_init]
                  000033b0    00000018     (__TI_cinit_table)

.vtable    0    20000000    000000e4     UNINITIALIZED
                  20000000    000000e4     interrupt.obj (.vtable)

.bss       0    200000e4    0000c420     UNINITIALIZED
                  200000e4    0000c350     SIM800C.obj (.bss:HTTPData)
                  2000c434    000000c8     SIM800C.obj (.bss:RXData)
                  2000c4fc    00000004     (.common:hfxtFreq)
                  2000c500    00000004     (.common:lfxtFreq)

.data      0    2000c504    00000020     UNINITIALIZED
                  2000c504    0000000c     SIM800C.obj (.data)
                  2000c510    00000008     rtsv7M4_T_le_v4SPD16_eabi.lib : _lock.obj (.data)
                  2000c518    00000008                                   : exit.obj (.data)
                  2000c520    00000004                                   : stkdepth_vars.obj (.data)

.TI.noinit 
*          0    200000e4    00000000     UNINITIALIZED

.TI.persistent 
*          0    2000c504    00000000     UNINITIALIZED

.stack     0    2000fe00    00000200     UNINITIALIZED
                  2000fe00    00000200     --HOLE--


LINKER GENERATED COPY TABLES

__TI_cinit_table @ 000033b0 records: 3, size/record: 8, table size: 24
	.data: load addr=00003378, load size=00000016 bytes, run addr=2000c504, run size=00000020 bytes, compression=rle
	.bss: load addr=000033a0, load size=00000008 bytes, run addr=200000e4, run size=0000c420 bytes, compression=zero_init
	.vtable: load addr=000033a8, load size=00000008 bytes, run addr=20000000, run size=000000e4 bytes, compression=zero_init


LINKER GENERATED HANDLER TABLE

__TI_handler_table @ 00003390 records: 3, size/record: 4, table size: 12
	index: 0, handler: __TI_zero_init
	index: 1, handler: __TI_decompress_rle24
	index: 2, handler: __TI_decompress_none


GLOBAL SYMBOLS: SORTED ALPHABETICALLY BY Name 

address   name                                       
-------   ----                                       
00003125  C$$EXIT                                    
0000319d  CPU_basepriGet                             
0000318f  CPU_basepriSet                             
00003169  CPU_cpsid                                  
0000317f  CPU_cpsie                                  
00003175  CPU_primask                                
0000318b  CPU_wfi                                    
00000c01  CS_clearInterruptFlag                      
000006d7  CS_disableClockRequest                     
00000751  CS_disableDCOExternalResistor              
00000ae7  CS_disableFaultCounter                     
00000bb7  CS_disableInterrupt                        
000006b5  CS_enableClockRequest                      
00000727  CS_enableDCOExternalResistor               
00000abb  CS_enableFaultCounter                      
00000b95  CS_enableInterrupt                         
00000a45  CS_getACLK                                 
000009fd  CS_getBCLK                                 
000007fd  CS_getDCOFrequency                         
00000bdf  CS_getEnabledInterruptStatus               
00000a19  CS_getHSMCLK                               
00000bd9  CS_getInterruptStatus                      
00000a99  CS_getMCLK                                 
00000a71  CS_getSMCLK                                
000003fd  CS_initClockSignal                         
00000c2d  CS_registerInterrupt                       
00000b13  CS_resetFaultCounter                       
00000771  CS_setDCOCenteredFrequency                 
00000741  CS_setDCOExternalResistorCalibration       
000008d1  CS_setDCOFrequency                         
000003c1  CS_setExternalClockSourceFrequency         
00000705  CS_setReferenceOscillatorFrequency         
00000b51  CS_startFaultCounter                       
00000501  CS_startHFXT                               
00000525  CS_startHFXTWithTimeout                    
000005dd  CS_startLFXT                               
00000601  CS_startLFXTWithTimeout                    
000007a5  CS_tuneDCOFrequency                        
00000c49  CS_unregisterInterrupt                     
0000170f  Clear_HTTP_buffer                          
000016e5  Clear_RX_Buffer                            
000018f9  Close_Bearer_Connection                    
000013f7  EUSCI_A_SPI_changeClockPhasePolarity       
000014ab  EUSCI_A_SPI_clearInterruptFlag             
000014db  EUSCI_A_SPI_disable                        
00001479  EUSCI_A_SPI_disableInterrupt               
000014c5  EUSCI_A_SPI_enable                         
0000145f  EUSCI_A_SPI_enableInterrupt                
00001493  EUSCI_A_SPI_getInterruptStatus             
000014f1  EUSCI_A_SPI_getReceiveBufferAddressForDMA  
000014ff  EUSCI_A_SPI_getTransmitBufferAddressForDMA 
0000150d  EUSCI_A_SPI_isBusy                         
00001377  EUSCI_A_SPI_masterChangeClock              
0000144f  EUSCI_A_SPI_receiveData                    
00001357  EUSCI_A_SPI_select4PinFunctionality        
000013ad  EUSCI_A_SPI_slaveInit                      
00001439  EUSCI_A_SPI_transmitData                   
00001229  EUSCI_B_SPI_changeClockPhasePolarity       
000012dd  EUSCI_B_SPI_clearInterruptFlag             
0000130d  EUSCI_B_SPI_disable                        
000012ab  EUSCI_B_SPI_disableInterrupt               
000012f7  EUSCI_B_SPI_enable                         
00001291  EUSCI_B_SPI_enableInterrupt                
000012c5  EUSCI_B_SPI_getInterruptStatus             
00001323  EUSCI_B_SPI_getReceiveBufferAddressForDMA  
00001331  EUSCI_B_SPI_getTransmitBufferAddressForDMA 
0000133f  EUSCI_B_SPI_isBusy                         
000011ad  EUSCI_B_SPI_masterChangeClock              
00001281  EUSCI_B_SPI_receiveData                    
0000118d  EUSCI_B_SPI_select4PinFunctionality        
000011df  EUSCI_B_SPI_slaveInit                      
0000126b  EUSCI_B_SPI_transmitData                   
00001927  End_HTTP_Service                           
00001e5f  GPIO_clearInterruptFlag                    
00001e1f  GPIO_disableInterrupt                      
00001dfd  GPIO_enableInterrupt                       
00001eb7  GPIO_getEnabledInterruptStatus             
00001dc7  GPIO_getInputPinValue                      
00001e41  GPIO_getInterruptStatus                    
00001e81  GPIO_interruptEdgeSelect                   
00001f77  GPIO_registerInterrupt                     
00001b6f  GPIO_setAsInputPin                         
00001d23  GPIO_setAsInputPinWithPullDownResistor     
00001d75  GPIO_setAsInputPinWithPullUpResistor       
00001b35  GPIO_setAsOutputPin                        
00001c39  GPIO_setAsPeripheralModuleFunctionInputPin 
00001bb5  GPIO_setAsPeripheralModuleFunctionOutputPin
00001f33  GPIO_setDriveStrengthHigh                  
00001f55  GPIO_setDriveStrengthLow                   
00001cbd  GPIO_setOutputHighOnPin                    
00001cdf  GPIO_setOutputLowOnPin                     
00001d01  GPIO_toggleOutputOnPin                     
00001f97  GPIO_unregisterInterrupt                   
2000c504  HTTPFLAG_FLAG                              
0000191d  Init_HTTP_Service                          
000025ab  Interrupt_disableInterrupt                 
000023fb  Interrupt_disableMaster                    
000027a9  Interrupt_disableSleepOnIsrExit            
00002539  Interrupt_enableInterrupt                  
000023eb  Interrupt_enableMaster                     
00002797  Interrupt_enableSleepOnIsrExit             
00002513  Interrupt_getPriority                      
0000248b  Interrupt_getPriorityGrouping              
00002777  Interrupt_getPriorityMask                  
00002791  Interrupt_getVectorTableAddress            
0000261d  Interrupt_isEnabled                        
000026a9  Interrupt_pendInterrupt                    
0000240b  Interrupt_registerInterrupt                
000024c3  Interrupt_setPriority                      
00002471  Interrupt_setPriorityGrouping              
00002767  Interrupt_setPriorityMask                  
00002781  Interrupt_setVectorTableAddress            
00002719  Interrupt_unpendInterrupt                  
0000245d  Interrupt_unregisterInterrupt              
2000c508  NumOfCharRecevied                          
2000c50c  NumOfHttpData                              
000018ef  Open_Bearer_Connection                     
00001881  Read_HTTP_Content                          
000031e9  ResetISR                                   
UNDEFED   SHT$$INIT_ARRAY$$Base                      
UNDEFED   SHT$$INIT_ARRAY$$Limit                     
00002bfd  SL_D_init                                  
00002c77  SL_D_sendByte                              
00002c95  SL_D_sendCmd                               
00000e49  SPI_changeClockPhasePolarity               
00000da3  SPI_changeMasterClock                      
00000ffd  SPI_clearInterruptFlag                     
00000f7f  SPI_disableInterrupt                       
00000ed7  SPI_disableModule                          
00000f59  SPI_enableInterrupt                        
00000ebb  SPI_enableModule                           
00000fcd  SPI_getEnabledInterruptStatus              
00000fa5  SPI_getInterruptStatus                     
00000ef3  SPI_getReceiveBufferAddressForDMA          
00000f0f  SPI_getTransmitBufferAddressForDMA         
00000ccd  SPI_initMaster                             
00000dcb  SPI_initSlave                              
00000f31  SPI_isBusy                                 
00000e9f  SPI_receiveData                            
00001023  SPI_registerInterrupt                      
00000d7d  SPI_selectFourPinFunctionality             
00000e79  SPI_transmitData                           
000010e1  SPI_unregisterInterrupt                    
00001931  Set_up_HTTP_Para                           
00002bb1  SysCtl_disableGlitchFilter                 
00002a39  SysCtl_disableNMISource                    
00002b49  SysCtl_disablePeripheralAtCPUHalt          
00002a85  SysCtl_disableSRAMBank                     
00002b0d  SysCtl_disableSRAMBankRetention            
00002ba5  SysCtl_enableGlitchFilter                  
00002a4d  SysCtl_enableNMISource                     
00002b35  SysCtl_enablePeripheralAtCPUHalt           
00002a67  SysCtl_enableSRAMBank                      
00002aef  SysCtl_enableSRAMBankRetention             
00002a33  SysCtl_getFlashSize                        
00002a61  SysCtl_getNMISourceStatus                  
00002a2d  SysCtl_getSRAMSize                         
00002bbd  SysCtl_getTempCalibrationConstant          
00002b2b  SysCtl_rebootDevice                        
00002b81  SysCtl_setWDTPasswordViolationResetType    
00002b5d  SysCtl_setWDTTimeoutResetType              
000018a9  Transmit_HTTP_Read                         
0000155d  UART_GSM_init                              
0000152d  UART_PC_init                               
000022e1  UART_clearInterruptFlag                    
00002231  UART_disableInterrupt                      
0000210b  UART_disableModule                         
000021f9  UART_enableInterrupt                       
000020f5  UART_enableModule                          
00002285  UART_getEnabledInterruptStatus             
00002269  UART_getInterruptStatus                    
000021c1  UART_getReceiveBufferAddressForDMA         
000021cf  UART_getTransmitBufferAddressForDMA        
00001fbd  UART_initModule                            
00002121  UART_queryStatusFlags                      
000020cf  UART_receiveData                           
00002301  UART_registerInterrupt                     
00002149  UART_resetDormant                          
000021dd  UART_selectDeglitchTime                    
00002135  UART_setDormant                            
0000215d  UART_transmitAddress                       
0000217b  UART_transmitBreak                         
000020a5  UART_transmitData                          
0000237d  UART_unregisterInterrupt                   
00002db9  WDT_A_clearTimer                           
00002d79  WDT_A_holdTimer                            
00002df5  WDT_A_initIntervalTimer                    
00002dd9  WDT_A_initWatchdogTimer                    
00002e29  WDT_A_registerInterrupt                    
00002e11  WDT_A_setPasswordViolationReset            
00002e1d  WDT_A_setTimeoutReset                      
00002d99  WDT_A_startTimer                           
00002e3d  WDT_A_unregisterInterrupt                  
20010000  __STACK_END                                
00000200  __STACK_SIZE                               
000033b0  __TI_CINIT_Base                            
000033c8  __TI_CINIT_Limit                           
00003390  __TI_Handler_Table_Base                    
0000339c  __TI_Handler_Table_Limit                   
00002f69  __TI_auto_init                             
2000c518  __TI_cleanup_ptr                           
000031fb  __TI_decompress_none                       
00003215  __TI_decompress_rle24                      
2000c51c  __TI_dtors_ptr                             
00000000  __TI_static_base__                         
00003209  __TI_zero_init                             
00002eed  __aeabi_memclr                             
00002eed  __aeabi_memclr4                            
00002eed  __aeabi_memclr8                            
00002e51  __aeabi_memcpy                             
00002e51  __aeabi_memcpy4                            
00002e51  __aeabi_memcpy8                            
00002eef  __aeabi_memset                             
00002eef  __aeabi_memset4                            
00002eef  __aeabi_memset8                            
ffffffff  __binit__                                  
ffffffff  __c_args__                                 
2000fe00  __stack                                    
000031a9  _args_main                                 
00003041  _c_int00                                   
2000c510  _lock                                      
000031cf  _nop                                       
000031c7  _register_lock                             
000031c1  _register_unlock                           
0000321b  _system_pre_init                           
2000c514  _unlock                                    
00003129  abort                                      
ffffffff  binit                                      
0000165f  check_for_OK                               
00003091  copy_in                                    
000015b7  euscia0_isr                                
000015dd  euscia2_isr                                
00002d45  euscib0_isr                                
00003131  exit                                       
20000000  g_pfnRAMVectors                            
00000000  g_pfnVectors                               
000030dd  main                                       
2000c520  main_func_sp                               
00002e51  memcpy                                     
00002ef5  memset                                     
000028bd  printf                                     
00002817  putcc                                      
000027f3  putss                                      
0000193b  request_to_server                          
000027d9  sendByte                                   
00001741  send_AT_command                            
000017e9  set_up_bearer_fido                         
00001831  set_up_bearer_rogers                       
0000332c  spiMasterConfig                            
000031d5  strlen                                     
00003308  uartConfig                                 


GLOBAL SYMBOLS: SORTED BY Symbol Address 

address   name                                       
-------   ----                                       
00000000  __TI_static_base__                         
00000000  g_pfnVectors                               
00000200  __STACK_SIZE                               
000003c1  CS_setExternalClockSourceFrequency         
000003fd  CS_initClockSignal                         
00000501  CS_startHFXT                               
00000525  CS_startHFXTWithTimeout                    
000005dd  CS_startLFXT                               
00000601  CS_startLFXTWithTimeout                    
000006b5  CS_enableClockRequest                      
000006d7  CS_disableClockRequest                     
00000705  CS_setReferenceOscillatorFrequency         
00000727  CS_enableDCOExternalResistor               
00000741  CS_setDCOExternalResistorCalibration       
00000751  CS_disableDCOExternalResistor              
00000771  CS_setDCOCenteredFrequency                 
000007a5  CS_tuneDCOFrequency                        
000007fd  CS_getDCOFrequency                         
000008d1  CS_setDCOFrequency                         
000009fd  CS_getBCLK                                 
00000a19  CS_getHSMCLK                               
00000a45  CS_getACLK                                 
00000a71  CS_getSMCLK                                
00000a99  CS_getMCLK                                 
00000abb  CS_enableFaultCounter                      
00000ae7  CS_disableFaultCounter                     
00000b13  CS_resetFaultCounter                       
00000b51  CS_startFaultCounter                       
00000b95  CS_enableInterrupt                         
00000bb7  CS_disableInterrupt                        
00000bd9  CS_getInterruptStatus                      
00000bdf  CS_getEnabledInterruptStatus               
00000c01  CS_clearInterruptFlag                      
00000c2d  CS_registerInterrupt                       
00000c49  CS_unregisterInterrupt                     
00000ccd  SPI_initMaster                             
00000d7d  SPI_selectFourPinFunctionality             
00000da3  SPI_changeMasterClock                      
00000dcb  SPI_initSlave                              
00000e49  SPI_changeClockPhasePolarity               
00000e79  SPI_transmitData                           
00000e9f  SPI_receiveData                            
00000ebb  SPI_enableModule                           
00000ed7  SPI_disableModule                          
00000ef3  SPI_getReceiveBufferAddressForDMA          
00000f0f  SPI_getTransmitBufferAddressForDMA         
00000f31  SPI_isBusy                                 
00000f59  SPI_enableInterrupt                        
00000f7f  SPI_disableInterrupt                       
00000fa5  SPI_getInterruptStatus                     
00000fcd  SPI_getEnabledInterruptStatus              
00000ffd  SPI_clearInterruptFlag                     
00001023  SPI_registerInterrupt                      
000010e1  SPI_unregisterInterrupt                    
0000118d  EUSCI_B_SPI_select4PinFunctionality        
000011ad  EUSCI_B_SPI_masterChangeClock              
000011df  EUSCI_B_SPI_slaveInit                      
00001229  EUSCI_B_SPI_changeClockPhasePolarity       
0000126b  EUSCI_B_SPI_transmitData                   
00001281  EUSCI_B_SPI_receiveData                    
00001291  EUSCI_B_SPI_enableInterrupt                
000012ab  EUSCI_B_SPI_disableInterrupt               
000012c5  EUSCI_B_SPI_getInterruptStatus             
000012dd  EUSCI_B_SPI_clearInterruptFlag             
000012f7  EUSCI_B_SPI_enable                         
0000130d  EUSCI_B_SPI_disable                        
00001323  EUSCI_B_SPI_getReceiveBufferAddressForDMA  
00001331  EUSCI_B_SPI_getTransmitBufferAddressForDMA 
0000133f  EUSCI_B_SPI_isBusy                         
00001357  EUSCI_A_SPI_select4PinFunctionality        
00001377  EUSCI_A_SPI_masterChangeClock              
000013ad  EUSCI_A_SPI_slaveInit                      
000013f7  EUSCI_A_SPI_changeClockPhasePolarity       
00001439  EUSCI_A_SPI_transmitData                   
0000144f  EUSCI_A_SPI_receiveData                    
0000145f  EUSCI_A_SPI_enableInterrupt                
00001479  EUSCI_A_SPI_disableInterrupt               
00001493  EUSCI_A_SPI_getInterruptStatus             
000014ab  EUSCI_A_SPI_clearInterruptFlag             
000014c5  EUSCI_A_SPI_enable                         
000014db  EUSCI_A_SPI_disable                        
000014f1  EUSCI_A_SPI_getReceiveBufferAddressForDMA  
000014ff  EUSCI_A_SPI_getTransmitBufferAddressForDMA 
0000150d  EUSCI_A_SPI_isBusy                         
0000152d  UART_PC_init                               
0000155d  UART_GSM_init                              
000015b7  euscia0_isr                                
000015dd  euscia2_isr                                
0000165f  check_for_OK                               
000016e5  Clear_RX_Buffer                            
0000170f  Clear_HTTP_buffer                          
00001741  send_AT_command                            
000017e9  set_up_bearer_fido                         
00001831  set_up_bearer_rogers                       
00001881  Read_HTTP_Content                          
000018a9  Transmit_HTTP_Read                         
000018ef  Open_Bearer_Connection                     
000018f9  Close_Bearer_Connection                    
0000191d  Init_HTTP_Service                          
00001927  End_HTTP_Service                           
00001931  Set_up_HTTP_Para                           
0000193b  request_to_server                          
00001b35  GPIO_setAsOutputPin                        
00001b6f  GPIO_setAsInputPin                         
00001bb5  GPIO_setAsPeripheralModuleFunctionOutputPin
00001c39  GPIO_setAsPeripheralModuleFunctionInputPin 
00001cbd  GPIO_setOutputHighOnPin                    
00001cdf  GPIO_setOutputLowOnPin                     
00001d01  GPIO_toggleOutputOnPin                     
00001d23  GPIO_setAsInputPinWithPullDownResistor     
00001d75  GPIO_setAsInputPinWithPullUpResistor       
00001dc7  GPIO_getInputPinValue                      
00001dfd  GPIO_enableInterrupt                       
00001e1f  GPIO_disableInterrupt                      
00001e41  GPIO_getInterruptStatus                    
00001e5f  GPIO_clearInterruptFlag                    
00001e81  GPIO_interruptEdgeSelect                   
00001eb7  GPIO_getEnabledInterruptStatus             
00001f33  GPIO_setDriveStrengthHigh                  
00001f55  GPIO_setDriveStrengthLow                   
00001f77  GPIO_registerInterrupt                     
00001f97  GPIO_unregisterInterrupt                   
00001fbd  UART_initModule                            
000020a5  UART_transmitData                          
000020cf  UART_receiveData                           
000020f5  UART_enableModule                          
0000210b  UART_disableModule                         
00002121  UART_queryStatusFlags                      
00002135  UART_setDormant                            
00002149  UART_resetDormant                          
0000215d  UART_transmitAddress                       
0000217b  UART_transmitBreak                         
000021c1  UART_getReceiveBufferAddressForDMA         
000021cf  UART_getTransmitBufferAddressForDMA        
000021dd  UART_selectDeglitchTime                    
000021f9  UART_enableInterrupt                       
00002231  UART_disableInterrupt                      
00002269  UART_getInterruptStatus                    
00002285  UART_getEnabledInterruptStatus             
000022e1  UART_clearInterruptFlag                    
00002301  UART_registerInterrupt                     
0000237d  UART_unregisterInterrupt                   
000023eb  Interrupt_enableMaster                     
000023fb  Interrupt_disableMaster                    
0000240b  Interrupt_registerInterrupt                
0000245d  Interrupt_unregisterInterrupt              
00002471  Interrupt_setPriorityGrouping              
0000248b  Interrupt_getPriorityGrouping              
000024c3  Interrupt_setPriority                      
00002513  Interrupt_getPriority                      
00002539  Interrupt_enableInterrupt                  
000025ab  Interrupt_disableInterrupt                 
0000261d  Interrupt_isEnabled                        
000026a9  Interrupt_pendInterrupt                    
00002719  Interrupt_unpendInterrupt                  
00002767  Interrupt_setPriorityMask                  
00002777  Interrupt_getPriorityMask                  
00002781  Interrupt_setVectorTableAddress            
00002791  Interrupt_getVectorTableAddress            
00002797  Interrupt_enableSleepOnIsrExit             
000027a9  Interrupt_disableSleepOnIsrExit            
000027d9  sendByte                                   
000027f3  putss                                      
00002817  putcc                                      
000028bd  printf                                     
00002a2d  SysCtl_getSRAMSize                         
00002a33  SysCtl_getFlashSize                        
00002a39  SysCtl_disableNMISource                    
00002a4d  SysCtl_enableNMISource                     
00002a61  SysCtl_getNMISourceStatus                  
00002a67  SysCtl_enableSRAMBank                      
00002a85  SysCtl_disableSRAMBank                     
00002aef  SysCtl_enableSRAMBankRetention             
00002b0d  SysCtl_disableSRAMBankRetention            
00002b2b  SysCtl_rebootDevice                        
00002b35  SysCtl_enablePeripheralAtCPUHalt           
00002b49  SysCtl_disablePeripheralAtCPUHalt          
00002b5d  SysCtl_setWDTTimeoutResetType              
00002b81  SysCtl_setWDTPasswordViolationResetType    
00002ba5  SysCtl_enableGlitchFilter                  
00002bb1  SysCtl_disableGlitchFilter                 
00002bbd  SysCtl_getTempCalibrationConstant          
00002bfd  SL_D_init                                  
00002c77  SL_D_sendByte                              
00002c95  SL_D_sendCmd                               
00002d45  euscib0_isr                                
00002d79  WDT_A_holdTimer                            
00002d99  WDT_A_startTimer                           
00002db9  WDT_A_clearTimer                           
00002dd9  WDT_A_initWatchdogTimer                    
00002df5  WDT_A_initIntervalTimer                    
00002e11  WDT_A_setPasswordViolationReset            
00002e1d  WDT_A_setTimeoutReset                      
00002e29  WDT_A_registerInterrupt                    
00002e3d  WDT_A_unregisterInterrupt                  
00002e51  __aeabi_memcpy                             
00002e51  __aeabi_memcpy4                            
00002e51  __aeabi_memcpy8                            
00002e51  memcpy                                     
00002eed  __aeabi_memclr                             
00002eed  __aeabi_memclr4                            
00002eed  __aeabi_memclr8                            
00002eef  __aeabi_memset                             
00002eef  __aeabi_memset4                            
00002eef  __aeabi_memset8                            
00002ef5  memset                                     
00002f69  __TI_auto_init                             
00003041  _c_int00                                   
00003091  copy_in                                    
000030dd  main                                       
00003125  C$$EXIT                                    
00003129  abort                                      
00003131  exit                                       
00003169  CPU_cpsid                                  
00003175  CPU_primask                                
0000317f  CPU_cpsie                                  
0000318b  CPU_wfi                                    
0000318f  CPU_basepriSet                             
0000319d  CPU_basepriGet                             
000031a9  _args_main                                 
000031c1  _register_unlock                           
000031c7  _register_lock                             
000031cf  _nop                                       
000031d5  strlen                                     
000031e9  ResetISR                                   
000031fb  __TI_decompress_none                       
00003209  __TI_zero_init                             
00003215  __TI_decompress_rle24                      
0000321b  _system_pre_init                           
00003308  uartConfig                                 
0000332c  spiMasterConfig                            
00003390  __TI_Handler_Table_Base                    
0000339c  __TI_Handler_Table_Limit                   
000033b0  __TI_CINIT_Base                            
000033c8  __TI_CINIT_Limit                           
20000000  g_pfnRAMVectors                            
2000c504  HTTPFLAG_FLAG                              
2000c508  NumOfCharRecevied                          
2000c50c  NumOfHttpData                              
2000c510  _lock                                      
2000c514  _unlock                                    
2000c518  __TI_cleanup_ptr                           
2000c51c  __TI_dtors_ptr                             
2000c520  main_func_sp                               
2000fe00  __stack                                    
20010000  __STACK_END                                
ffffffff  __binit__                                  
ffffffff  __c_args__                                 
ffffffff  binit                                      
UNDEFED   SHT$$INIT_ARRAY$$Base                      
UNDEFED   SHT$$INIT_ARRAY$$Limit                     

[251 symbols]
