<?xml version="1.0"?>
<link_info>
   <banner>TI ARM Linker PC v5.2.5</banner>
   <copyright>Copyright (c) 1996-2015 Texas Instruments Incorporated</copyright>
   <link_time>0x56303f60</link_time>
   <link_errors>0x0</link_errors>
   <output_file>solarity.out</output_file>
   <entry_point>
      <name>_c_int00</name>
      <address>0x23b9</address>
   </entry_point>
   <input_file_list>
      <input_file id="fl-2">
         <path>.\</path>
         <kind>object</kind>
         <file>SL_Display.obj</file>
         <name>SL_Display.obj</name>
      </input_file>
      <input_file id="fl-3">
         <path>.\</path>
         <kind>object</kind>
         <file>main.obj</file>
         <name>main.obj</name>
      </input_file>
      <input_file id="fl-4">
         <path>.\</path>
         <kind>object</kind>
         <file>msp432_startup_ccs.obj</file>
         <name>msp432_startup_ccs.obj</name>
      </input_file>
      <input_file id="fl-5">
         <path>.\driverlib\MSP432P4xx\</path>
         <kind>object</kind>
         <file>adc14.obj</file>
         <name>adc14.obj</name>
      </input_file>
      <input_file id="fl-6">
         <path>.\driverlib\MSP432P4xx\</path>
         <kind>object</kind>
         <file>aes256.obj</file>
         <name>aes256.obj</name>
      </input_file>
      <input_file id="fl-7">
         <path>.\driverlib\MSP432P4xx\</path>
         <kind>object</kind>
         <file>comp_e.obj</file>
         <name>comp_e.obj</name>
      </input_file>
      <input_file id="fl-8">
         <path>.\driverlib\MSP432P4xx\</path>
         <kind>object</kind>
         <file>cpu.obj</file>
         <name>cpu.obj</name>
      </input_file>
      <input_file id="fl-9">
         <path>.\driverlib\MSP432P4xx\</path>
         <kind>object</kind>
         <file>crc32.obj</file>
         <name>crc32.obj</name>
      </input_file>
      <input_file id="fl-a">
         <path>.\driverlib\MSP432P4xx\</path>
         <kind>object</kind>
         <file>cs.obj</file>
         <name>cs.obj</name>
      </input_file>
      <input_file id="fl-b">
         <path>.\driverlib\MSP432P4xx\</path>
         <kind>object</kind>
         <file>dma.obj</file>
         <name>dma.obj</name>
      </input_file>
      <input_file id="fl-c">
         <path>.\driverlib\MSP432P4xx\</path>
         <kind>object</kind>
         <file>flash.obj</file>
         <name>flash.obj</name>
      </input_file>
      <input_file id="fl-d">
         <path>.\driverlib\MSP432P4xx\</path>
         <kind>object</kind>
         <file>fpu.obj</file>
         <name>fpu.obj</name>
      </input_file>
      <input_file id="fl-e">
         <path>.\driverlib\MSP432P4xx\</path>
         <kind>object</kind>
         <file>gpio.obj</file>
         <name>gpio.obj</name>
      </input_file>
      <input_file id="fl-f">
         <path>.\driverlib\MSP432P4xx\</path>
         <kind>object</kind>
         <file>i2c.obj</file>
         <name>i2c.obj</name>
      </input_file>
      <input_file id="fl-10">
         <path>.\driverlib\MSP432P4xx\</path>
         <kind>object</kind>
         <file>interrupt.obj</file>
         <name>interrupt.obj</name>
      </input_file>
      <input_file id="fl-11">
         <path>.\driverlib\MSP432P4xx\</path>
         <kind>object</kind>
         <file>mpu.obj</file>
         <name>mpu.obj</name>
      </input_file>
      <input_file id="fl-12">
         <path>.\driverlib\MSP432P4xx\</path>
         <kind>object</kind>
         <file>pcm.obj</file>
         <name>pcm.obj</name>
      </input_file>
      <input_file id="fl-13">
         <path>.\driverlib\MSP432P4xx\</path>
         <kind>object</kind>
         <file>pmap.obj</file>
         <name>pmap.obj</name>
      </input_file>
      <input_file id="fl-14">
         <path>.\driverlib\MSP432P4xx\</path>
         <kind>object</kind>
         <file>pss.obj</file>
         <name>pss.obj</name>
      </input_file>
      <input_file id="fl-15">
         <path>.\driverlib\MSP432P4xx\</path>
         <kind>object</kind>
         <file>ref_a.obj</file>
         <name>ref_a.obj</name>
      </input_file>
      <input_file id="fl-16">
         <path>.\driverlib\MSP432P4xx\</path>
         <kind>object</kind>
         <file>reset.obj</file>
         <name>reset.obj</name>
      </input_file>
      <input_file id="fl-17">
         <path>.\driverlib\MSP432P4xx\</path>
         <kind>object</kind>
         <file>rtc_c.obj</file>
         <name>rtc_c.obj</name>
      </input_file>
      <input_file id="fl-18">
         <path>.\driverlib\MSP432P4xx\</path>
         <kind>object</kind>
         <file>spi.obj</file>
         <name>spi.obj</name>
      </input_file>
      <input_file id="fl-19">
         <path>.\driverlib\MSP432P4xx\</path>
         <kind>object</kind>
         <file>sysctl.obj</file>
         <name>sysctl.obj</name>
      </input_file>
      <input_file id="fl-1a">
         <path>.\driverlib\MSP432P4xx\</path>
         <kind>object</kind>
         <file>systick.obj</file>
         <name>systick.obj</name>
      </input_file>
      <input_file id="fl-1b">
         <path>.\driverlib\MSP432P4xx\</path>
         <kind>object</kind>
         <file>timer32.obj</file>
         <name>timer32.obj</name>
      </input_file>
      <input_file id="fl-1c">
         <path>.\driverlib\MSP432P4xx\</path>
         <kind>object</kind>
         <file>timer_a.obj</file>
         <name>timer_a.obj</name>
      </input_file>
      <input_file id="fl-1d">
         <path>.\driverlib\MSP432P4xx\</path>
         <kind>object</kind>
         <file>uart.obj</file>
         <name>uart.obj</name>
      </input_file>
      <input_file id="fl-1e">
         <path>.\driverlib\MSP432P4xx\</path>
         <kind>object</kind>
         <file>wdt_a.obj</file>
         <name>wdt_a.obj</name>
      </input_file>
      <input_file id="fl-14a">
         <path>C:\ti\ccsv6\tools\compiler\ti-cgt-arm_5.2.5\lib\</path>
         <kind>archive</kind>
         <file>rtsv7M4_T_le_v4SPD16_eabi.lib</file>
         <name>boot.obj</name>
      </input_file>
      <input_file id="fl-14b">
         <path>C:\ti\ccsv6\tools\compiler\ti-cgt-arm_5.2.5\lib\</path>
         <kind>archive</kind>
         <file>rtsv7M4_T_le_v4SPD16_eabi.lib</file>
         <name>copy_decompress_none.obj</name>
      </input_file>
      <input_file id="fl-14c">
         <path>C:\ti\ccsv6\tools\compiler\ti-cgt-arm_5.2.5\lib\</path>
         <kind>archive</kind>
         <file>rtsv7M4_T_le_v4SPD16_eabi.lib</file>
         <name>copy_decompress_rle.obj</name>
      </input_file>
      <input_file id="fl-14d">
         <path>C:\ti\ccsv6\tools\compiler\ti-cgt-arm_5.2.5\lib\</path>
         <kind>archive</kind>
         <file>rtsv7M4_T_le_v4SPD16_eabi.lib</file>
         <name>copy_zero_init.obj</name>
      </input_file>
      <input_file id="fl-14e">
         <path>C:\ti\ccsv6\tools\compiler\ti-cgt-arm_5.2.5\lib\</path>
         <kind>archive</kind>
         <file>rtsv7M4_T_le_v4SPD16_eabi.lib</file>
         <name>exit.obj</name>
      </input_file>
      <input_file id="fl-14f">
         <path>C:\ti\ccsv6\tools\compiler\ti-cgt-arm_5.2.5\lib\</path>
         <kind>archive</kind>
         <file>rtsv7M4_T_le_v4SPD16_eabi.lib</file>
         <name>memcpy_t2.obj</name>
      </input_file>
      <input_file id="fl-150">
         <path>C:\ti\ccsv6\tools\compiler\ti-cgt-arm_5.2.5\lib\</path>
         <kind>archive</kind>
         <file>rtsv7M4_T_le_v4SPD16_eabi.lib</file>
         <name>memset_t2.obj</name>
      </input_file>
      <input_file id="fl-151">
         <path>C:\ti\ccsv6\tools\compiler\ti-cgt-arm_5.2.5\lib\</path>
         <kind>archive</kind>
         <file>rtsv7M4_T_le_v4SPD16_eabi.lib</file>
         <name>pre_init.obj</name>
      </input_file>
      <input_file id="fl-152">
         <path>C:\ti\ccsv6\tools\compiler\ti-cgt-arm_5.2.5\lib\</path>
         <kind>archive</kind>
         <file>rtsv7M4_T_le_v4SPD16_eabi.lib</file>
         <name>stkdepth_vars.obj</name>
      </input_file>
      <input_file id="fl-153">
         <path>C:\ti\ccsv6\tools\compiler\ti-cgt-arm_5.2.5\lib\</path>
         <kind>archive</kind>
         <file>rtsv7M4_T_le_v4SPD16_eabi.lib</file>
         <name>_lock.obj</name>
      </input_file>
      <input_file id="fl-154">
         <path>C:\ti\ccsv6\tools\compiler\ti-cgt-arm_5.2.5\lib\</path>
         <kind>archive</kind>
         <file>rtsv7M4_T_le_v4SPD16_eabi.lib</file>
         <name>args_main.obj</name>
      </input_file>
      <input_file id="fl-155">
         <path>C:\ti\ccsv6\tools\compiler\ti-cgt-arm_5.2.5\lib\</path>
         <kind>archive</kind>
         <file>rtsv7M4_T_le_v4SPD16_eabi.lib</file>
         <name>autoinit.obj</name>
      </input_file>
      <input_file id="fl-156">
         <path>C:\ti\ccsv6\tools\compiler\ti-cgt-arm_5.2.5\lib\</path>
         <kind>archive</kind>
         <file>rtsv7M4_T_le_v4SPD16_eabi.lib</file>
         <name>cpy_tbl.obj</name>
      </input_file>
   </input_file_list>
   <object_component_list>
      <object_component id="oc-10">
         <name>.intvecs</name>
         <load_address>0x0</load_address>
         <run_address>0x0</run_address>
         <size>0x144</size>
         <input_file_ref idref="fl-4"/>
      </object_component>
      <object_component id="oc-82">
         <name>.text</name>
         <load_address>0x144</load_address>
         <run_address>0x144</run_address>
         <size>0xb58</size>
         <input_file_ref idref="fl-a"/>
      </object_component>
      <object_component id="oc-8e">
         <name>.text</name>
         <load_address>0xc9c</load_address>
         <run_address>0xc9c</run_address>
         <size>0x890</size>
         <input_file_ref idref="fl-18"/>
      </object_component>
      <object_component id="oc-88">
         <name>.text</name>
         <load_address>0x152c</load_address>
         <run_address>0x152c</run_address>
         <size>0x488</size>
         <input_file_ref idref="fl-e"/>
      </object_component>
      <object_component id="oc-94">
         <name>.text</name>
         <load_address>0x19b4</load_address>
         <run_address>0x19b4</run_address>
         <size>0x3f0</size>
         <input_file_ref idref="fl-10"/>
      </object_component>
      <object_component id="oc-df">
         <name>.text</name>
         <load_address>0x1da4</load_address>
         <run_address>0x1da4</run_address>
         <size>0x1d0</size>
         <input_file_ref idref="fl-19"/>
      </object_component>
      <object_component id="oc-31">
         <name>.text</name>
         <load_address>0x1f74</load_address>
         <run_address>0x1f74</run_address>
         <size>0x17c</size>
         <input_file_ref idref="fl-2"/>
      </object_component>
      <object_component id="oc-7b">
         <name>.text</name>
         <load_address>0x20f0</load_address>
         <run_address>0x20f0</run_address>
         <size>0xd8</size>
         <input_file_ref idref="fl-1e"/>
      </object_component>
      <object_component id="oc-3a">
         <name>.text</name>
         <load_address>0x21c8</load_address>
         <run_address>0x21c8</run_address>
         <size>0x9c</size>
         <input_file_ref idref="fl-14f"/>
      </object_component>
      <object_component id="oc-53">
         <name>.text</name>
         <load_address>0x2264</load_address>
         <run_address>0x2264</run_address>
         <size>0x7a</size>
         <input_file_ref idref="fl-150"/>
      </object_component>
      <object_component id="oc-65">
         <name>.text</name>
         <load_address>0x22e0</load_address>
         <run_address>0x22e0</run_address>
         <size>0x6c</size>
         <input_file_ref idref="fl-155"/>
      </object_component>
      <object_component id="oc-46">
         <name>.text</name>
         <load_address>0x234c</load_address>
         <run_address>0x234c</run_address>
         <size>0x6a</size>
         <input_file_ref idref="fl-14c"/>
      </object_component>
      <object_component id="oc-25">
         <name>.text</name>
         <load_address>0x23b8</load_address>
         <run_address>0x23b8</run_address>
         <size>0x50</size>
         <input_file_ref idref="fl-14a"/>
      </object_component>
      <object_component id="oc-c4">
         <name>.text</name>
         <load_address>0x2408</load_address>
         <run_address>0x2408</run_address>
         <size>0x4c</size>
         <input_file_ref idref="fl-156"/>
      </object_component>
      <object_component id="oc-71">
         <name>.text</name>
         <load_address>0x2454</load_address>
         <run_address>0x2454</run_address>
         <size>0x44</size>
         <input_file_ref idref="fl-14e"/>
      </object_component>
      <object_component id="oc-fb">
         <name>.text</name>
         <load_address>0x2498</load_address>
         <run_address>0x2498</run_address>
         <size>0x3e</size>
         <input_file_ref idref="fl-8"/>
      </object_component>
      <object_component id="oc-cc">
         <name>.text</name>
         <load_address>0x24d8</load_address>
         <run_address>0x24d8</run_address>
         <size>0x30</size>
         <input_file_ref idref="fl-3"/>
      </object_component>
      <object_component id="oc-6b">
         <name>.text</name>
         <load_address>0x2508</load_address>
         <run_address>0x2508</run_address>
         <size>0x18</size>
         <input_file_ref idref="fl-154"/>
      </object_component>
      <object_component id="oc-12f">
         <name>.text</name>
         <load_address>0x2520</load_address>
         <run_address>0x2520</run_address>
         <size>0x14</size>
         <input_file_ref idref="fl-153"/>
      </object_component>
      <object_component id="oc-2b">
         <name>.text</name>
         <load_address>0x2534</load_address>
         <run_address>0x2534</run_address>
         <size>0x12</size>
         <input_file_ref idref="fl-4"/>
      </object_component>
      <object_component id="oc-13">
         <name>.text:decompress:none</name>
         <load_address>0x2546</load_address>
         <run_address>0x2546</run_address>
         <size>0xe</size>
         <input_file_ref idref="fl-14b"/>
      </object_component>
      <object_component id="oc-1f">
         <name>.text:decompress:ZI</name>
         <load_address>0x2554</load_address>
         <run_address>0x2554</run_address>
         <size>0xc</size>
         <input_file_ref idref="fl-14d"/>
      </object_component>
      <object_component id="oc-19">
         <name>.text:decompress:rle24</name>
         <load_address>0x2560</load_address>
         <run_address>0x2560</run_address>
         <size>0x6</size>
         <input_file_ref idref="fl-14c"/>
      </object_component>
      <object_component id="oc-5f">
         <name>.text</name>
         <load_address>0x2566</load_address>
         <run_address>0x2566</run_address>
         <size>0x4</size>
         <input_file_ref idref="fl-151"/>
      </object_component>
      <object_component id="oc-107">
         <name>.const:g_pulRegs</name>
         <load_address>0x256c</load_address>
         <run_address>0x256c</run_address>
         <size>0x50</size>
         <input_file_ref idref="fl-10"/>
      </object_component>
      <object_component id="oc-104">
         <name>.const</name>
         <load_address>0x25bc</load_address>
         <run_address>0x25bc</run_address>
         <size>0x40</size>
         <input_file_ref idref="fl-10"/>
      </object_component>
      <object_component id="oc-f1">
         <name>.const:GPIO_PORT_TO_BASE</name>
         <load_address>0x25fc</load_address>
         <run_address>0x25fc</run_address>
         <size>0x30</size>
         <input_file_ref idref="fl-e"/>
      </object_component>
      <object_component id="oc-9a">
         <name>.const</name>
         <load_address>0x262c</load_address>
         <run_address>0x262c</run_address>
         <size>0x1c</size>
         <input_file_ref idref="fl-2"/>
      </object_component>
      <object_component id="oc-f4">
         <name>.const</name>
         <load_address>0x2648</load_address>
         <run_address>0x2648</run_address>
         <size>0x1c</size>
         <input_file_ref idref="fl-e"/>
      </object_component>
      <object_component id="oc-123">
         <name>.const:.string</name>
         <load_address>0x2664</load_address>
         <run_address>0x2664</run_address>
         <size>0x3</size>
         <input_file_ref idref="fl-3"/>
      </object_component>
      <object_component id="oc-185">
         <name>.cinit..data.load</name>
         <load_address>0x2668</load_address>
         <run_address>0x2668</run_address>
         <size>0xf</size>
      </object_component>
      <object_component id="oc-182">
         <name>__TI_handler_table</name>
         <load_address>0x2678</load_address>
         <run_address>0x2678</run_address>
         <size>0xc</size>
      </object_component>
      <object_component id="oc-186">
         <name>.cinit..bss.load</name>
         <load_address>0x2688</load_address>
         <run_address>0x2688</run_address>
         <size>0x8</size>
      </object_component>
      <object_component id="oc-184">
         <name>.cinit..vtable.load</name>
         <load_address>0x2690</load_address>
         <run_address>0x2690</run_address>
         <size>0x8</size>
      </object_component>
      <object_component id="oc-183">
         <name>__TI_cinit_table</name>
         <load_address>0x2698</load_address>
         <run_address>0x2698</run_address>
         <size>0x18</size>
      </object_component>
      <object_component id="oc-101">
         <name>.vtable</name>
         <uninitialized>true</uninitialized>
         <run_address>0x20000000</run_address>
         <size>0xe4</size>
         <input_file_ref idref="fl-10"/>
      </object_component>
      <object_component id="oc-2a">
         <name>.stack</name>
         <uninitialized>true</uninitialized>
         <run_address>0x2000fe00</run_address>
         <size>0x0</size>
         <input_file_ref idref="fl-14a"/>
      </object_component>
      <object_component id="oc-187">
         <name>.stack</name>
         <uninitialized>true</uninitialized>
         <run_address>0x2000fe00</run_address>
         <size>0x0</size>
      </object_component>
      <object_component id="oc-e7">
         <name>.common:hfxtFreq</name>
         <uninitialized>true</uninitialized>
         <run_address>0x200000f8</run_address>
         <size>0x4</size>
      </object_component>
      <object_component id="oc-ea">
         <name>.common:lfxtFreq</name>
         <uninitialized>true</uninitialized>
         <run_address>0x200000fc</run_address>
         <size>0x4</size>
      </object_component>
      <object_component id="oc-d7">
         <name>.data</name>
         <load_address>0x200000ec</load_address>
         <run_address>0x200000ec</run_address>
         <size>0x8</size>
         <input_file_ref idref="fl-14e"/>
      </object_component>
      <object_component id="oc-77">
         <name>.data</name>
         <load_address>0x200000f4</load_address>
         <run_address>0x200000f4</run_address>
         <size>0x4</size>
         <input_file_ref idref="fl-152"/>
      </object_component>
      <object_component id="oc-d4">
         <name>.data</name>
         <load_address>0x200000e4</load_address>
         <run_address>0x200000e4</run_address>
         <size>0x8</size>
         <input_file_ref idref="fl-153"/>
      </object_component>
      <object_component id="oc-a3">
         <name>.debug_info</name>
         <load_address>0x0</load_address>
         <run_address>0x0</run_address>
         <size>0x769</size>
         <input_file_ref idref="fl-2"/>
      </object_component>
      <object_component id="oc-9b">
         <name>.debug_info</name>
         <load_address>0x769</load_address>
         <run_address>0x769</run_address>
         <size>0xd5</size>
         <input_file_ref idref="fl-2"/>
      </object_component>
      <object_component id="oc-32">
         <name>.debug_info</name>
         <load_address>0x83e</load_address>
         <run_address>0x83e</run_address>
         <size>0x590</size>
         <input_file_ref idref="fl-2"/>
      </object_component>
      <object_component id="oc-a6">
         <name>.debug_info</name>
         <load_address>0xdce</load_address>
         <run_address>0xdce</run_address>
         <size>0x103c</size>
         <input_file_ref idref="fl-2"/>
      </object_component>
      <object_component id="oc-ec">
         <name>.debug_info</name>
         <load_address>0x1e0a</load_address>
         <run_address>0x1e0a</run_address>
         <size>0x8b</size>
         <input_file_ref idref="fl-2"/>
      </object_component>
      <object_component id="oc-9e">
         <name>.debug_info</name>
         <load_address>0x1e95</load_address>
         <run_address>0x1e95</run_address>
         <size>0x18b</size>
         <input_file_ref idref="fl-2"/>
      </object_component>
      <object_component id="oc-110">
         <name>.debug_info</name>
         <load_address>0x2020</load_address>
         <run_address>0x2020</run_address>
         <size>0x131</size>
         <input_file_ref idref="fl-2"/>
      </object_component>
      <object_component id="oc-127">
         <name>.debug_info</name>
         <load_address>0x2151</load_address>
         <run_address>0x2151</run_address>
         <size>0x360</size>
         <input_file_ref idref="fl-3"/>
      </object_component>
      <object_component id="oc-124">
         <name>.debug_info</name>
         <load_address>0x24b1</load_address>
         <run_address>0x24b1</run_address>
         <size>0xbe</size>
         <input_file_ref idref="fl-3"/>
      </object_component>
      <object_component id="oc-cd">
         <name>.debug_info</name>
         <load_address>0x256f</load_address>
         <run_address>0x256f</run_address>
         <size>0x121</size>
         <input_file_ref idref="fl-3"/>
      </object_component>
      <object_component id="oc-ab">
         <name>.debug_info</name>
         <load_address>0x2690</load_address>
         <run_address>0x2690</run_address>
         <size>0x84</size>
         <input_file_ref idref="fl-3"/>
      </object_component>
      <object_component id="oc-39">
         <name>.debug_info</name>
         <load_address>0x2714</load_address>
         <run_address>0x2714</run_address>
         <size>0x380</size>
         <input_file_ref idref="fl-4"/>
      </object_component>
      <object_component id="oc-11">
         <name>.debug_info</name>
         <load_address>0x2a94</load_address>
         <run_address>0x2a94</run_address>
         <size>0xd7</size>
         <input_file_ref idref="fl-4"/>
      </object_component>
      <object_component id="oc-2c">
         <name>.debug_info</name>
         <load_address>0x2b6b</load_address>
         <run_address>0x2b6b</run_address>
         <size>0x230</size>
         <input_file_ref idref="fl-4"/>
      </object_component>
      <object_component id="oc-fc">
         <name>.debug_info</name>
         <load_address>0x2d9b</load_address>
         <run_address>0x2d9b</run_address>
         <size>0x3b3</size>
         <input_file_ref idref="fl-8"/>
      </object_component>
      <object_component id="oc-e8">
         <name>.debug_info</name>
         <load_address>0x314e</load_address>
         <run_address>0x314e</run_address>
         <size>0x524</size>
         <input_file_ref idref="fl-a"/>
      </object_component>
      <object_component id="oc-83">
         <name>.debug_info</name>
         <load_address>0x3672</load_address>
         <run_address>0x3672</run_address>
         <size>0x2174</size>
         <input_file_ref idref="fl-a"/>
      </object_component>
      <object_component id="oc-f8">
         <name>.debug_info</name>
         <load_address>0x57e6</load_address>
         <run_address>0x57e6</run_address>
         <size>0x448</size>
         <input_file_ref idref="fl-e"/>
      </object_component>
      <object_component id="oc-f5">
         <name>.debug_info</name>
         <load_address>0x5c2e</load_address>
         <run_address>0x5c2e</run_address>
         <size>0xe5</size>
         <input_file_ref idref="fl-e"/>
      </object_component>
      <object_component id="oc-f2">
         <name>.debug_info</name>
         <load_address>0x5d13</load_address>
         <run_address>0x5d13</run_address>
         <size>0xe7</size>
         <input_file_ref idref="fl-e"/>
      </object_component>
      <object_component id="oc-89">
         <name>.debug_info</name>
         <load_address>0x5dfa</load_address>
         <run_address>0x5dfa</run_address>
         <size>0x19e3</size>
         <input_file_ref idref="fl-e"/>
      </object_component>
      <object_component id="oc-10b">
         <name>.debug_info</name>
         <load_address>0x77dd</load_address>
         <run_address>0x77dd</run_address>
         <size>0x3d6</size>
         <input_file_ref idref="fl-10"/>
      </object_component>
      <object_component id="oc-105">
         <name>.debug_info</name>
         <load_address>0x7bb3</load_address>
         <run_address>0x7bb3</run_address>
         <size>0x18a</size>
         <input_file_ref idref="fl-10"/>
      </object_component>
      <object_component id="oc-108">
         <name>.debug_info</name>
         <load_address>0x7d3d</load_address>
         <run_address>0x7d3d</run_address>
         <size>0xdc</size>
         <input_file_ref idref="fl-10"/>
      </object_component>
      <object_component id="oc-102">
         <name>.debug_info</name>
         <load_address>0x7e19</load_address>
         <run_address>0x7e19</run_address>
         <size>0xe9</size>
         <input_file_ref idref="fl-10"/>
      </object_component>
      <object_component id="oc-96">
         <name>.debug_info</name>
         <load_address>0x7f02</load_address>
         <run_address>0x7f02</run_address>
         <size>0x118c</size>
         <input_file_ref idref="fl-10"/>
      </object_component>
      <object_component id="oc-fa">
         <name>.debug_info</name>
         <load_address>0x908e</load_address>
         <run_address>0x908e</run_address>
         <size>0x43c</size>
         <input_file_ref idref="fl-18"/>
      </object_component>
      <object_component id="oc-8f">
         <name>.debug_info</name>
         <load_address>0x94ca</load_address>
         <run_address>0x94ca</run_address>
         <size>0x3d54</size>
         <input_file_ref idref="fl-18"/>
      </object_component>
      <object_component id="oc-e1">
         <name>.debug_info</name>
         <load_address>0xd21e</load_address>
         <run_address>0xd21e</run_address>
         <size>0xd1e</size>
         <input_file_ref idref="fl-19"/>
      </object_component>
      <object_component id="oc-e6">
         <name>.debug_info</name>
         <load_address>0xdf3c</load_address>
         <run_address>0xdf3c</run_address>
         <size>0x4d6</size>
         <input_file_ref idref="fl-1e"/>
      </object_component>
      <object_component id="oc-7c">
         <name>.debug_info</name>
         <load_address>0xe412</load_address>
         <run_address>0xe412</run_address>
         <size>0x89b</size>
         <input_file_ref idref="fl-1e"/>
      </object_component>
      <object_component id="oc-26">
         <name>.debug_info</name>
         <load_address>0xecad</load_address>
         <run_address>0xecad</run_address>
         <size>0x134</size>
         <input_file_ref idref="fl-14a"/>
      </object_component>
      <object_component id="oc-45">
         <name>.debug_info</name>
         <load_address>0xede1</load_address>
         <run_address>0xede1</run_address>
         <size>0x121</size>
         <input_file_ref idref="fl-14b"/>
      </object_component>
      <object_component id="oc-14">
         <name>.debug_info</name>
         <load_address>0xef02</load_address>
         <run_address>0xef02</run_address>
         <size>0x1c0</size>
         <input_file_ref idref="fl-14b"/>
      </object_component>
      <object_component id="oc-40">
         <name>.debug_info</name>
         <load_address>0xf0c2</load_address>
         <run_address>0xf0c2</run_address>
         <size>0x46</size>
         <input_file_ref idref="fl-14b"/>
      </object_component>
      <object_component id="oc-b1">
         <name>.debug_info</name>
         <load_address>0xf108</load_address>
         <run_address>0xf108</run_address>
         <size>0x2c</size>
         <input_file_ref idref="fl-14b"/>
      </object_component>
      <object_component id="oc-4d">
         <name>.debug_info</name>
         <load_address>0xf134</load_address>
         <run_address>0xf134</run_address>
         <size>0x115</size>
         <input_file_ref idref="fl-14c"/>
      </object_component>
      <object_component id="oc-4a">
         <name>.debug_info</name>
         <load_address>0xf249</load_address>
         <run_address>0xf249</run_address>
         <size>0x228</size>
         <input_file_ref idref="fl-14c"/>
      </object_component>
      <object_component id="oc-1a">
         <name>.debug_info</name>
         <load_address>0xf471</load_address>
         <run_address>0xf471</run_address>
         <size>0x192</size>
         <input_file_ref idref="fl-14c"/>
      </object_component>
      <object_component id="oc-4e">
         <name>.debug_info</name>
         <load_address>0xf603</load_address>
         <run_address>0xf603</run_address>
         <size>0x39</size>
         <input_file_ref idref="fl-14c"/>
      </object_component>
      <object_component id="oc-bb">
         <name>.debug_info</name>
         <load_address>0xf63c</load_address>
         <run_address>0xf63c</run_address>
         <size>0x2c</size>
         <input_file_ref idref="fl-14c"/>
      </object_component>
      <object_component id="oc-5e">
         <name>.debug_info</name>
         <load_address>0xf668</load_address>
         <run_address>0xf668</run_address>
         <size>0x110</size>
         <input_file_ref idref="fl-14d"/>
      </object_component>
      <object_component id="oc-21">
         <name>.debug_info</name>
         <load_address>0xf778</load_address>
         <run_address>0xf778</run_address>
         <size>0x18b</size>
         <input_file_ref idref="fl-14d"/>
      </object_component>
      <object_component id="oc-59">
         <name>.debug_info</name>
         <load_address>0xf903</load_address>
         <run_address>0xf903</run_address>
         <size>0x46</size>
         <input_file_ref idref="fl-14d"/>
      </object_component>
      <object_component id="oc-db">
         <name>.debug_info</name>
         <load_address>0xf949</load_address>
         <run_address>0xf949</run_address>
         <size>0x172</size>
         <input_file_ref idref="fl-14e"/>
      </object_component>
      <object_component id="oc-d8">
         <name>.debug_info</name>
         <load_address>0xfabb</load_address>
         <run_address>0xfabb</run_address>
         <size>0x117</size>
         <input_file_ref idref="fl-14e"/>
      </object_component>
      <object_component id="oc-72">
         <name>.debug_info</name>
         <load_address>0xfbd2</load_address>
         <run_address>0xfbd2</run_address>
         <size>0x1ee</size>
         <input_file_ref idref="fl-14e"/>
      </object_component>
      <object_component id="oc-3c">
         <name>.debug_info</name>
         <load_address>0xfdc0</load_address>
         <run_address>0xfdc0</run_address>
         <size>0xf6</size>
         <input_file_ref idref="fl-14f"/>
      </object_component>
      <object_component id="oc-54">
         <name>.debug_info</name>
         <load_address>0xfeb6</load_address>
         <run_address>0xfeb6</run_address>
         <size>0x124</size>
         <input_file_ref idref="fl-150"/>
      </object_component>
      <object_component id="oc-60">
         <name>.debug_info</name>
         <load_address>0xffda</load_address>
         <run_address>0xffda</run_address>
         <size>0x129</size>
         <input_file_ref idref="fl-151"/>
      </object_component>
      <object_component id="oc-78">
         <name>.debug_info</name>
         <load_address>0x10103</load_address>
         <run_address>0x10103</run_address>
         <size>0xea</size>
         <input_file_ref idref="fl-152"/>
      </object_component>
      <object_component id="oc-137">
         <name>.debug_info</name>
         <load_address>0x101ed</load_address>
         <run_address>0x101ed</run_address>
         <size>0x105</size>
         <input_file_ref idref="fl-153"/>
      </object_component>
      <object_component id="oc-d5">
         <name>.debug_info</name>
         <load_address>0x102f2</load_address>
         <run_address>0x102f2</run_address>
         <size>0xf4</size>
         <input_file_ref idref="fl-153"/>
      </object_component>
      <object_component id="oc-131">
         <name>.debug_info</name>
         <load_address>0x103e6</load_address>
         <run_address>0x103e6</run_address>
         <size>0x200</size>
         <input_file_ref idref="fl-153"/>
      </object_component>
      <object_component id="oc-d3">
         <name>.debug_info</name>
         <load_address>0x105e6</load_address>
         <run_address>0x105e6</run_address>
         <size>0x147</size>
         <input_file_ref idref="fl-154"/>
      </object_component>
      <object_component id="oc-6d">
         <name>.debug_info</name>
         <load_address>0x1072d</load_address>
         <run_address>0x1072d</run_address>
         <size>0x148</size>
         <input_file_ref idref="fl-154"/>
      </object_component>
      <object_component id="oc-12a">
         <name>.debug_info</name>
         <load_address>0x10875</load_address>
         <run_address>0x10875</run_address>
         <size>0x5e</size>
         <input_file_ref idref="fl-154"/>
      </object_component>
      <object_component id="oc-cb">
         <name>.debug_info</name>
         <load_address>0x108d3</load_address>
         <run_address>0x108d3</run_address>
         <size>0x29e</size>
         <input_file_ref idref="fl-155"/>
      </object_component>
      <object_component id="oc-66">
         <name>.debug_info</name>
         <load_address>0x10b71</load_address>
         <run_address>0x10b71</run_address>
         <size>0x158</size>
         <input_file_ref idref="fl-155"/>
      </object_component>
      <object_component id="oc-119">
         <name>.debug_info</name>
         <load_address>0x10cc9</load_address>
         <run_address>0x10cc9</run_address>
         <size>0x39</size>
         <input_file_ref idref="fl-155"/>
      </object_component>
      <object_component id="oc-11e">
         <name>.debug_info</name>
         <load_address>0x10d02</load_address>
         <run_address>0x10d02</run_address>
         <size>0xcd</size>
         <input_file_ref idref="fl-155"/>
      </object_component>
      <object_component id="oc-116">
         <name>.debug_info</name>
         <load_address>0x10dcf</load_address>
         <run_address>0x10dcf</run_address>
         <size>0x1c1</size>
         <input_file_ref idref="fl-156"/>
      </object_component>
      <object_component id="oc-c6">
         <name>.debug_info</name>
         <load_address>0x10f90</load_address>
         <run_address>0x10f90</run_address>
         <size>0x164</size>
         <input_file_ref idref="fl-156"/>
      </object_component>
      <object_component id="oc-155">
         <name>.debug_info</name>
         <load_address>0x110f4</load_address>
         <run_address>0x110f4</run_address>
         <size>0x2c</size>
         <input_file_ref idref="fl-156"/>
      </object_component>
      <object_component id="oc-188">
         <name>.debug_info</name>
         <load_address>0x11120</load_address>
         <run_address>0x11120</run_address>
         <size>0x97</size>
      </object_component>
      <object_component id="oc-10f">
         <name>.debug_line</name>
         <load_address>0x0</load_address>
         <run_address>0x0</run_address>
         <size>0x12e</size>
         <input_file_ref idref="fl-2"/>
      </object_component>
      <object_component id="oc-10d">
         <name>.debug_line</name>
         <load_address>0x12e</load_address>
         <run_address>0x12e</run_address>
         <size>0x33</size>
         <input_file_ref idref="fl-2"/>
      </object_component>
      <object_component id="oc-35">
         <name>.debug_line</name>
         <load_address>0x161</load_address>
         <run_address>0x161</run_address>
         <size>0xd9</size>
         <input_file_ref idref="fl-2"/>
      </object_component>
      <object_component id="oc-a9">
         <name>.debug_line</name>
         <load_address>0x23a</load_address>
         <run_address>0x23a</run_address>
         <size>0x55</size>
         <input_file_ref idref="fl-2"/>
      </object_component>
      <object_component id="oc-ef">
         <name>.debug_line</name>
         <load_address>0x28f</load_address>
         <run_address>0x28f</run_address>
         <size>0x20</size>
         <input_file_ref idref="fl-2"/>
      </object_component>
      <object_component id="oc-a1">
         <name>.debug_line</name>
         <load_address>0x2af</load_address>
         <run_address>0x2af</run_address>
         <size>0x60</size>
         <input_file_ref idref="fl-2"/>
      </object_component>
      <object_component id="oc-113">
         <name>.debug_line</name>
         <load_address>0x30f</load_address>
         <run_address>0x30f</run_address>
         <size>0x62</size>
         <input_file_ref idref="fl-2"/>
      </object_component>
      <object_component id="oc-15d">
         <name>.debug_line</name>
         <load_address>0x371</load_address>
         <run_address>0x371</run_address>
         <size>0x54</size>
         <input_file_ref idref="fl-3"/>
      </object_component>
      <object_component id="oc-15b">
         <name>.debug_line</name>
         <load_address>0x3c5</load_address>
         <run_address>0x3c5</run_address>
         <size>0x2d</size>
         <input_file_ref idref="fl-3"/>
      </object_component>
      <object_component id="oc-d0">
         <name>.debug_line</name>
         <load_address>0x3f2</load_address>
         <run_address>0x3f2</run_address>
         <size>0x4f</size>
         <input_file_ref idref="fl-3"/>
      </object_component>
      <object_component id="oc-ae">
         <name>.debug_line</name>
         <load_address>0x441</load_address>
         <run_address>0x441</run_address>
         <size>0x20</size>
         <input_file_ref idref="fl-3"/>
      </object_component>
      <object_component id="oc-a5">
         <name>.debug_line</name>
         <load_address>0x461</load_address>
         <run_address>0x461</run_address>
         <size>0x7f</size>
         <input_file_ref idref="fl-4"/>
      </object_component>
      <object_component id="oc-38">
         <name>.debug_line</name>
         <load_address>0x4e0</load_address>
         <run_address>0x4e0</run_address>
         <size>0x3b</size>
         <input_file_ref idref="fl-4"/>
      </object_component>
      <object_component id="oc-2f">
         <name>.debug_line</name>
         <load_address>0x51b</load_address>
         <run_address>0x51b</run_address>
         <size>0x9c</size>
         <input_file_ref idref="fl-4"/>
      </object_component>
      <object_component id="oc-ff">
         <name>.debug_line</name>
         <load_address>0x5b7</load_address>
         <run_address>0x5b7</run_address>
         <size>0xe4</size>
         <input_file_ref idref="fl-8"/>
      </object_component>
      <object_component id="oc-141">
         <name>.debug_line</name>
         <load_address>0x69b</load_address>
         <run_address>0x69b</run_address>
         <size>0xcd</size>
         <input_file_ref idref="fl-a"/>
      </object_component>
      <object_component id="oc-86">
         <name>.debug_line</name>
         <load_address>0x768</load_address>
         <run_address>0x768</run_address>
         <size>0x7ba</size>
         <input_file_ref idref="fl-a"/>
      </object_component>
      <object_component id="oc-147">
         <name>.debug_line</name>
         <load_address>0xf22</load_address>
         <run_address>0xf22</run_address>
         <size>0x68</size>
         <input_file_ref idref="fl-e"/>
      </object_component>
      <object_component id="oc-145">
         <name>.debug_line</name>
         <load_address>0xf8a</load_address>
         <run_address>0xf8a</run_address>
         <size>0x42</size>
         <input_file_ref idref="fl-e"/>
      </object_component>
      <object_component id="oc-143">
         <name>.debug_line</name>
         <load_address>0xfcc</load_address>
         <run_address>0xfcc</run_address>
         <size>0x42</size>
         <input_file_ref idref="fl-e"/>
      </object_component>
      <object_component id="oc-8d">
         <name>.debug_line</name>
         <load_address>0x100e</load_address>
         <run_address>0x100e</run_address>
         <size>0x2d2</size>
         <input_file_ref idref="fl-e"/>
      </object_component>
      <object_component id="oc-152">
         <name>.debug_line</name>
         <load_address>0x12e0</load_address>
         <run_address>0x12e0</run_address>
         <size>0x62</size>
         <input_file_ref idref="fl-10"/>
      </object_component>
      <object_component id="oc-14e">
         <name>.debug_line</name>
         <load_address>0x1342</load_address>
         <run_address>0x1342</run_address>
         <size>0x47</size>
         <input_file_ref idref="fl-10"/>
      </object_component>
      <object_component id="oc-150">
         <name>.debug_line</name>
         <load_address>0x1389</load_address>
         <run_address>0x1389</run_address>
         <size>0x47</size>
         <input_file_ref idref="fl-10"/>
      </object_component>
      <object_component id="oc-14c">
         <name>.debug_line</name>
         <load_address>0x13d0</load_address>
         <run_address>0x13d0</run_address>
         <size>0x47</size>
         <input_file_ref idref="fl-10"/>
      </object_component>
      <object_component id="oc-95">
         <name>.debug_line</name>
         <load_address>0x1417</load_address>
         <run_address>0x1417</run_address>
         <size>0x349</size>
         <input_file_ref idref="fl-10"/>
      </object_component>
      <object_component id="oc-149">
         <name>.debug_line</name>
         <load_address>0x1760</load_address>
         <run_address>0x1760</run_address>
         <size>0x68</size>
         <input_file_ref idref="fl-18"/>
      </object_component>
      <object_component id="oc-93">
         <name>.debug_line</name>
         <load_address>0x17c8</load_address>
         <run_address>0x17c8</run_address>
         <size>0x6aa</size>
         <input_file_ref idref="fl-18"/>
      </object_component>
      <object_component id="oc-e4">
         <name>.debug_line</name>
         <load_address>0x1e72</load_address>
         <run_address>0x1e72</run_address>
         <size>0x244</size>
         <input_file_ref idref="fl-19"/>
      </object_component>
      <object_component id="oc-13f">
         <name>.debug_line</name>
         <load_address>0x20b6</load_address>
         <run_address>0x20b6</run_address>
         <size>0xad</size>
         <input_file_ref idref="fl-1e"/>
      </object_component>
      <object_component id="oc-80">
         <name>.debug_line</name>
         <load_address>0x2163</load_address>
         <run_address>0x2163</run_address>
         <size>0x13b</size>
         <input_file_ref idref="fl-1e"/>
      </object_component>
      <object_component id="oc-29">
         <name>.debug_line</name>
         <load_address>0x229e</load_address>
         <run_address>0x229e</run_address>
         <size>0x52</size>
         <input_file_ref idref="fl-14a"/>
      </object_component>
      <object_component id="oc-b7">
         <name>.debug_line</name>
         <load_address>0x22f0</load_address>
         <run_address>0x22f0</run_address>
         <size>0x80</size>
         <input_file_ref idref="fl-14b"/>
      </object_component>
      <object_component id="oc-17">
         <name>.debug_line</name>
         <load_address>0x2370</load_address>
         <run_address>0x2370</run_address>
         <size>0x55</size>
         <input_file_ref idref="fl-14b"/>
      </object_component>
      <object_component id="oc-43">
         <name>.debug_line</name>
         <load_address>0x23c5</load_address>
         <run_address>0x23c5</run_address>
         <size>0x3a</size>
         <input_file_ref idref="fl-14b"/>
      </object_component>
      <object_component id="oc-b4">
         <name>.debug_line</name>
         <load_address>0x23ff</load_address>
         <run_address>0x23ff</run_address>
         <size>0x80</size>
         <input_file_ref idref="fl-14b"/>
      </object_component>
      <object_component id="oc-ba">
         <name>.debug_line</name>
         <load_address>0x247f</load_address>
         <run_address>0x247f</run_address>
         <size>0x80</size>
         <input_file_ref idref="fl-14c"/>
      </object_component>
      <object_component id="oc-48">
         <name>.debug_line</name>
         <load_address>0x24ff</load_address>
         <run_address>0x24ff</run_address>
         <size>0x98</size>
         <input_file_ref idref="fl-14c"/>
      </object_component>
      <object_component id="oc-1e">
         <name>.debug_line</name>
         <load_address>0x2597</load_address>
         <run_address>0x2597</run_address>
         <size>0x4b</size>
         <input_file_ref idref="fl-14c"/>
      </object_component>
      <object_component id="oc-51">
         <name>.debug_line</name>
         <load_address>0x25e2</load_address>
         <run_address>0x25e2</run_address>
         <size>0x39</size>
         <input_file_ref idref="fl-14c"/>
      </object_component>
      <object_component id="oc-be">
         <name>.debug_line</name>
         <load_address>0x261b</load_address>
         <run_address>0x261b</run_address>
         <size>0x80</size>
         <input_file_ref idref="fl-14c"/>
      </object_component>
      <object_component id="oc-c2">
         <name>.debug_line</name>
         <load_address>0x269b</load_address>
         <run_address>0x269b</run_address>
         <size>0x80</size>
         <input_file_ref idref="fl-14d"/>
      </object_component>
      <object_component id="oc-24">
         <name>.debug_line</name>
         <load_address>0x271b</load_address>
         <run_address>0x271b</run_address>
         <size>0x4f</size>
         <input_file_ref idref="fl-14d"/>
      </object_component>
      <object_component id="oc-5c">
         <name>.debug_line</name>
         <load_address>0x276a</load_address>
         <run_address>0x276a</run_address>
         <size>0x34</size>
         <input_file_ref idref="fl-14d"/>
      </object_component>
      <object_component id="oc-13c">
         <name>.debug_line</name>
         <load_address>0x279e</load_address>
         <run_address>0x279e</run_address>
         <size>0x7f</size>
         <input_file_ref idref="fl-14e"/>
      </object_component>
      <object_component id="oc-13a">
         <name>.debug_line</name>
         <load_address>0x281d</load_address>
         <run_address>0x281d</run_address>
         <size>0x2a</size>
         <input_file_ref idref="fl-14e"/>
      </object_component>
      <object_component id="oc-75">
         <name>.debug_line</name>
         <load_address>0x2847</load_address>
         <run_address>0x2847</run_address>
         <size>0x7a</size>
         <input_file_ref idref="fl-14e"/>
      </object_component>
      <object_component id="oc-3b">
         <name>.debug_line</name>
         <load_address>0x28c1</load_address>
         <run_address>0x28c1</run_address>
         <size>0x88</size>
         <input_file_ref idref="fl-14f"/>
      </object_component>
      <object_component id="oc-57">
         <name>.debug_line</name>
         <load_address>0x2949</load_address>
         <run_address>0x2949</run_address>
         <size>0x79</size>
         <input_file_ref idref="fl-150"/>
      </object_component>
      <object_component id="oc-64">
         <name>.debug_line</name>
         <load_address>0x29c2</load_address>
         <run_address>0x29c2</run_address>
         <size>0x40</size>
         <input_file_ref idref="fl-151"/>
      </object_component>
      <object_component id="oc-de">
         <name>.debug_line</name>
         <load_address>0x2a02</load_address>
         <run_address>0x2a02</run_address>
         <size>0x33</size>
         <input_file_ref idref="fl-152"/>
      </object_component>
      <object_component id="oc-160">
         <name>.debug_line</name>
         <load_address>0x2a35</load_address>
         <run_address>0x2a35</run_address>
         <size>0x20</size>
         <input_file_ref idref="fl-153"/>
      </object_component>
      <object_component id="oc-136">
         <name>.debug_line</name>
         <load_address>0x2a55</load_address>
         <run_address>0x2a55</run_address>
         <size>0x2b</size>
         <input_file_ref idref="fl-153"/>
      </object_component>
      <object_component id="oc-134">
         <name>.debug_line</name>
         <load_address>0x2a80</load_address>
         <run_address>0x2a80</run_address>
         <size>0x68</size>
         <input_file_ref idref="fl-153"/>
      </object_component>
      <object_component id="oc-129">
         <name>.debug_line</name>
         <load_address>0x2ae8</load_address>
         <run_address>0x2ae8</run_address>
         <size>0x2b</size>
         <input_file_ref idref="fl-154"/>
      </object_component>
      <object_component id="oc-6c">
         <name>.debug_line</name>
         <load_address>0x2b13</load_address>
         <run_address>0x2b13</run_address>
         <size>0x50</size>
         <input_file_ref idref="fl-154"/>
      </object_component>
      <object_component id="oc-12d">
         <name>.debug_line</name>
         <load_address>0x2b63</load_address>
         <run_address>0x2b63</run_address>
         <size>0x2b</size>
         <input_file_ref idref="fl-154"/>
      </object_component>
      <object_component id="oc-118">
         <name>.debug_line</name>
         <load_address>0x2b8e</load_address>
         <run_address>0x2b8e</run_address>
         <size>0x8f</size>
         <input_file_ref idref="fl-155"/>
      </object_component>
      <object_component id="oc-6a">
         <name>.debug_line</name>
         <load_address>0x2c1d</load_address>
         <run_address>0x2c1d</run_address>
         <size>0x79</size>
         <input_file_ref idref="fl-155"/>
      </object_component>
      <object_component id="oc-11c">
         <name>.debug_line</name>
         <load_address>0x2c96</load_address>
         <run_address>0x2c96</run_address>
         <size>0x2e</size>
         <input_file_ref idref="fl-155"/>
      </object_component>
      <object_component id="oc-121">
         <name>.debug_line</name>
         <load_address>0x2cc4</load_address>
         <run_address>0x2cc4</run_address>
         <size>0x81</size>
         <input_file_ref idref="fl-155"/>
      </object_component>
      <object_component id="oc-154">
         <name>.debug_line</name>
         <load_address>0x2d45</load_address>
         <run_address>0x2d45</run_address>
         <size>0x8e</size>
         <input_file_ref idref="fl-156"/>
      </object_component>
      <object_component id="oc-c5">
         <name>.debug_line</name>
         <load_address>0x2dd3</load_address>
         <run_address>0x2dd3</run_address>
         <size>0x68</size>
         <input_file_ref idref="fl-156"/>
      </object_component>
      <object_component id="oc-158">
         <name>.debug_line</name>
         <load_address>0x2e3b</load_address>
         <run_address>0x2e3b</run_address>
         <size>0x2e</size>
         <input_file_ref idref="fl-156"/>
      </object_component>
      <object_component id="oc-36">
         <name>.debug_frame</name>
         <load_address>0x0</load_address>
         <run_address>0x0</run_address>
         <size>0xd7</size>
         <input_file_ref idref="fl-2"/>
      </object_component>
      <object_component id="oc-d1">
         <name>.debug_frame</name>
         <load_address>0xd7</load_address>
         <run_address>0xd7</run_address>
         <size>0x86</size>
         <input_file_ref idref="fl-3"/>
      </object_component>
      <object_component id="oc-30">
         <name>.debug_frame</name>
         <load_address>0x15d</load_address>
         <run_address>0x15d</run_address>
         <size>0xb9</size>
         <input_file_ref idref="fl-4"/>
      </object_component>
      <object_component id="oc-100">
         <name>.debug_frame</name>
         <load_address>0x216</load_address>
         <run_address>0x216</run_address>
         <size>0xda</size>
         <input_file_ref idref="fl-8"/>
      </object_component>
      <object_component id="oc-87">
         <name>.debug_frame</name>
         <load_address>0x2f0</load_address>
         <run_address>0x2f0</run_address>
         <size>0x3d5</size>
         <input_file_ref idref="fl-a"/>
      </object_component>
      <object_component id="oc-8c">
         <name>.debug_frame</name>
         <load_address>0x6c5</load_address>
         <run_address>0x6c5</run_address>
         <size>0x249</size>
         <input_file_ref idref="fl-e"/>
      </object_component>
      <object_component id="oc-99">
         <name>.debug_frame</name>
         <load_address>0x90e</load_address>
         <run_address>0x90e</run_address>
         <size>0x226</size>
         <input_file_ref idref="fl-10"/>
      </object_component>
      <object_component id="oc-92">
         <name>.debug_frame</name>
         <load_address>0xb34</load_address>
         <run_address>0xb34</run_address>
         <size>0x550</size>
         <input_file_ref idref="fl-18"/>
      </object_component>
      <object_component id="oc-e0">
         <name>.debug_frame</name>
         <load_address>0x1084</load_address>
         <run_address>0x1084</run_address>
         <size>0x1d1</size>
         <input_file_ref idref="fl-19"/>
      </object_component>
      <object_component id="oc-7f">
         <name>.debug_frame</name>
         <load_address>0x1255</load_address>
         <run_address>0x1255</run_address>
         <size>0x141</size>
         <input_file_ref idref="fl-1e"/>
      </object_component>
      <object_component id="oc-18">
         <name>.debug_frame</name>
         <load_address>0x1396</load_address>
         <run_address>0x1396</run_address>
         <size>0x7f</size>
         <input_file_ref idref="fl-14b"/>
      </object_component>
      <object_component id="oc-49">
         <name>.debug_frame</name>
         <load_address>0x1415</load_address>
         <run_address>0x1415</run_address>
         <size>0x8e</size>
         <input_file_ref idref="fl-14c"/>
      </object_component>
      <object_component id="oc-1d">
         <name>.debug_frame</name>
         <load_address>0x14a3</load_address>
         <run_address>0x14a3</run_address>
         <size>0x7f</size>
         <input_file_ref idref="fl-14c"/>
      </object_component>
      <object_component id="oc-20">
         <name>.debug_frame</name>
         <load_address>0x1522</load_address>
         <run_address>0x1522</run_address>
         <size>0x7f</size>
         <input_file_ref idref="fl-14d"/>
      </object_component>
      <object_component id="oc-76">
         <name>.debug_frame</name>
         <load_address>0x15a1</load_address>
         <run_address>0x15a1</run_address>
         <size>0xb3</size>
         <input_file_ref idref="fl-14e"/>
      </object_component>
      <object_component id="oc-63">
         <name>.debug_frame</name>
         <load_address>0x1654</load_address>
         <run_address>0x1654</run_address>
         <size>0x7f</size>
         <input_file_ref idref="fl-151"/>
      </object_component>
      <object_component id="oc-130">
         <name>.debug_frame</name>
         <load_address>0x16d3</load_address>
         <run_address>0x16d3</run_address>
         <size>0xa1</size>
         <input_file_ref idref="fl-153"/>
      </object_component>
      <object_component id="oc-70">
         <name>.debug_frame</name>
         <load_address>0x1774</load_address>
         <run_address>0x1774</run_address>
         <size>0x7f</size>
         <input_file_ref idref="fl-154"/>
      </object_component>
      <object_component id="oc-69">
         <name>.debug_frame</name>
         <load_address>0x17f3</load_address>
         <run_address>0x17f3</run_address>
         <size>0x8a</size>
         <input_file_ref idref="fl-155"/>
      </object_component>
      <object_component id="oc-c9">
         <name>.debug_frame</name>
         <load_address>0x187d</load_address>
         <run_address>0x187d</run_address>
         <size>0x8e</size>
         <input_file_ref idref="fl-156"/>
      </object_component>
      <object_component id="oc-10e">
         <name>.debug_abbrev</name>
         <load_address>0x0</load_address>
         <run_address>0x0</run_address>
         <size>0xe9</size>
         <input_file_ref idref="fl-2"/>
      </object_component>
      <object_component id="oc-10c">
         <name>.debug_abbrev</name>
         <load_address>0xe9</load_address>
         <run_address>0xe9</run_address>
         <size>0x29</size>
         <input_file_ref idref="fl-2"/>
      </object_component>
      <object_component id="oc-9d">
         <name>.debug_abbrev</name>
         <load_address>0x112</load_address>
         <run_address>0x112</run_address>
         <size>0x7a</size>
         <input_file_ref idref="fl-2"/>
      </object_component>
      <object_component id="oc-a8">
         <name>.debug_abbrev</name>
         <load_address>0x18c</load_address>
         <run_address>0x18c</run_address>
         <size>0xb5</size>
         <input_file_ref idref="fl-2"/>
      </object_component>
      <object_component id="oc-ee">
         <name>.debug_abbrev</name>
         <load_address>0x241</load_address>
         <run_address>0x241</run_address>
         <size>0x1f</size>
         <input_file_ref idref="fl-2"/>
      </object_component>
      <object_component id="oc-a0">
         <name>.debug_abbrev</name>
         <load_address>0x260</load_address>
         <run_address>0x260</run_address>
         <size>0x35</size>
         <input_file_ref idref="fl-2"/>
      </object_component>
      <object_component id="oc-112">
         <name>.debug_abbrev</name>
         <load_address>0x295</load_address>
         <run_address>0x295</run_address>
         <size>0x4b</size>
         <input_file_ref idref="fl-2"/>
      </object_component>
      <object_component id="oc-15c">
         <name>.debug_abbrev</name>
         <load_address>0x2e0</load_address>
         <run_address>0x2e0</run_address>
         <size>0xa7</size>
         <input_file_ref idref="fl-3"/>
      </object_component>
      <object_component id="oc-15a">
         <name>.debug_abbrev</name>
         <load_address>0x387</load_address>
         <run_address>0x387</run_address>
         <size>0x27</size>
         <input_file_ref idref="fl-3"/>
      </object_component>
      <object_component id="oc-126">
         <name>.debug_abbrev</name>
         <load_address>0x3ae</load_address>
         <run_address>0x3ae</run_address>
         <size>0x71</size>
         <input_file_ref idref="fl-3"/>
      </object_component>
      <object_component id="oc-ad">
         <name>.debug_abbrev</name>
         <load_address>0x41f</load_address>
         <run_address>0x41f</run_address>
         <size>0x1f</size>
         <input_file_ref idref="fl-3"/>
      </object_component>
      <object_component id="oc-a4">
         <name>.debug_abbrev</name>
         <load_address>0x43e</load_address>
         <run_address>0x43e</run_address>
         <size>0xb4</size>
         <input_file_ref idref="fl-4"/>
      </object_component>
      <object_component id="oc-37">
         <name>.debug_abbrev</name>
         <load_address>0x4f2</load_address>
         <run_address>0x4f2</run_address>
         <size>0x29</size>
         <input_file_ref idref="fl-4"/>
      </object_component>
      <object_component id="oc-81">
         <name>.debug_abbrev</name>
         <load_address>0x51b</load_address>
         <run_address>0x51b</run_address>
         <size>0x87</size>
         <input_file_ref idref="fl-4"/>
      </object_component>
      <object_component id="oc-14a">
         <name>.debug_abbrev</name>
         <load_address>0x5a2</load_address>
         <run_address>0x5a2</run_address>
         <size>0xf9</size>
         <input_file_ref idref="fl-8"/>
      </object_component>
      <object_component id="oc-140">
         <name>.debug_abbrev</name>
         <load_address>0x69b</load_address>
         <run_address>0x69b</run_address>
         <size>0xda</size>
         <input_file_ref idref="fl-a"/>
      </object_component>
      <object_component id="oc-eb">
         <name>.debug_abbrev</name>
         <load_address>0x775</load_address>
         <run_address>0x775</run_address>
         <size>0x130</size>
         <input_file_ref idref="fl-a"/>
      </object_component>
      <object_component id="oc-146">
         <name>.debug_abbrev</name>
         <load_address>0x8a5</load_address>
         <run_address>0x8a5</run_address>
         <size>0xb0</size>
         <input_file_ref idref="fl-e"/>
      </object_component>
      <object_component id="oc-144">
         <name>.debug_abbrev</name>
         <load_address>0x955</load_address>
         <run_address>0x955</run_address>
         <size>0x27</size>
         <input_file_ref idref="fl-e"/>
      </object_component>
      <object_component id="oc-142">
         <name>.debug_abbrev</name>
         <load_address>0x97c</load_address>
         <run_address>0x97c</run_address>
         <size>0x27</size>
         <input_file_ref idref="fl-e"/>
      </object_component>
      <object_component id="oc-f7">
         <name>.debug_abbrev</name>
         <load_address>0x9a3</load_address>
         <run_address>0x9a3</run_address>
         <size>0x132</size>
         <input_file_ref idref="fl-e"/>
      </object_component>
      <object_component id="oc-151">
         <name>.debug_abbrev</name>
         <load_address>0xad5</load_address>
         <run_address>0xad5</run_address>
         <size>0xa9</size>
         <input_file_ref idref="fl-10"/>
      </object_component>
      <object_component id="oc-14d">
         <name>.debug_abbrev</name>
         <load_address>0xb7e</load_address>
         <run_address>0xb7e</run_address>
         <size>0x27</size>
         <input_file_ref idref="fl-10"/>
      </object_component>
      <object_component id="oc-14f">
         <name>.debug_abbrev</name>
         <load_address>0xba5</load_address>
         <run_address>0xba5</run_address>
         <size>0x27</size>
         <input_file_ref idref="fl-10"/>
      </object_component>
      <object_component id="oc-14b">
         <name>.debug_abbrev</name>
         <load_address>0xbcc</load_address>
         <run_address>0xbcc</run_address>
         <size>0x29</size>
         <input_file_ref idref="fl-10"/>
      </object_component>
      <object_component id="oc-10a">
         <name>.debug_abbrev</name>
         <load_address>0xbf5</load_address>
         <run_address>0xbf5</run_address>
         <size>0x15d</size>
         <input_file_ref idref="fl-10"/>
      </object_component>
      <object_component id="oc-148">
         <name>.debug_abbrev</name>
         <load_address>0xd52</load_address>
         <run_address>0xd52</run_address>
         <size>0xb0</size>
         <input_file_ref idref="fl-18"/>
      </object_component>
      <object_component id="oc-f9">
         <name>.debug_abbrev</name>
         <load_address>0xe02</load_address>
         <run_address>0xe02</run_address>
         <size>0x161</size>
         <input_file_ref idref="fl-18"/>
      </object_component>
      <object_component id="oc-13d">
         <name>.debug_abbrev</name>
         <load_address>0xf63</load_address>
         <run_address>0xf63</run_address>
         <size>0x9b</size>
         <input_file_ref idref="fl-19"/>
      </object_component>
      <object_component id="oc-13e">
         <name>.debug_abbrev</name>
         <load_address>0xffe</load_address>
         <run_address>0xffe</run_address>
         <size>0xb0</size>
         <input_file_ref idref="fl-1e"/>
      </object_component>
      <object_component id="oc-e5">
         <name>.debug_abbrev</name>
         <load_address>0x10ae</load_address>
         <run_address>0x10ae</run_address>
         <size>0x7a</size>
         <input_file_ref idref="fl-1e"/>
      </object_component>
      <object_component id="oc-7a">
         <name>.debug_abbrev</name>
         <load_address>0x1128</load_address>
         <run_address>0x1128</run_address>
         <size>0x3e</size>
         <input_file_ref idref="fl-14a"/>
      </object_component>
      <object_component id="oc-b6">
         <name>.debug_abbrev</name>
         <load_address>0x1166</load_address>
         <run_address>0x1166</run_address>
         <size>0x52</size>
         <input_file_ref idref="fl-14b"/>
      </object_component>
      <object_component id="oc-3f">
         <name>.debug_abbrev</name>
         <load_address>0x11b8</load_address>
         <run_address>0x11b8</run_address>
         <size>0x74</size>
         <input_file_ref idref="fl-14b"/>
      </object_component>
      <object_component id="oc-42">
         <name>.debug_abbrev</name>
         <load_address>0x122c</load_address>
         <run_address>0x122c</run_address>
         <size>0x24</size>
         <input_file_ref idref="fl-14b"/>
      </object_component>
      <object_component id="oc-b3">
         <name>.debug_abbrev</name>
         <load_address>0x1250</load_address>
         <run_address>0x1250</run_address>
         <size>0x24</size>
         <input_file_ref idref="fl-14b"/>
      </object_component>
      <object_component id="oc-b9">
         <name>.debug_abbrev</name>
         <load_address>0x1274</load_address>
         <run_address>0x1274</run_address>
         <size>0x52</size>
         <input_file_ref idref="fl-14c"/>
      </object_component>
      <object_component id="oc-b8">
         <name>.debug_abbrev</name>
         <load_address>0x12c6</load_address>
         <run_address>0x12c6</run_address>
         <size>0x7b</size>
         <input_file_ref idref="fl-14c"/>
      </object_component>
      <object_component id="oc-4c">
         <name>.debug_abbrev</name>
         <load_address>0x1341</load_address>
         <run_address>0x1341</run_address>
         <size>0x66</size>
         <input_file_ref idref="fl-14c"/>
      </object_component>
      <object_component id="oc-50">
         <name>.debug_abbrev</name>
         <load_address>0x13a7</load_address>
         <run_address>0x13a7</run_address>
         <size>0x24</size>
         <input_file_ref idref="fl-14c"/>
      </object_component>
      <object_component id="oc-bd">
         <name>.debug_abbrev</name>
         <load_address>0x13cb</load_address>
         <run_address>0x13cb</run_address>
         <size>0x24</size>
         <input_file_ref idref="fl-14c"/>
      </object_component>
      <object_component id="oc-c1">
         <name>.debug_abbrev</name>
         <load_address>0x13ef</load_address>
         <run_address>0x13ef</run_address>
         <size>0x52</size>
         <input_file_ref idref="fl-14d"/>
      </object_component>
      <object_component id="oc-58">
         <name>.debug_abbrev</name>
         <load_address>0x1441</load_address>
         <run_address>0x1441</run_address>
         <size>0x74</size>
         <input_file_ref idref="fl-14d"/>
      </object_component>
      <object_component id="oc-5b">
         <name>.debug_abbrev</name>
         <load_address>0x14b5</load_address>
         <run_address>0x14b5</run_address>
         <size>0x24</size>
         <input_file_ref idref="fl-14d"/>
      </object_component>
      <object_component id="oc-13b">
         <name>.debug_abbrev</name>
         <load_address>0x14d9</load_address>
         <run_address>0x14d9</run_address>
         <size>0x6b</size>
         <input_file_ref idref="fl-14e"/>
      </object_component>
      <object_component id="oc-139">
         <name>.debug_abbrev</name>
         <load_address>0x1544</load_address>
         <run_address>0x1544</run_address>
         <size>0x29</size>
         <input_file_ref idref="fl-14e"/>
      </object_component>
      <object_component id="oc-da">
         <name>.debug_abbrev</name>
         <load_address>0x156d</load_address>
         <run_address>0x156d</run_address>
         <size>0xba</size>
         <input_file_ref idref="fl-14e"/>
      </object_component>
      <object_component id="oc-b0">
         <name>.debug_abbrev</name>
         <load_address>0x1627</load_address>
         <run_address>0x1627</run_address>
         <size>0x3e</size>
         <input_file_ref idref="fl-14f"/>
      </object_component>
      <object_component id="oc-c0">
         <name>.debug_abbrev</name>
         <load_address>0x1665</load_address>
         <run_address>0x1665</run_address>
         <size>0x4f</size>
         <input_file_ref idref="fl-150"/>
      </object_component>
      <object_component id="oc-c3">
         <name>.debug_abbrev</name>
         <load_address>0x16b4</load_address>
         <run_address>0x16b4</run_address>
         <size>0x55</size>
         <input_file_ref idref="fl-151"/>
      </object_component>
      <object_component id="oc-dd">
         <name>.debug_abbrev</name>
         <load_address>0x1709</load_address>
         <run_address>0x1709</run_address>
         <size>0x27</size>
         <input_file_ref idref="fl-152"/>
      </object_component>
      <object_component id="oc-15f">
         <name>.debug_abbrev</name>
         <load_address>0x1730</load_address>
         <run_address>0x1730</run_address>
         <size>0x45</size>
         <input_file_ref idref="fl-153"/>
      </object_component>
      <object_component id="oc-135">
         <name>.debug_abbrev</name>
         <load_address>0x1775</load_address>
         <run_address>0x1775</run_address>
         <size>0x29</size>
         <input_file_ref idref="fl-153"/>
      </object_component>
      <object_component id="oc-15e">
         <name>.debug_abbrev</name>
         <load_address>0x179e</load_address>
         <run_address>0x179e</run_address>
         <size>0x6f</size>
         <input_file_ref idref="fl-153"/>
      </object_component>
      <object_component id="oc-128">
         <name>.debug_abbrev</name>
         <load_address>0x180d</load_address>
         <run_address>0x180d</run_address>
         <size>0x8e</size>
         <input_file_ref idref="fl-154"/>
      </object_component>
      <object_component id="oc-d2">
         <name>.debug_abbrev</name>
         <load_address>0x189b</load_address>
         <run_address>0x189b</run_address>
         <size>0x68</size>
         <input_file_ref idref="fl-154"/>
      </object_component>
      <object_component id="oc-12c">
         <name>.debug_abbrev</name>
         <load_address>0x1903</load_address>
         <run_address>0x1903</run_address>
         <size>0x49</size>
         <input_file_ref idref="fl-154"/>
      </object_component>
      <object_component id="oc-117">
         <name>.debug_abbrev</name>
         <load_address>0x194c</load_address>
         <run_address>0x194c</run_address>
         <size>0x9a</size>
         <input_file_ref idref="fl-155"/>
      </object_component>
      <object_component id="oc-ca">
         <name>.debug_abbrev</name>
         <load_address>0x19e6</load_address>
         <run_address>0x19e6</run_address>
         <size>0x7e</size>
         <input_file_ref idref="fl-155"/>
      </object_component>
      <object_component id="oc-11b">
         <name>.debug_abbrev</name>
         <load_address>0x1a64</load_address>
         <run_address>0x1a64</run_address>
         <size>0x24</size>
         <input_file_ref idref="fl-155"/>
      </object_component>
      <object_component id="oc-120">
         <name>.debug_abbrev</name>
         <load_address>0x1a88</load_address>
         <run_address>0x1a88</run_address>
         <size>0x4b</size>
         <input_file_ref idref="fl-155"/>
      </object_component>
      <object_component id="oc-153">
         <name>.debug_abbrev</name>
         <load_address>0x1ad3</load_address>
         <run_address>0x1ad3</run_address>
         <size>0x9c</size>
         <input_file_ref idref="fl-156"/>
      </object_component>
      <object_component id="oc-115">
         <name>.debug_abbrev</name>
         <load_address>0x1b6f</load_address>
         <run_address>0x1b6f</run_address>
         <size>0x8c</size>
         <input_file_ref idref="fl-156"/>
      </object_component>
      <object_component id="oc-157">
         <name>.debug_abbrev</name>
         <load_address>0x1bfb</load_address>
         <run_address>0x1bfb</run_address>
         <size>0x24</size>
         <input_file_ref idref="fl-156"/>
      </object_component>
      <object_component id="oc-189">
         <name>.debug_abbrev</name>
         <load_address>0x1c1f</load_address>
         <run_address>0x1c1f</run_address>
         <size>0xf</size>
      </object_component>
      <object_component id="oc-aa">
         <name>.debug_str</name>
         <load_address>0x0</load_address>
         <run_address>0x0</run_address>
         <size>0x461</size>
         <input_file_ref idref="fl-2"/>
      </object_component>
      <object_component id="oc-f0">
         <name>.debug_str</name>
         <load_address>0x461</load_address>
         <run_address>0x461</run_address>
         <size>0xf5</size>
         <input_file_ref idref="fl-2"/>
      </object_component>
      <object_component id="oc-a2">
         <name>.debug_str</name>
         <load_address>0x556</load_address>
         <run_address>0x556</run_address>
         <size>0x205</size>
         <input_file_ref idref="fl-2"/>
      </object_component>
      <object_component id="oc-114">
         <name>.debug_str</name>
         <load_address>0x75b</load_address>
         <run_address>0x75b</run_address>
         <size>0x180</size>
         <input_file_ref idref="fl-2"/>
      </object_component>
      <object_component id="oc-af">
         <name>.debug_str</name>
         <load_address>0x8db</load_address>
         <run_address>0x8db</run_address>
         <size>0xf5</size>
         <input_file_ref idref="fl-3"/>
      </object_component>
      <object_component id="oc-44">
         <name>.debug_str</name>
         <load_address>0x9d0</load_address>
         <run_address>0x9d0</run_address>
         <size>0xe1</size>
         <input_file_ref idref="fl-14b"/>
      </object_component>
      <object_component id="oc-b5">
         <name>.debug_str</name>
         <load_address>0xab1</load_address>
         <run_address>0xab1</run_address>
         <size>0x104</size>
         <input_file_ref idref="fl-14b"/>
      </object_component>
      <object_component id="oc-52">
         <name>.debug_str</name>
         <load_address>0xbb5</load_address>
         <run_address>0xbb5</run_address>
         <size>0xd3</size>
         <input_file_ref idref="fl-14c"/>
      </object_component>
      <object_component id="oc-bf">
         <name>.debug_str</name>
         <load_address>0xc88</load_address>
         <run_address>0xc88</run_address>
         <size>0x104</size>
         <input_file_ref idref="fl-14c"/>
      </object_component>
      <object_component id="oc-5d">
         <name>.debug_str</name>
         <load_address>0xd8c</load_address>
         <run_address>0xd8c</run_address>
         <size>0xdb</size>
         <input_file_ref idref="fl-14d"/>
      </object_component>
      <object_component id="oc-12e">
         <name>.debug_str</name>
         <load_address>0xe67</load_address>
         <run_address>0xe67</run_address>
         <size>0xb7</size>
         <input_file_ref idref="fl-154"/>
      </object_component>
      <object_component id="oc-11d">
         <name>.debug_str</name>
         <load_address>0xf1e</load_address>
         <run_address>0xf1e</run_address>
         <size>0xc3</size>
         <input_file_ref idref="fl-155"/>
      </object_component>
      <object_component id="oc-122">
         <name>.debug_str</name>
         <load_address>0xfe1</load_address>
         <run_address>0xfe1</run_address>
         <size>0x15b</size>
         <input_file_ref idref="fl-155"/>
      </object_component>
      <object_component id="oc-159">
         <name>.debug_str</name>
         <load_address>0x113c</load_address>
         <run_address>0x113c</run_address>
         <size>0xb8</size>
         <input_file_ref idref="fl-156"/>
      </object_component>
      <object_component id="oc-33">
         <name>.debug_aranges</name>
         <load_address>0x0</load_address>
         <run_address>0x0</run_address>
         <size>0x38</size>
         <input_file_ref idref="fl-2"/>
      </object_component>
      <object_component id="oc-ce">
         <name>.debug_aranges</name>
         <load_address>0x38</load_address>
         <run_address>0x38</run_address>
         <size>0x20</size>
         <input_file_ref idref="fl-3"/>
      </object_component>
      <object_component id="oc-2d">
         <name>.debug_aranges</name>
         <load_address>0x58</load_address>
         <run_address>0x58</run_address>
         <size>0x38</size>
         <input_file_ref idref="fl-4"/>
      </object_component>
      <object_component id="oc-fd">
[...]
         <value>0x1adf</value>
         <object_component_ref idref="oc-94"/>
      </symbol>
      <symbol id="sm-2a7">
         <name>Interrupt_registerInterrupt</name>
         <value>0x19d7</value>
         <object_component_ref idref="oc-94"/>
      </symbol>
      <symbol id="sm-2a8">
         <name>g_pfnRAMVectors</name>
         <value>0x20000000</value>
         <object_component_ref idref="oc-101"/>
      </symbol>
      <symbol id="sm-2a9">
         <name>Interrupt_disableSleepOnIsrExit</name>
         <value>0x1d75</value>
         <object_component_ref idref="oc-94"/>
      </symbol>
      <symbol id="sm-2aa">
         <name>Interrupt_setPriorityGrouping</name>
         <value>0x1a3d</value>
         <object_component_ref idref="oc-94"/>
      </symbol>
      <symbol id="sm-2ab">
         <name>Interrupt_getPriorityGrouping</name>
         <value>0x1a57</value>
         <object_component_ref idref="oc-94"/>
      </symbol>
      <symbol id="sm-2ac">
         <name>Interrupt_getVectorTableAddress</name>
         <value>0x1d5d</value>
         <object_component_ref idref="oc-94"/>
      </symbol>
      <symbol id="sm-2ad">
         <name>Interrupt_isEnabled</name>
         <value>0x1be9</value>
         <object_component_ref idref="oc-94"/>
      </symbol>
      <symbol id="sm-2ae">
         <name>Interrupt_pendInterrupt</name>
         <value>0x1c75</value>
         <object_component_ref idref="oc-94"/>
      </symbol>
      <symbol id="sm-33a">
         <name>EUSCI_B_SPI_isBusy</name>
         <value>0x133f</value>
         <object_component_ref idref="oc-8e"/>
      </symbol>
      <symbol id="sm-33b">
         <name>EUSCI_B_SPI_select4PinFunctionality</name>
         <value>0x118d</value>
         <object_component_ref idref="oc-8e"/>
      </symbol>
      <symbol id="sm-33c">
         <name>EUSCI_A_SPI_select4PinFunctionality</name>
         <value>0x1357</value>
         <object_component_ref idref="oc-8e"/>
      </symbol>
      <symbol id="sm-33d">
         <name>SPI_initSlave</name>
         <value>0xdcb</value>
         <object_component_ref idref="oc-8e"/>
      </symbol>
      <symbol id="sm-33e">
         <name>EUSCI_B_SPI_receiveData</name>
         <value>0x1281</value>
         <object_component_ref idref="oc-8e"/>
      </symbol>
      <symbol id="sm-33f">
         <name>EUSCI_A_SPI_changeClockPhasePolarity</name>
         <value>0x13f7</value>
         <object_component_ref idref="oc-8e"/>
      </symbol>
      <symbol id="sm-340">
         <name>EUSCI_A_SPI_enableInterrupt</name>
         <value>0x145f</value>
         <object_component_ref idref="oc-8e"/>
      </symbol>
      <symbol id="sm-341">
         <name>SPI_changeClockPhasePolarity</name>
         <value>0xe49</value>
         <object_component_ref idref="oc-8e"/>
      </symbol>
      <symbol id="sm-342">
         <name>EUSCI_B_SPI_masterChangeClock</name>
         <value>0x11ad</value>
         <object_component_ref idref="oc-8e"/>
      </symbol>
      <symbol id="sm-343">
         <name>EUSCI_A_SPI_disable</name>
         <value>0x14db</value>
         <object_component_ref idref="oc-8e"/>
      </symbol>
      <symbol id="sm-344">
         <name>EUSCI_A_SPI_getInterruptStatus</name>
         <value>0x1493</value>
         <object_component_ref idref="oc-8e"/>
      </symbol>
      <symbol id="sm-345">
         <name>EUSCI_B_SPI_getInterruptStatus</name>
         <value>0x12c5</value>
         <object_component_ref idref="oc-8e"/>
      </symbol>
      <symbol id="sm-346">
         <name>EUSCI_A_SPI_getTransmitBufferAddressForDMA</name>
         <value>0x14ff</value>
         <object_component_ref idref="oc-8e"/>
      </symbol>
      <symbol id="sm-347">
         <name>EUSCI_B_SPI_enable</name>
         <value>0x12f7</value>
         <object_component_ref idref="oc-8e"/>
      </symbol>
      <symbol id="sm-348">
         <name>SPI_enableModule</name>
         <value>0xebb</value>
         <object_component_ref idref="oc-8e"/>
      </symbol>
      <symbol id="sm-349">
         <name>EUSCI_A_SPI_receiveData</name>
         <value>0x144f</value>
         <object_component_ref idref="oc-8e"/>
      </symbol>
      <symbol id="sm-34a">
         <name>EUSCI_A_SPI_transmitData</name>
         <value>0x1439</value>
         <object_component_ref idref="oc-8e"/>
      </symbol>
      <symbol id="sm-34b">
         <name>SPI_disableModule</name>
         <value>0xed7</value>
         <object_component_ref idref="oc-8e"/>
      </symbol>
      <symbol id="sm-34c">
         <name>EUSCI_B_SPI_getReceiveBufferAddressForDMA</name>
         <value>0x1323</value>
         <object_component_ref idref="oc-8e"/>
      </symbol>
      <symbol id="sm-34d">
         <name>SPI_changeMasterClock</name>
         <value>0xda3</value>
         <object_component_ref idref="oc-8e"/>
      </symbol>
      <symbol id="sm-34e">
         <name>EUSCI_B_SPI_disableInterrupt</name>
         <value>0x12ab</value>
         <object_component_ref idref="oc-8e"/>
      </symbol>
      <symbol id="sm-34f">
         <name>EUSCI_B_SPI_disable</name>
         <value>0x130d</value>
         <object_component_ref idref="oc-8e"/>
      </symbol>
      <symbol id="sm-350">
         <name>SPI_selectFourPinFunctionality</name>
         <value>0xd7d</value>
         <object_component_ref idref="oc-8e"/>
      </symbol>
      <symbol id="sm-351">
         <name>SPI_clearInterruptFlag</name>
         <value>0xffd</value>
         <object_component_ref idref="oc-8e"/>
      </symbol>
      <symbol id="sm-352">
         <name>SPI_registerInterrupt</name>
         <value>0x1023</value>
         <object_component_ref idref="oc-8e"/>
      </symbol>
      <symbol id="sm-353">
         <name>EUSCI_B_SPI_changeClockPhasePolarity</name>
         <value>0x1229</value>
         <object_component_ref idref="oc-8e"/>
      </symbol>
      <symbol id="sm-354">
         <name>EUSCI_B_SPI_transmitData</name>
         <value>0x126b</value>
         <object_component_ref idref="oc-8e"/>
      </symbol>
      <symbol id="sm-355">
         <name>SPI_isBusy</name>
         <value>0xf31</value>
         <object_component_ref idref="oc-8e"/>
      </symbol>
      <symbol id="sm-356">
         <name>EUSCI_B_SPI_clearInterruptFlag</name>
         <value>0x12dd</value>
         <object_component_ref idref="oc-8e"/>
      </symbol>
      <symbol id="sm-357">
         <name>EUSCI_A_SPI_clearInterruptFlag</name>
         <value>0x14ab</value>
         <object_component_ref idref="oc-8e"/>
      </symbol>
      <symbol id="sm-358">
         <name>SPI_transmitData</name>
         <value>0xe79</value>
         <object_component_ref idref="oc-8e"/>
      </symbol>
      <symbol id="sm-359">
         <name>SPI_getReceiveBufferAddressForDMA</name>
         <value>0xef3</value>
         <object_component_ref idref="oc-8e"/>
      </symbol>
      <symbol id="sm-35a">
         <name>SPI_getTransmitBufferAddressForDMA</name>
         <value>0xf0f</value>
         <object_component_ref idref="oc-8e"/>
      </symbol>
      <symbol id="sm-35b">
         <name>EUSCI_A_SPI_enable</name>
         <value>0x14c5</value>
         <object_component_ref idref="oc-8e"/>
      </symbol>
      <symbol id="sm-35c">
         <name>EUSCI_B_SPI_enableInterrupt</name>
         <value>0x1291</value>
         <object_component_ref idref="oc-8e"/>
      </symbol>
      <symbol id="sm-35d">
         <name>SPI_receiveData</name>
         <value>0xe9f</value>
         <object_component_ref idref="oc-8e"/>
      </symbol>
      <symbol id="sm-35e">
         <name>EUSCI_A_SPI_getReceiveBufferAddressForDMA</name>
         <value>0x14f1</value>
         <object_component_ref idref="oc-8e"/>
      </symbol>
      <symbol id="sm-35f">
         <name>SPI_getInterruptStatus</name>
         <value>0xfa5</value>
         <object_component_ref idref="oc-8e"/>
      </symbol>
      <symbol id="sm-360">
         <name>EUSCI_A_SPI_slaveInit</name>
         <value>0x13ad</value>
         <object_component_ref idref="oc-8e"/>
      </symbol>
      <symbol id="sm-361">
         <name>EUSCI_B_SPI_slaveInit</name>
         <value>0x11df</value>
         <object_component_ref idref="oc-8e"/>
      </symbol>
      <symbol id="sm-362">
         <name>SPI_initMaster</name>
         <value>0xccd</value>
         <object_component_ref idref="oc-8e"/>
      </symbol>
      <symbol id="sm-363">
         <name>SPI_getEnabledInterruptStatus</name>
         <value>0xfcd</value>
         <object_component_ref idref="oc-8e"/>
      </symbol>
      <symbol id="sm-364">
         <name>EUSCI_B_SPI_getTransmitBufferAddressForDMA</name>
         <value>0x1331</value>
         <object_component_ref idref="oc-8e"/>
      </symbol>
      <symbol id="sm-365">
         <name>EUSCI_A_SPI_disableInterrupt</name>
         <value>0x1479</value>
         <object_component_ref idref="oc-8e"/>
      </symbol>
      <symbol id="sm-366">
         <name>SPI_unregisterInterrupt</name>
         <value>0x10e1</value>
         <object_component_ref idref="oc-8e"/>
      </symbol>
      <symbol id="sm-367">
         <name>EUSCI_A_SPI_masterChangeClock</name>
         <value>0x1377</value>
         <object_component_ref idref="oc-8e"/>
      </symbol>
      <symbol id="sm-368">
         <name>EUSCI_A_SPI_isBusy</name>
         <value>0x150d</value>
         <object_component_ref idref="oc-8e"/>
      </symbol>
      <symbol id="sm-369">
         <name>SPI_enableInterrupt</name>
         <value>0xf59</value>
         <object_component_ref idref="oc-8e"/>
      </symbol>
      <symbol id="sm-36a">
         <name>SPI_disableInterrupt</name>
         <value>0xf7f</value>
         <object_component_ref idref="oc-8e"/>
      </symbol>
      <symbol id="sm-3a1">
         <name>SysCtl_disableSRAMBankRetention</name>
         <value>0x1e85</value>
         <object_component_ref idref="oc-df"/>
      </symbol>
      <symbol id="sm-3a2">
         <name>SysCtl_getTempCalibrationConstant</name>
         <value>0x1f35</value>
         <object_component_ref idref="oc-df"/>
      </symbol>
      <symbol id="sm-3a3">
         <name>SysCtl_enablePeripheralAtCPUHalt</name>
         <value>0x1ead</value>
         <object_component_ref idref="oc-df"/>
      </symbol>
      <symbol id="sm-3a4">
         <name>SysCtl_getSRAMSize</name>
         <value>0x1da5</value>
         <object_component_ref idref="oc-df"/>
      </symbol>
      <symbol id="sm-3a5">
         <name>SysCtl_enableSRAMBank</name>
         <value>0x1ddf</value>
         <object_component_ref idref="oc-df"/>
      </symbol>
      <symbol id="sm-3a6">
         <name>SysCtl_disablePeripheralAtCPUHalt</name>
         <value>0x1ec1</value>
         <object_component_ref idref="oc-df"/>
      </symbol>
      <symbol id="sm-3a7">
         <name>SysCtl_setWDTTimeoutResetType</name>
         <value>0x1ed5</value>
         <object_component_ref idref="oc-df"/>
      </symbol>
      <symbol id="sm-3a8">
         <name>SysCtl_getNMISourceStatus</name>
         <value>0x1dd9</value>
         <object_component_ref idref="oc-df"/>
      </symbol>
      <symbol id="sm-3a9">
         <name>SysCtl_enableNMISource</name>
         <value>0x1dc5</value>
         <object_component_ref idref="oc-df"/>
      </symbol>
      <symbol id="sm-3aa">
         <name>SysCtl_disableSRAMBank</name>
         <value>0x1dfd</value>
         <object_component_ref idref="oc-df"/>
      </symbol>
      <symbol id="sm-3ab">
         <name>SysCtl_disableGlitchFilter</name>
         <value>0x1f29</value>
         <object_component_ref idref="oc-df"/>
      </symbol>
      <symbol id="sm-3ac">
         <name>SysCtl_disableNMISource</name>
         <value>0x1db1</value>
         <object_component_ref idref="oc-df"/>
      </symbol>
      <symbol id="sm-3ad">
         <name>SysCtl_setWDTPasswordViolationResetType</name>
         <value>0x1ef9</value>
         <object_component_ref idref="oc-df"/>
      </symbol>
      <symbol id="sm-3ae">
         <name>SysCtl_rebootDevice</name>
         <value>0x1ea3</value>
         <object_component_ref idref="oc-df"/>
      </symbol>
      <symbol id="sm-3af">
         <name>SysCtl_getFlashSize</name>
         <value>0x1dab</value>
         <object_component_ref idref="oc-df"/>
      </symbol>
      <symbol id="sm-3b0">
         <name>SysCtl_enableGlitchFilter</name>
         <value>0x1f1d</value>
         <object_component_ref idref="oc-df"/>
      </symbol>
      <symbol id="sm-3b1">
         <name>SysCtl_enableSRAMBankRetention</name>
         <value>0x1e67</value>
         <object_component_ref idref="oc-df"/>
      </symbol>
      <symbol id="sm-3cc">
         <name>WDT_A_setTimeoutReset</name>
         <value>0x2195</value>
         <object_component_ref idref="oc-7b"/>
      </symbol>
      <symbol id="sm-3cd">
         <name>WDT_A_registerInterrupt</name>
         <value>0x21a1</value>
         <object_component_ref idref="oc-7b"/>
      </symbol>
      <symbol id="sm-3ce">
         <name>WDT_A_setPasswordViolationReset</name>
         <value>0x2189</value>
         <object_component_ref idref="oc-7b"/>
      </symbol>
      <symbol id="sm-3cf">
         <name>WDT_A_initIntervalTimer</name>
         <value>0x216d</value>
         <object_component_ref idref="oc-7b"/>
      </symbol>
      <symbol id="sm-3d0">
         <name>WDT_A_clearTimer</name>
         <value>0x2131</value>
         <object_component_ref idref="oc-7b"/>
      </symbol>
      <symbol id="sm-3d1">
         <name>WDT_A_holdTimer</name>
         <value>0x20f1</value>
         <object_component_ref idref="oc-7b"/>
      </symbol>
      <symbol id="sm-3d2">
         <name>WDT_A_initWatchdogTimer</name>
         <value>0x2151</value>
         <object_component_ref idref="oc-7b"/>
      </symbol>
      <symbol id="sm-3d3">
         <name>WDT_A_startTimer</name>
         <value>0x2111</value>
         <object_component_ref idref="oc-7b"/>
      </symbol>
      <symbol id="sm-3d4">
         <name>WDT_A_unregisterInterrupt</name>
         <value>0x21b5</value>
         <object_component_ref idref="oc-7b"/>
      </symbol>
      <symbol id="sm-3e6">
         <name>_c_int00</name>
         <value>0x23b9</value>
         <object_component_ref idref="oc-25"/>
      </symbol>
      <symbol id="sm-3e7">
         <name>__stack</name>
         <value>0x2000fe00</value>
         <object_component_ref idref="oc-2a"/>
      </symbol>
      <symbol id="sm-3fe">
         <name>__TI_decompress_none</name>
         <value>0x2547</value>
         <object_component_ref idref="oc-13"/>
      </symbol>
      <symbol id="sm-426">
         <name>__TI_decompress_rle24</name>
         <value>0x2561</value>
         <object_component_ref idref="oc-19"/>
      </symbol>
      <symbol id="sm-438">
         <name>__TI_zero_init</name>
         <value>0x2555</value>
         <object_component_ref idref="oc-1f"/>
      </symbol>
      <symbol id="sm-457">
         <name>C$$EXIT</name>
         <value>0x2455</value>
         <object_component_ref idref="oc-71"/>
      </symbol>
      <symbol id="sm-458">
         <name>abort</name>
         <value>0x2459</value>
         <object_component_ref idref="oc-71"/>
      </symbol>
      <symbol id="sm-459">
         <name>exit</name>
         <value>0x2461</value>
         <object_component_ref idref="oc-71"/>
      </symbol>
      <symbol id="sm-45a">
         <name>__TI_dtors_ptr</name>
         <value>0x200000f0</value>
         <object_component_ref idref="oc-d7"/>
      </symbol>
      <symbol id="sm-45b">
         <name>__TI_cleanup_ptr</name>
         <value>0x200000ec</value>
         <object_component_ref idref="oc-d7"/>
      </symbol>
      <symbol id="sm-476">
         <name>memcpy</name>
         <value>0x21c9</value>
         <object_component_ref idref="oc-3a"/>
      </symbol>
      <symbol id="sm-477">
         <name>__aeabi_memcpy</name>
         <value>0x21c9</value>
         <object_component_ref idref="oc-3a"/>
      </symbol>
      <symbol id="sm-478">
         <name>__aeabi_memcpy8</name>
         <value>0x21c9</value>
         <object_component_ref idref="oc-3a"/>
      </symbol>
      <symbol id="sm-479">
         <name>__aeabi_memcpy4</name>
         <value>0x21c9</value>
         <object_component_ref idref="oc-3a"/>
      </symbol>
      <symbol id="sm-488">
         <name>__aeabi_memset</name>
         <value>0x2267</value>
         <object_component_ref idref="oc-53"/>
      </symbol>
      <symbol id="sm-489">
         <name>memset</name>
         <value>0x226d</value>
         <object_component_ref idref="oc-53"/>
      </symbol>
      <symbol id="sm-48a">
         <name>__aeabi_memset8</name>
         <value>0x2267</value>
         <object_component_ref idref="oc-53"/>
      </symbol>
      <symbol id="sm-48b">
         <name>__aeabi_memset4</name>
         <value>0x2267</value>
         <object_component_ref idref="oc-53"/>
      </symbol>
      <symbol id="sm-48c">
         <name>__aeabi_memclr8</name>
         <value>0x2265</value>
         <object_component_ref idref="oc-53"/>
      </symbol>
      <symbol id="sm-48d">
         <name>__aeabi_memclr4</name>
         <value>0x2265</value>
         <object_component_ref idref="oc-53"/>
      </symbol>
      <symbol id="sm-48e">
         <name>__aeabi_memclr</name>
         <value>0x2265</value>
         <object_component_ref idref="oc-53"/>
      </symbol>
      <symbol id="sm-498">
         <name>_system_pre_init</name>
         <value>0x2567</value>
         <object_component_ref idref="oc-5f"/>
      </symbol>
      <symbol id="sm-4a0">
         <name>main_func_sp</name>
         <value>0x200000f4</value>
         <object_component_ref idref="oc-77"/>
      </symbol>
      <symbol id="sm-4b9">
         <name>_nop</name>
         <value>0x252f</value>
         <object_component_ref idref="oc-12f"/>
      </symbol>
      <symbol id="sm-4ba">
         <name>_lock</name>
         <value>0x200000e4</value>
         <object_component_ref idref="oc-d4"/>
      </symbol>
      <symbol id="sm-4bb">
         <name>_unlock</name>
         <value>0x200000e8</value>
         <object_component_ref idref="oc-d4"/>
      </symbol>
      <symbol id="sm-4bc">
         <name>_register_lock</name>
         <value>0x2527</value>
         <object_component_ref idref="oc-12f"/>
      </symbol>
      <symbol id="sm-4bd">
         <name>_register_unlock</name>
         <value>0x2521</value>
         <object_component_ref idref="oc-12f"/>
      </symbol>
      <symbol id="sm-4d2">
         <name>_args_main</name>
         <value>0x2509</value>
         <object_component_ref idref="oc-6b"/>
      </symbol>
      <symbol id="sm-4f8">
         <name>__TI_auto_init</name>
         <value>0x22e1</value>
         <object_component_ref idref="oc-65"/>
      </symbol>
      <symbol id="sm-512">
         <name>copy_in</name>
         <value>0x2409</value>
         <object_component_ref idref="oc-c4"/>
      </symbol>
      <symbol id="sm-513">
         <name>__TI_static_base__</name>
         <value>0x0</value>
      </symbol>
      <symbol id="sm-516">
         <name>SHT$$INIT_ARRAY$$Limit</name>
         <value>0x0</value>
      </symbol>
      <symbol id="sm-517">
         <name>SHT$$INIT_ARRAY$$Base</name>
         <value>0x0</value>
      </symbol>
   </symbol_table>
   <title>Link successful</title>
</link_info>
